2025-06-14T04:00:23.6197472Z Current runner version: '2.325.0'
2025-06-14T04:00:23.6221207Z ##[group]Runner Image Provisioner
2025-06-14T04:00:23.6222162Z Hosted Compute Agent
2025-06-14T04:00:23.6222745Z Version: 20250529.345
2025-06-14T04:00:23.6223319Z Commit: 22237e57af968c281070ffa8ed912c1b754f9a23
2025-06-14T04:00:23.6224047Z Build Date: 2025-05-29T20:18:30Z
2025-06-14T04:00:23.6224636Z ##[endgroup]
2025-06-14T04:00:23.6225206Z ##[group]Operating System
2025-06-14T04:00:23.6225729Z Ubuntu
2025-06-14T04:00:23.6226284Z 24.04.2
2025-06-14T04:00:23.6226744Z LTS
2025-06-14T04:00:23.6227143Z ##[endgroup]
2025-06-14T04:00:23.6227692Z ##[group]Runner Image
2025-06-14T04:00:23.6228214Z Image: ubuntu-24.04
2025-06-14T04:00:23.6228702Z Version: 20250602.3.0
2025-06-14T04:00:23.6229903Z Included Software: https://github.com/actions/runner-images/blob/ubuntu24/20250602.3/images/ubuntu/Ubuntu2404-Readme.md
2025-06-14T04:00:23.6231442Z Image Release: https://github.com/actions/runner-images/releases/tag/ubuntu24%2F20250602.3
2025-06-14T04:00:23.6232445Z ##[endgroup]
2025-06-14T04:00:23.6233510Z ##[group]GITHUB_TOKEN Permissions
2025-06-14T04:00:23.6235363Z Contents: read
2025-06-14T04:00:23.6235888Z Metadata: read
2025-06-14T04:00:23.6236395Z Packages: read
2025-06-14T04:00:23.6236928Z ##[endgroup]
2025-06-14T04:00:23.6239684Z Secret source: Actions
2025-06-14T04:00:23.6240740Z Prepare workflow directory
2025-06-14T04:00:23.6639873Z Prepare all required actions
2025-06-14T04:00:23.6696105Z Getting action download info
2025-06-14T04:00:24.0922125Z ##[group]Download immutable action package 'actions/checkout@v4'
2025-06-14T04:00:24.0923292Z Version: 4.2.2
2025-06-14T04:00:24.0924409Z Digest: sha256:ccb2698953eaebd21c7bf6268a94f9c26518a7e38e27e0b83c1fe1ad049819b1
2025-06-14T04:00:24.0925726Z Source commit SHA: 11bd71901bbe5b1630ceea73d27597364c9af683
2025-06-14T04:00:24.0926441Z ##[endgroup]
2025-06-14T04:00:24.1916548Z ##[group]Download immutable action package 'actions/setup-node@v4'
2025-06-14T04:00:24.1917354Z Version: 4.4.0
2025-06-14T04:00:24.1918197Z Digest: sha256:9427cefe82346e992fb5b949e3569b39d537ae41aa3086483b14eceebfc16bc1
2025-06-14T04:00:24.1919438Z Source commit SHA: 49933ea5288caeca8642d1e84afbd3f7d6820020
2025-06-14T04:00:24.1920111Z ##[endgroup]
2025-06-14T04:00:24.3439889Z ##[group]Download immutable action package 'actions/upload-artifact@v4'
2025-06-14T04:00:24.3440848Z Version: 4.6.2
2025-06-14T04:00:24.3441595Z Digest: sha256:290722aa3281d5caf23d0acdc3dbeb3424786a1a01a9cc97e72f147225e37c38
2025-06-14T04:00:24.3442599Z Source commit SHA: ea165f8d65b6e75b540449e92b4886f43607fa02
2025-06-14T04:00:24.3443376Z ##[endgroup]
2025-06-14T04:00:24.6048638Z Complete job name: Comprehensive Accessibility Scan
2025-06-14T04:00:24.6788437Z ##[group]Run actions/checkout@v4
2025-06-14T04:00:24.6789715Z with:
2025-06-14T04:00:24.6790205Z   repository: seanmac5291/NCAA-D1-Softball-WebApp
2025-06-14T04:00:24.6790931Z   token: ***
2025-06-14T04:00:24.6791329Z   ssh-strict: true
2025-06-14T04:00:24.6791719Z   ssh-user: git
2025-06-14T04:00:24.6792116Z   persist-credentials: true
2025-06-14T04:00:24.6792591Z   clean: true
2025-06-14T04:00:24.6792988Z   sparse-checkout-cone-mode: true
2025-06-14T04:00:24.6793482Z   fetch-depth: 1
2025-06-14T04:00:24.6793872Z   fetch-tags: false
2025-06-14T04:00:24.6794282Z   show-progress: true
2025-06-14T04:00:24.6794679Z   lfs: false
2025-06-14T04:00:24.6795056Z   submodules: false
2025-06-14T04:00:24.6795473Z   set-safe-directory: true
2025-06-14T04:00:24.6796126Z env:
2025-06-14T04:00:24.6796641Z   ACCESSIBILITY_CONFIG_PATH: .github/accessibility-config.yml
2025-06-14T04:00:24.6797412Z   DEFAULT_TARGET_URL: https://ncaa-d1-softball.netlify.app/
2025-06-14T04:00:24.6798041Z   NODE_VERSION: 20
2025-06-14T04:00:24.6798465Z   REPORT_DIR: accessibility-reports
2025-06-14T04:00:24.6799129Z ##[endgroup]
2025-06-14T04:00:24.7866053Z Syncing repository: seanmac5291/NCAA-D1-Softball-WebApp
2025-06-14T04:00:24.7867859Z ##[group]Getting Git version info
2025-06-14T04:00:24.7868731Z Working directory is '/home/runner/work/NCAA-D1-Softball-WebApp/NCAA-D1-Softball-WebApp'
2025-06-14T04:00:24.7870566Z [command]/usr/bin/git version
2025-06-14T04:00:24.7928576Z git version 2.49.0
2025-06-14T04:00:24.7954941Z ##[endgroup]
2025-06-14T04:00:24.7976198Z Temporarily overriding HOME='/home/runner/work/_temp/d03bfdb0-53cd-4034-965e-805a297678f3' before making global git config changes
2025-06-14T04:00:24.7977945Z Adding repository directory to the temporary git global config as a safe directory
2025-06-14T04:00:24.7982012Z [command]/usr/bin/git config --global --add safe.directory /home/runner/work/NCAA-D1-Softball-WebApp/NCAA-D1-Softball-WebApp
2025-06-14T04:00:24.8015466Z Deleting the contents of '/home/runner/work/NCAA-D1-Softball-WebApp/NCAA-D1-Softball-WebApp'
2025-06-14T04:00:24.8018702Z ##[group]Initializing the repository
2025-06-14T04:00:24.8023072Z [command]/usr/bin/git init /home/runner/work/NCAA-D1-Softball-WebApp/NCAA-D1-Softball-WebApp
2025-06-14T04:00:24.8082840Z hint: Using 'master' as the name for the initial branch. This default branch name
2025-06-14T04:00:24.8084235Z hint: is subject to change. To configure the initial branch name to use in all
2025-06-14T04:00:24.8085875Z hint: of your new repositories, which will suppress this warning, call:
2025-06-14T04:00:24.8087054Z hint:
2025-06-14T04:00:24.8087798Z hint: 	git config --global init.defaultBranch <name>
2025-06-14T04:00:24.8088965Z hint:
2025-06-14T04:00:24.8089600Z hint: Names commonly chosen instead of 'master' are 'main', 'trunk' and
2025-06-14T04:00:24.8090488Z hint: 'development'. The just-created branch can be renamed via this command:
2025-06-14T04:00:24.8091172Z hint:
2025-06-14T04:00:24.8091559Z hint: 	git branch -m <name>
2025-06-14T04:00:24.8092479Z Initialized empty Git repository in /home/runner/work/NCAA-D1-Softball-WebApp/NCAA-D1-Softball-WebApp/.git/
2025-06-14T04:00:24.8099403Z [command]/usr/bin/git remote add origin https://github.com/seanmac5291/NCAA-D1-Softball-WebApp
2025-06-14T04:00:24.8145067Z ##[endgroup]
2025-06-14T04:00:24.8145867Z ##[group]Disabling automatic garbage collection
2025-06-14T04:00:24.8149128Z [command]/usr/bin/git config --local gc.auto 0
2025-06-14T04:00:24.8176557Z ##[endgroup]
2025-06-14T04:00:24.8177212Z ##[group]Setting up auth
2025-06-14T04:00:24.8183395Z [command]/usr/bin/git config --local --name-only --get-regexp core\.sshCommand
2025-06-14T04:00:24.8213355Z [command]/usr/bin/git submodule foreach --recursive sh -c "git config --local --name-only --get-regexp 'core\.sshCommand' && git config --local --unset-all 'core.sshCommand' || :"
2025-06-14T04:00:24.8486530Z [command]/usr/bin/git config --local --name-only --get-regexp http\.https\:\/\/github\.com\/\.extraheader
2025-06-14T04:00:24.8515328Z [command]/usr/bin/git submodule foreach --recursive sh -c "git config --local --name-only --get-regexp 'http\.https\:\/\/github\.com\/\.extraheader' && git config --local --unset-all 'http.https://github.com/.extraheader' || :"
2025-06-14T04:00:24.8733774Z [command]/usr/bin/git config --local http.https://github.com/.extraheader AUTHORIZATION: basic ***
2025-06-14T04:00:24.8769521Z ##[endgroup]
2025-06-14T04:00:24.8770364Z ##[group]Fetching the repository
2025-06-14T04:00:24.8777400Z [command]/usr/bin/git -c protocol.version=2 fetch --no-tags --prune --no-recurse-submodules --depth=1 origin +d86755950c8431157a043e20310fbee1c3331d67:refs/remotes/origin/main
2025-06-14T04:00:25.5285829Z From https://github.com/seanmac5291/NCAA-D1-Softball-WebApp
2025-06-14T04:00:25.5288315Z  * [new ref]         d86755950c8431157a043e20310fbee1c3331d67 -> origin/main
2025-06-14T04:00:25.5311000Z ##[endgroup]
2025-06-14T04:00:25.5312827Z ##[group]Determining the checkout info
2025-06-14T04:00:25.5314643Z ##[endgroup]
2025-06-14T04:00:25.5319367Z [command]/usr/bin/git sparse-checkout disable
2025-06-14T04:00:25.5358149Z [command]/usr/bin/git config --local --unset-all extensions.worktreeConfig
2025-06-14T04:00:25.5385635Z ##[group]Checking out the ref
2025-06-14T04:00:25.5389206Z [command]/usr/bin/git checkout --progress --force -B main refs/remotes/origin/main
2025-06-14T04:00:25.5521254Z Switched to a new branch 'main'
2025-06-14T04:00:25.5523957Z branch 'main' set up to track 'origin/main'.
2025-06-14T04:00:25.5531669Z ##[endgroup]
2025-06-14T04:00:25.5564891Z [command]/usr/bin/git log -1 --format=%H
2025-06-14T04:00:25.5586246Z d86755950c8431157a043e20310fbee1c3331d67
2025-06-14T04:00:25.5843985Z ##[group]Run actions/setup-node@v4
2025-06-14T04:00:25.5844934Z with:
2025-06-14T04:00:25.5845647Z   node-version: 20
2025-06-14T04:00:25.5846402Z   cache: npm
2025-06-14T04:00:25.5847124Z   always-auth: false
2025-06-14T04:00:25.5847906Z   check-latest: false
2025-06-14T04:00:25.5849045Z   token: ***
2025-06-14T04:00:25.5849777Z env:
2025-06-14T04:00:25.5850644Z   ACCESSIBILITY_CONFIG_PATH: .github/accessibility-config.yml
2025-06-14T04:00:25.5851836Z   DEFAULT_TARGET_URL: https://ncaa-d1-softball.netlify.app/
2025-06-14T04:00:25.5852862Z   NODE_VERSION: 20
2025-06-14T04:00:25.5853648Z   REPORT_DIR: accessibility-reports
2025-06-14T04:00:25.5854515Z ##[endgroup]
2025-06-14T04:00:25.8080331Z Found in cache @ /opt/hostedtoolcache/node/20.19.2/x64
2025-06-14T04:00:25.8086025Z ##[group]Environment details
2025-06-14T04:00:28.5637561Z node: v20.19.2
2025-06-14T04:00:28.5637978Z npm: 10.8.2
2025-06-14T04:00:28.5638165Z yarn: 1.22.22
2025-06-14T04:00:28.5650483Z ##[endgroup]
2025-06-14T04:00:28.5667000Z [command]/opt/hostedtoolcache/node/20.19.2/x64/bin/npm config get cache
2025-06-14T04:00:28.9243921Z /home/runner/.npm
2025-06-14T04:00:29.2076056Z Cache hit for: node-cache-Linux-x64-npm-f9e8e639531977583d10b932bc63d8916463b1edc06cbf7427c261d49aa5e588
2025-06-14T04:00:30.5286770Z Received 4194304 of 68166020 (6.2%), 4.0 MBs/sec
2025-06-14T04:00:31.1576763Z Received 68166020 of 68166020 (100.0%), 39.9 MBs/sec
2025-06-14T04:00:31.1577960Z Cache Size: ~65 MB (68166020 B)
2025-06-14T04:00:31.1704951Z [command]/usr/bin/tar -xf /home/runner/work/_temp/be315974-688f-4deb-9973-7c4510853ab9/cache.tzst -P -C /home/runner/work/NCAA-D1-Softball-WebApp/NCAA-D1-Softball-WebApp --use-compress-program unzstd
2025-06-14T04:00:31.5021679Z Cache restored successfully
2025-06-14T04:00:31.5173478Z Cache restored from key: node-cache-Linux-x64-npm-f9e8e639531977583d10b932bc63d8916463b1edc06cbf7427c261d49aa5e588
2025-06-14T04:00:31.5379962Z ##[group]Run npm ci
2025-06-14T04:00:31.5380286Z [36;1mnpm ci[0m
2025-06-14T04:00:31.5452072Z shell: /usr/bin/bash -e {0}
2025-06-14T04:00:31.5452331Z env:
2025-06-14T04:00:31.5452601Z   ACCESSIBILITY_CONFIG_PATH: .github/accessibility-config.yml
2025-06-14T04:00:31.5453107Z   DEFAULT_TARGET_URL: https://ncaa-d1-softball.netlify.app/
2025-06-14T04:00:31.5453438Z   NODE_VERSION: 20
2025-06-14T04:00:31.5453666Z   REPORT_DIR: accessibility-reports
2025-06-14T04:00:31.5453903Z ##[endgroup]
2025-06-14T04:00:35.6612481Z 
2025-06-14T04:00:35.6622061Z added 249 packages, and audited 250 packages in 4s
2025-06-14T04:00:35.6622570Z 
2025-06-14T04:00:35.6622900Z 50 packages are looking for funding
2025-06-14T04:00:35.6623459Z   run `npm fund` for details
2025-06-14T04:00:35.6632853Z 
2025-06-14T04:00:35.6633287Z 1 low severity vulnerability
2025-06-14T04:00:35.6633500Z 
2025-06-14T04:00:35.6633637Z To address all issues, run:
2025-06-14T04:00:35.6633871Z   npm audit fix
2025-06-14T04:00:35.6634086Z 
2025-06-14T04:00:35.6634206Z Run `npm audit` for details.
2025-06-14T04:00:35.6859086Z ##[group]Run mkdir -p accessibility-reports
2025-06-14T04:00:35.6859521Z [36;1mmkdir -p accessibility-reports[0m
2025-06-14T04:00:35.6909414Z shell: /usr/bin/bash -e {0}
2025-06-14T04:00:35.6909691Z env:
2025-06-14T04:00:35.6909983Z   ACCESSIBILITY_CONFIG_PATH: .github/accessibility-config.yml
2025-06-14T04:00:35.6910448Z   DEFAULT_TARGET_URL: https://ncaa-d1-softball.netlify.app/
2025-06-14T04:00:35.6910801Z   NODE_VERSION: 20
2025-06-14T04:00:35.6911043Z   REPORT_DIR: accessibility-reports
2025-06-14T04:00:35.6911311Z ##[endgroup]
2025-06-14T04:00:35.7014096Z ##[group]Run echo "Installing global accessibility tools..."
2025-06-14T04:00:35.7014531Z [36;1mecho "Installing global accessibility tools..."[0m
2025-06-14T04:00:35.7015050Z [36;1mnpm install -g pa11y @axe-core/cli lighthouse[0m
2025-06-14T04:00:35.7015330Z [36;1m[0m
2025-06-14T04:00:35.7015555Z [36;1mecho "Installing Playwright dependencies..."[0m
2025-06-14T04:00:35.7015904Z [36;1mnpm install @axe-core/playwright --save-dev --no-save[0m
2025-06-14T04:00:35.7016204Z [36;1m[0m
2025-06-14T04:00:35.7016424Z [36;1mecho "Verifying Playwright installation..."[0m
2025-06-14T04:00:35.7016770Z [36;1mif npm list @axe-core/playwright >/dev/null 2>&1; then[0m
2025-06-14T04:00:35.7017131Z [36;1m  echo "âœ… @axe-core/playwright installed successfully"[0m
2025-06-14T04:00:35.7017423Z [36;1melse[0m
2025-06-14T04:00:35.7017655Z [36;1m  echo "âŒ @axe-core/playwright installation failed"[0m
2025-06-14T04:00:35.7017926Z [36;1mfi[0m
2025-06-14T04:00:35.7063039Z shell: /usr/bin/bash -e {0}
2025-06-14T04:00:35.7063285Z env:
2025-06-14T04:00:35.7063540Z   ACCESSIBILITY_CONFIG_PATH: .github/accessibility-config.yml
2025-06-14T04:00:35.7063957Z   DEFAULT_TARGET_URL: https://ncaa-d1-softball.netlify.app/
2025-06-14T04:00:35.7064289Z   NODE_VERSION: 20
2025-06-14T04:00:35.7064492Z   REPORT_DIR: accessibility-reports
2025-06-14T04:00:35.7064727Z ##[endgroup]
2025-06-14T04:00:35.7129413Z Installing global accessibility tools...
2025-06-14T04:00:49.4209246Z 
2025-06-14T04:00:49.4210226Z added 382 packages in 14s
2025-06-14T04:00:49.4210874Z 
2025-06-14T04:00:49.4212009Z 18 packages are looking for funding
2025-06-14T04:00:49.4212819Z   run `npm fund` for details
2025-06-14T04:00:49.4533673Z Installing Playwright dependencies...
2025-06-14T04:00:50.7761997Z 
2025-06-14T04:00:50.7762886Z up to date, audited 250 packages in 1s
2025-06-14T04:00:50.7763313Z 
2025-06-14T04:00:50.7763891Z 50 packages are looking for funding
2025-06-14T04:00:50.7764364Z   run `npm fund` for details
2025-06-14T04:00:50.7780407Z 
2025-06-14T04:00:50.7781039Z 1 low severity vulnerability
2025-06-14T04:00:50.7781538Z 
2025-06-14T04:00:50.7781854Z To address all issues, run:
2025-06-14T04:00:50.7782976Z   npm audit fix
2025-06-14T04:00:50.7783502Z 
2025-06-14T04:00:50.7783918Z Run `npm audit` for details.
2025-06-14T04:00:50.7923634Z Verifying Playwright installation...
2025-06-14T04:00:51.2372498Z âœ… @axe-core/playwright installed successfully
2025-06-14T04:00:51.2399696Z ##[group]Run npx playwright install chromium --with-deps || echo "Browser installation failed, continuing with other tools"
2025-06-14T04:00:51.2400536Z [36;1mnpx playwright install chromium --with-deps || echo "Browser installation failed, continuing with other tools"[0m
2025-06-14T04:00:51.2452384Z shell: /usr/bin/bash -e {0}
2025-06-14T04:00:51.2452619Z env:
2025-06-14T04:00:51.2452926Z   ACCESSIBILITY_CONFIG_PATH: .github/accessibility-config.yml
2025-06-14T04:00:51.2453397Z   DEFAULT_TARGET_URL: https://ncaa-d1-softball.netlify.app/
2025-06-14T04:00:51.2453718Z   NODE_VERSION: 20
2025-06-14T04:00:51.2454004Z   REPORT_DIR: accessibility-reports
2025-06-14T04:00:51.2454247Z ##[endgroup]
2025-06-14T04:00:52.0748062Z Installing dependencies...
2025-06-14T04:00:52.0841729Z Switching to root user to install dependencies...
2025-06-14T04:00:52.2478472Z Get:1 file:/etc/apt/apt-mirrors.txt Mirrorlist [144 B]
2025-06-14T04:00:52.2635172Z Get:3 https://packages.microsoft.com/repos/azure-cli noble InRelease [3564 B]
2025-06-14T04:00:52.3091267Z Get:4 https://packages.microsoft.com/ubuntu/24.04/prod noble InRelease [3600 B]
2025-06-14T04:00:52.3092786Z Hit:2 http://azure.archive.ubuntu.com/ubuntu noble InRelease
2025-06-14T04:00:52.3139310Z Get:5 http://azure.archive.ubuntu.com/ubuntu noble-updates InRelease [126 kB]
2025-06-14T04:00:52.3160691Z Get:6 http://azure.archive.ubuntu.com/ubuntu noble-backports InRelease [126 kB]
2025-06-14T04:00:52.3207282Z Get:7 http://azure.archive.ubuntu.com/ubuntu noble-security InRelease [126 kB]
2025-06-14T04:00:52.4658406Z Get:8 https://packages.microsoft.com/repos/azure-cli noble/main amd64 Packages [1377 B]
2025-06-14T04:00:52.5194221Z Get:9 https://packages.microsoft.com/ubuntu/24.04/prod noble/main armhf Packages [8545 B]
2025-06-14T04:00:52.5242942Z Get:10 https://packages.microsoft.com/ubuntu/24.04/prod noble/main amd64 Packages [34.5 kB]
2025-06-14T04:00:52.5283372Z Get:11 https://packages.microsoft.com/ubuntu/24.04/prod noble/main arm64 Packages [21.7 kB]
2025-06-14T04:00:52.6481460Z Get:12 http://azure.archive.ubuntu.com/ubuntu noble-updates/main amd64 Packages [1118 kB]
2025-06-14T04:00:52.6585526Z Get:13 http://azure.archive.ubuntu.com/ubuntu noble-updates/main Translation-en [238 kB]
2025-06-14T04:00:52.6614020Z Get:14 http://azure.archive.ubuntu.com/ubuntu noble-updates/main amd64 Components [161 kB]
2025-06-14T04:00:52.6656371Z Get:15 http://azure.archive.ubuntu.com/ubuntu noble-updates/universe amd64 Packages [1080 kB]
2025-06-14T04:00:52.6731254Z Get:16 http://azure.archive.ubuntu.com/ubuntu noble-updates/universe Translation-en [274 kB]
2025-06-14T04:00:52.6765672Z Get:17 http://azure.archive.ubuntu.com/ubuntu noble-updates/universe amd64 Components [376 kB]
2025-06-14T04:00:52.6796195Z Get:18 http://azure.archive.ubuntu.com/ubuntu noble-updates/restricted amd64 Packages [1179 kB]
2025-06-14T04:00:52.6885999Z Get:19 http://azure.archive.ubuntu.com/ubuntu noble-updates/restricted Translation-en [245 kB]
2025-06-14T04:00:52.6897366Z Get:20 http://azure.archive.ubuntu.com/ubuntu noble-updates/restricted amd64 Components [212 B]
2025-06-14T04:00:52.6910643Z Get:21 http://azure.archive.ubuntu.com/ubuntu noble-updates/multiverse amd64 Components [940 B]
2025-06-14T04:00:52.7433071Z Get:22 http://azure.archive.ubuntu.com/ubuntu noble-backports/main amd64 Components [7064 B]
2025-06-14T04:00:52.7451401Z Get:23 http://azure.archive.ubuntu.com/ubuntu noble-backports/universe amd64 Components [16.4 kB]
2025-06-14T04:00:52.7465687Z Get:24 http://azure.archive.ubuntu.com/ubuntu noble-backports/restricted amd64 Components [216 B]
2025-06-14T04:00:52.7481506Z Get:25 http://azure.archive.ubuntu.com/ubuntu noble-backports/multiverse amd64 Components [212 B]
2025-06-14T04:00:52.7574966Z Get:26 http://azure.archive.ubuntu.com/ubuntu noble-security/main amd64 Packages [868 kB]
2025-06-14T04:00:52.7629004Z Get:27 http://azure.archive.ubuntu.com/ubuntu noble-security/main Translation-en [160 kB]
2025-06-14T04:00:52.7654298Z Get:28 http://azure.archive.ubuntu.com/ubuntu noble-security/main amd64 Components [21.5 kB]
2025-06-14T04:00:52.7669193Z Get:29 http://azure.archive.ubuntu.com/ubuntu noble-security/universe amd64 Packages [851 kB]
2025-06-14T04:00:52.7719482Z Get:30 http://azure.archive.ubuntu.com/ubuntu noble-security/universe Translation-en [187 kB]
2025-06-14T04:00:52.7740725Z Get:31 http://azure.archive.ubuntu.com/ubuntu noble-security/universe amd64 Components [52.3 kB]
2025-06-14T04:00:52.7754744Z Get:32 http://azure.archive.ubuntu.com/ubuntu noble-security/restricted amd64 Components [212 B]
2025-06-14T04:00:52.7766699Z Get:33 http://azure.archive.ubuntu.com/ubuntu noble-security/multiverse amd64 Components [212 B]
2025-06-14T04:01:00.5979864Z Fetched 7287 kB in 1s (6152 kB/s)
2025-06-14T04:01:01.2613930Z Reading package lists...
2025-06-14T04:01:01.2872723Z Reading package lists...
2025-06-14T04:01:01.4567152Z Building dependency tree...
2025-06-14T04:01:01.4574406Z Reading state information...
2025-06-14T04:01:01.6179035Z libasound2t64 is already the newest version (1.2.11-1build2).
2025-06-14T04:01:01.6179973Z libasound2t64 set to manually installed.
2025-06-14T04:01:01.6180893Z libatk-bridge2.0-0t64 is already the newest version (2.52.0-1build1).
2025-06-14T04:01:01.6181625Z libatk-bridge2.0-0t64 set to manually installed.
2025-06-14T04:01:01.6182184Z libatk1.0-0t64 is already the newest version (2.52.0-1build1).
2025-06-14T04:01:01.6182685Z libatk1.0-0t64 set to manually installed.
2025-06-14T04:01:01.6183294Z libatspi2.0-0t64 is already the newest version (2.52.0-1build1).
2025-06-14T04:01:01.6183804Z libatspi2.0-0t64 set to manually installed.
2025-06-14T04:01:01.6184319Z libcairo2 is already the newest version (1.18.0-3build1).
2025-06-14T04:01:01.6185066Z libcairo2 set to manually installed.
2025-06-14T04:01:01.6186158Z libcups2t64 is already the newest version (2.4.7-1.2ubuntu7.3).
2025-06-14T04:01:01.6186712Z libcups2t64 set to manually installed.
2025-06-14T04:01:01.6187259Z libdbus-1-3 is already the newest version (1.14.10-4ubuntu4.1).
2025-06-14T04:01:01.6187788Z libdbus-1-3 set to manually installed.
2025-06-14T04:01:01.6188336Z libdrm2 is already the newest version (2.4.122-1~ubuntu0.24.04.1).
2025-06-14T04:01:01.6189020Z libdrm2 set to manually installed.
2025-06-14T04:01:01.6189528Z libgbm1 is already the newest version (24.2.8-1ubuntu1~24.04.1).
2025-06-14T04:01:01.6189963Z libgbm1 set to manually installed.
2025-06-14T04:01:01.6190395Z libnspr4 is already the newest version (2:4.35-1.1build1).
2025-06-14T04:01:01.6190821Z libnspr4 set to manually installed.
2025-06-14T04:01:01.6191385Z libnss3 is already the newest version (2:3.98-1build1).
2025-06-14T04:01:01.6191790Z libnss3 set to manually installed.
2025-06-14T04:01:01.6192245Z libpango-1.0-0 is already the newest version (1.52.1+ds-1build1).
2025-06-14T04:01:01.6192706Z libpango-1.0-0 set to manually installed.
2025-06-14T04:01:01.6193151Z libx11-6 is already the newest version (2:1.8.7-1build1).
2025-06-14T04:01:01.6193557Z libx11-6 set to manually installed.
2025-06-14T04:01:01.6193966Z libxcb1 is already the newest version (1.15-1ubuntu2).
2025-06-14T04:01:01.6194357Z libxcb1 set to manually installed.
2025-06-14T04:01:01.6194814Z libxcomposite1 is already the newest version (1:0.4.5-1build3).
2025-06-14T04:01:01.6195275Z libxcomposite1 set to manually installed.
2025-06-14T04:01:01.6195743Z libxdamage1 is already the newest version (1:1.1.6-1build1).
2025-06-14T04:01:01.6196178Z libxdamage1 set to manually installed.
2025-06-14T04:01:01.6196606Z libxext6 is already the newest version (2:1.3.4-1build2).
2025-06-14T04:01:01.6197014Z libxext6 set to manually installed.
2025-06-14T04:01:01.6197451Z libxfixes3 is already the newest version (1:6.0.0-2build1).
2025-06-14T04:01:01.6197880Z libxfixes3 set to manually installed.
2025-06-14T04:01:01.6198336Z libxkbcommon0 is already the newest version (1.6.0-1build1).
2025-06-14T04:01:01.6198882Z libxkbcommon0 set to manually installed.
2025-06-14T04:01:01.6199270Z libxrandr2 is already the newest version (2:1.5.2-2build1).
2025-06-14T04:01:01.6199835Z libxrandr2 set to manually installed.
2025-06-14T04:01:01.6200211Z xvfb is already the newest version (2:21.1.12-1ubuntu1.3).
2025-06-14T04:01:01.6200706Z fonts-noto-color-emoji is already the newest version (2.047-0ubuntu0.24.04.1).
2025-06-14T04:01:01.6201224Z libfontconfig1 is already the newest version (2.15.0-1.1ubuntu2).
2025-06-14T04:01:01.6201607Z libfontconfig1 set to manually installed.
2025-06-14T04:01:01.6202003Z libfreetype6 is already the newest version (2.13.2+dfsg-1build3).
2025-06-14T04:01:01.6202368Z libfreetype6 set to manually installed.
2025-06-14T04:01:01.6202748Z fonts-liberation is already the newest version (1:2.1.5-3).
2025-06-14T04:01:01.6203122Z fonts-liberation set to manually installed.
2025-06-14T04:01:01.6203525Z The following additional packages will be installed:
2025-06-14T04:01:01.6203984Z   gir1.2-glib-2.0 libglib2.0-bin libglib2.0-data xfonts-encodings xfonts-utils
2025-06-14T04:01:01.6204352Z Suggested packages:
2025-06-14T04:01:01.6204553Z   low-memory-monitor
2025-06-14T04:01:01.6204773Z Recommended packages:
2025-06-14T04:01:01.6205014Z   fonts-ipafont-mincho fonts-tlwg-loma
2025-06-14T04:01:01.6406333Z The following NEW packages will be installed:
2025-06-14T04:01:01.6406906Z   fonts-freefont-ttf fonts-ipafont-gothic fonts-tlwg-loma-otf fonts-unifont
2025-06-14T04:01:01.6414491Z   fonts-wqy-zenhei xfonts-cyrillic xfonts-encodings xfonts-scalable
2025-06-14T04:01:01.6414939Z   xfonts-utils
2025-06-14T04:01:01.6419100Z The following packages will be upgraded:
2025-06-14T04:01:01.6425336Z   gir1.2-glib-2.0 libglib2.0-0t64 libglib2.0-bin libglib2.0-data
2025-06-14T04:01:01.6599172Z 4 upgraded, 9 newly installed, 0 to remove and 45 not upgraded.
2025-06-14T04:01:01.6599874Z Need to get 23.0 MB of archives.
2025-06-14T04:01:01.6600912Z After this operation, 79.5 MB of additional disk space will be used.
2025-06-14T04:01:01.6601643Z Get:1 file:/etc/apt/apt-mirrors.txt Mirrorlist [144 B]
2025-06-14T04:01:01.7617256Z Get:2 http://azure.archive.ubuntu.com/ubuntu noble/universe amd64 fonts-ipafont-gothic all 00303-21ubuntu1 [3513 kB]
2025-06-14T04:01:02.1829013Z Get:3 http://azure.archive.ubuntu.com/ubuntu noble-updates/main amd64 libglib2.0-data all 2.80.0-6ubuntu3.4 [48.7 kB]
2025-06-14T04:01:02.2677253Z Get:4 http://azure.archive.ubuntu.com/ubuntu noble-updates/main amd64 libglib2.0-bin amd64 2.80.0-6ubuntu3.4 [97.9 kB]
2025-06-14T04:01:02.3577758Z Get:5 http://azure.archive.ubuntu.com/ubuntu noble-updates/main amd64 gir1.2-glib-2.0 amd64 2.80.0-6ubuntu3.4 [183 kB]
2025-06-14T04:01:02.4436865Z Get:6 http://azure.archive.ubuntu.com/ubuntu noble-updates/main amd64 libglib2.0-0t64 amd64 2.80.0-6ubuntu3.4 [1544 kB]
2025-06-14T04:01:02.7032798Z Get:7 http://azure.archive.ubuntu.com/ubuntu noble/main amd64 fonts-freefont-ttf all 20211204+svn4273-2 [5641 kB]
2025-06-14T04:01:03.3681178Z Get:8 http://azure.archive.ubuntu.com/ubuntu noble/universe amd64 fonts-tlwg-loma-otf all 1:0.7.3-1 [107 kB]
2025-06-14T04:01:03.4640616Z Get:9 http://azure.archive.ubuntu.com/ubuntu noble/universe amd64 fonts-unifont all 1:15.1.01-1build1 [2993 kB]
2025-06-14T04:01:03.8821586Z Get:10 http://azure.archive.ubuntu.com/ubuntu noble/universe amd64 fonts-wqy-zenhei all 0.9.45-8 [7472 kB]
2025-06-14T04:01:04.4705890Z Get:11 http://azure.archive.ubuntu.com/ubuntu noble/main amd64 xfonts-encodings all 1:1.0.5-0ubuntu2 [578 kB]
2025-06-14T04:01:04.6374917Z Get:12 http://azure.archive.ubuntu.com/ubuntu noble/main amd64 xfonts-utils amd64 1:7.7+6build3 [94.4 kB]
2025-06-14T04:01:04.7221259Z Get:13 http://azure.archive.ubuntu.com/ubuntu noble/universe amd64 xfonts-cyrillic all 1:1.0.5+nmu1 [384 kB]
2025-06-14T04:01:04.8861579Z Get:14 http://azure.archive.ubuntu.com/ubuntu noble/main amd64 xfonts-scalable all 1:1.0.3-1.3 [304 kB]
2025-06-14T04:01:05.1635055Z Fetched 23.0 MB in 3s (7084 kB/s)
2025-06-14T04:01:05.2560110Z Selecting previously unselected package fonts-ipafont-gothic.
2025-06-14T04:01:05.2884406Z (Reading database ... 
2025-06-14T04:01:05.2884873Z (Reading database ... 5%
2025-06-14T04:01:05.2885587Z (Reading database ... 10%
2025-06-14T04:01:05.2885998Z (Reading database ... 15%
2025-06-14T04:01:05.2886402Z (Reading database ... 20%
2025-06-14T04:01:05.2886796Z (Reading database ... 25%
2025-06-14T04:01:05.2887200Z (Reading database ... 30%
2025-06-14T04:01:05.2887561Z (Reading database ... 35%
2025-06-14T04:01:05.2887867Z (Reading database ... 40%
2025-06-14T04:01:05.2888126Z (Reading database ... 45%
2025-06-14T04:01:05.2888381Z (Reading database ... 50%
2025-06-14T04:01:05.5707421Z (Reading database ... 55%
2025-06-14T04:01:06.1572171Z (Reading database ... 60%
2025-06-14T04:01:06.5679495Z (Reading database ... 65%
2025-06-14T04:01:06.7327676Z (Reading database ... 70%
2025-06-14T04:01:06.9019118Z (Reading database ... 75%
2025-06-14T04:01:07.6056930Z (Reading database ... 80%
2025-06-14T04:01:08.9817736Z (Reading database ... 85%
2025-06-14T04:01:10.6642090Z (Reading database ... 90%
2025-06-14T04:01:11.7359947Z (Reading database ... 95%
2025-06-14T04:01:11.7360526Z (Reading database ... 100%
2025-06-14T04:01:11.7361127Z (Reading database ... 219155 files and directories currently installed.)
2025-06-14T04:01:11.7406417Z Preparing to unpack .../00-fonts-ipafont-gothic_00303-21ubuntu1_all.deb ...
2025-06-14T04:01:11.7497630Z Unpacking fonts-ipafont-gothic (00303-21ubuntu1) ...
2025-06-14T04:01:11.9928276Z Preparing to unpack .../01-libglib2.0-data_2.80.0-6ubuntu3.4_all.deb ...
2025-06-14T04:01:12.0006635Z Unpacking libglib2.0-data (2.80.0-6ubuntu3.4) over (2.80.0-6ubuntu3.2) ...
2025-06-14T04:01:12.0377601Z Preparing to unpack .../02-libglib2.0-bin_2.80.0-6ubuntu3.4_amd64.deb ...
2025-06-14T04:01:12.0417054Z Unpacking libglib2.0-bin (2.80.0-6ubuntu3.4) over (2.80.0-6ubuntu3.2) ...
2025-06-14T04:01:12.1366059Z Preparing to unpack .../03-gir1.2-glib-2.0_2.80.0-6ubuntu3.4_amd64.deb ...
2025-06-14T04:01:12.1414901Z Unpacking gir1.2-glib-2.0:amd64 (2.80.0-6ubuntu3.4) over (2.80.0-6ubuntu3.2) ...
2025-06-14T04:01:12.1876470Z Preparing to unpack .../04-libglib2.0-0t64_2.80.0-6ubuntu3.4_amd64.deb ...
2025-06-14T04:01:12.2197677Z Unpacking libglib2.0-0t64:amd64 (2.80.0-6ubuntu3.4) over (2.80.0-6ubuntu3.2) ...
2025-06-14T04:01:12.2665921Z Selecting previously unselected package fonts-freefont-ttf.
2025-06-14T04:01:12.2800756Z Preparing to unpack .../05-fonts-freefont-ttf_20211204+svn4273-2_all.deb ...
2025-06-14T04:01:12.2813811Z Unpacking fonts-freefont-ttf (20211204+svn4273-2) ...
2025-06-14T04:01:12.3759236Z Selecting previously unselected package fonts-tlwg-loma-otf.
2025-06-14T04:01:12.3891600Z Preparing to unpack .../06-fonts-tlwg-loma-otf_1%3a0.7.3-1_all.deb ...
2025-06-14T04:01:12.3902374Z Unpacking fonts-tlwg-loma-otf (1:0.7.3-1) ...
2025-06-14T04:01:12.4129272Z Selecting previously unselected package fonts-unifont.
2025-06-14T04:01:12.4261302Z Preparing to unpack .../07-fonts-unifont_1%3a15.1.01-1build1_all.deb ...
2025-06-14T04:01:12.4273512Z Unpacking fonts-unifont (1:15.1.01-1build1) ...
2025-06-14T04:01:12.5479404Z Selecting previously unselected package fonts-wqy-zenhei.
2025-06-14T04:01:12.5613919Z Preparing to unpack .../08-fonts-wqy-zenhei_0.9.45-8_all.deb ...
2025-06-14T04:01:12.5722387Z Unpacking fonts-wqy-zenhei (0.9.45-8) ...
2025-06-14T04:01:13.0356619Z Selecting previously unselected package xfonts-encodings.
2025-06-14T04:01:13.0488905Z Preparing to unpack .../09-xfonts-encodings_1%3a1.0.5-0ubuntu2_all.deb ...
2025-06-14T04:01:13.0502110Z Unpacking xfonts-encodings (1:1.0.5-0ubuntu2) ...
2025-06-14T04:01:13.0832144Z Selecting previously unselected package xfonts-utils.
2025-06-14T04:01:13.0963679Z Preparing to unpack .../10-xfonts-utils_1%3a7.7+6build3_amd64.deb ...
2025-06-14T04:01:13.0979946Z Unpacking xfonts-utils (1:7.7+6build3) ...
2025-06-14T04:01:13.1642673Z Selecting previously unselected package xfonts-cyrillic.
2025-06-14T04:01:13.1775075Z Preparing to unpack .../11-xfonts-cyrillic_1%3a1.0.5+nmu1_all.deb ...
2025-06-14T04:01:13.1788519Z Unpacking xfonts-cyrillic (1:1.0.5+nmu1) ...
2025-06-14T04:01:13.2185467Z Selecting previously unselected package xfonts-scalable.
2025-06-14T04:01:13.2319005Z Preparing to unpack .../12-xfonts-scalable_1%3a1.0.3-1.3_all.deb ...
2025-06-14T04:01:13.2345047Z Unpacking xfonts-scalable (1:1.0.3-1.3) ...
2025-06-14T04:01:13.2797042Z Setting up fonts-wqy-zenhei (0.9.45-8) ...
2025-06-14T04:01:13.2950620Z Setting up fonts-freefont-ttf (20211204+svn4273-2) ...
2025-06-14T04:01:13.2993883Z Setting up libglib2.0-0t64:amd64 (2.80.0-6ubuntu3.4) ...
2025-06-14T04:01:13.3450845Z Setting up libglib2.0-data (2.80.0-6ubuntu3.4) ...
2025-06-14T04:01:13.3479635Z Setting up fonts-tlwg-loma-otf (1:0.7.3-1) ...
2025-06-14T04:01:13.3519119Z Setting up xfonts-encodings (1:1.0.5-0ubuntu2) ...
2025-06-14T04:01:13.3546587Z Setting up gir1.2-glib-2.0:amd64 (2.80.0-6ubuntu3.4) ...
2025-06-14T04:01:13.3581131Z Setting up fonts-ipafont-gothic (00303-21ubuntu1) ...
2025-06-14T04:01:13.3655531Z update-alternatives: using /usr/share/fonts/opentype/ipafont-gothic/ipag.ttf to provide /usr/share/fonts/truetype/fonts-japanese-gothic.ttf (fonts-japanese-gothic.ttf) in auto mode
2025-06-14T04:01:13.3675020Z Setting up fonts-unifont (1:15.1.01-1build1) ...
2025-06-14T04:01:13.3703088Z Setting up libglib2.0-bin (2.80.0-6ubuntu3.4) ...
2025-06-14T04:01:13.3727916Z Setting up xfonts-utils (1:7.7+6build3) ...
2025-06-14T04:01:13.3776256Z Setting up xfonts-cyrillic (1:1.0.5+nmu1) ...
2025-06-14T04:01:13.4769795Z Setting up xfonts-scalable (1:1.0.3-1.3) ...
2025-06-14T04:01:13.5046432Z Processing triggers for libc-bin (2.39-0ubuntu8.4) ...
2025-06-14T04:01:18.4834525Z Processing triggers for man-db (2.12.0-4build2) ...
2025-06-14T04:02:27.5715003Z Processing triggers for fontconfig (2.15.0-1.1ubuntu2) ...
2025-06-14T04:02:29.0884646Z 
2025-06-14T04:02:29.0886768Z Running kernel seems to be up-to-date.
2025-06-14T04:02:29.0887166Z 
2025-06-14T04:02:29.0887355Z Restarting services...
2025-06-14T04:02:29.1372635Z  systemctl restart packagekit.service php8.3-fpm.service polkit.service udisks2.service
2025-06-14T04:02:29.2649962Z 
2025-06-14T04:02:29.2651030Z Service restarts being deferred:
2025-06-14T04:02:29.2651969Z  systemctl restart ModemManager.service
2025-06-14T04:02:29.2656521Z  systemctl restart hosted-compute-agent.service
2025-06-14T04:02:29.2657157Z  systemctl restart networkd-dispatcher.service
2025-06-14T04:02:29.2657500Z 
2025-06-14T04:02:29.2657739Z No containers need to be restarted.
2025-06-14T04:02:29.2658019Z 
2025-06-14T04:02:29.2658302Z No user sessions are running outdated binaries.
2025-06-14T04:02:29.2658627Z 
2025-06-14T04:02:29.2659300Z No VM guests are running outdated hypervisor (qemu) binaries on this host.
2025-06-14T04:02:30.1195239Z Downloading Chromium 138.0.7204.15 (playwright build v1178) from https://cdn.playwright.dev/dbazure/download/playwright/builds/chromium/1178/chromium-linux.zip
2025-06-14T04:02:30.4646572Z |                                                                                |   0% of 171.6 MiB
2025-06-14T04:02:30.6690216Z |â– â– â– â– â– â– â– â–                                                                         |  10% of 171.6 MiB
2025-06-14T04:02:30.8380885Z |â– â– â– â– â– â– â– â– â– â– â– â– â– â– â– â–                                                                 |  20% of 171.6 MiB
2025-06-14T04:02:31.1824042Z |â– â– â– â– â– â– â– â– â– â– â– â– â– â– â– â– â– â– â– â– â– â– â– â–                                                         |  30% of 171.6 MiB
2025-06-14T04:02:31.4430254Z |â– â– â– â– â– â– â– â– â– â– â– â– â– â– â– â– â– â– â– â– â– â– â– â– â– â– â– â– â– â– â– â–                                                 |  40% of 171.6 MiB
2025-06-14T04:02:31.6667956Z |â– â– â– â– â– â– â– â– â– â– â– â– â– â– â– â– â– â– â– â– â– â– â– â– â– â– â– â– â– â– â– â– â– â– â– â– â– â– â– â–                                         |  50% of 171.6 MiB
2025-06-14T04:02:31.9111724Z |â– â– â– â– â– â– â– â– â– â– â– â– â– â– â– â– â– â– â– â– â– â– â– â– â– â– â– â– â– â– â– â– â– â– â– â– â– â– â– â– â– â– â– â– â– â– â– â–                                 |  60% of 171.6 MiB
2025-06-14T04:02:32.1135240Z |â– â– â– â– â– â– â– â– â– â– â– â– â– â– â– â– â– â– â– â– â– â– â– â– â– â– â– â– â– â– â– â– â– â– â– â– â– â– â– â– â– â– â– â– â– â– â– â– â– â– â– â– â– â– â– â–                         |  70% of 171.6 MiB
2025-06-14T04:02:32.3422681Z |â– â– â– â– â– â– â– â– â– â– â– â– â– â– â– â– â– â– â– â– â– â– â– â– â– â– â– â– â– â– â– â– â– â– â– â– â– â– â– â– â– â– â– â– â– â– â– â– â– â– â– â– â– â– â– â– â– â– â– â– â– â– â– â–                 |  80% of 171.6 MiB
2025-06-14T04:02:32.5584208Z |â– â– â– â– â– â– â– â– â– â– â– â– â– â– â– â– â– â– â– â– â– â– â– â– â– â– â– â– â– â– â– â– â– â– â– â– â– â– â– â– â– â– â– â– â– â– â– â– â– â– â– â– â– â– â– â– â– â– â– â– â– â– â– â– â– â– â– â– â– â– â– â–         |  90% of 171.6 MiB
2025-06-14T04:02:32.8189312Z |â– â– â– â– â– â– â– â– â– â– â– â– â– â– â– â– â– â– â– â– â– â– â– â– â– â– â– â– â– â– â– â– â– â– â– â– â– â– â– â– â– â– â– â– â– â– â– â– â– â– â– â– â– â– â– â– â– â– â– â– â– â– â– â– â– â– â– â– â– â– â– â– â– â– â– â– â– â– â– â– | 100% of 171.6 MiB
2025-06-14T04:02:36.3960003Z Chromium 138.0.7204.15 (playwright build v1178) downloaded to /home/runner/.cache/ms-playwright/chromium-1178
2025-06-14T04:02:36.3962179Z Downloading FFMPEG playwright build v1011 from https://cdn.playwright.dev/dbazure/download/playwright/builds/ffmpeg/1011/ffmpeg-linux.zip
2025-06-14T04:02:36.5495703Z |                                                                                |   0% of 2.3 MiB
2025-06-14T04:02:36.5553208Z |â– â– â– â– â– â– â– â–                                                                         |  10% of 2.3 MiB
2025-06-14T04:02:36.5580386Z |â– â– â– â– â– â– â– â– â– â– â– â– â– â– â– â–                                                                 |  20% of 2.3 MiB
2025-06-14T04:02:36.5605465Z |â– â– â– â– â– â– â– â– â– â– â– â– â– â– â– â– â– â– â– â– â– â– â– â–                                                         |  30% of 2.3 MiB
2025-06-14T04:02:36.5625583Z |â– â– â– â– â– â– â– â– â– â– â– â– â– â– â– â– â– â– â– â– â– â– â– â– â– â– â– â– â– â– â– â–                                                 |  40% of 2.3 MiB
2025-06-14T04:02:36.5649380Z |â– â– â– â– â– â– â– â– â– â– â– â– â– â– â– â– â– â– â– â– â– â– â– â– â– â– â– â– â– â– â– â– â– â– â– â– â– â– â– â–                                         |  50% of 2.3 MiB
2025-06-14T04:02:36.5681876Z |â– â– â– â– â– â– â– â– â– â– â– â– â– â– â– â– â– â– â– â– â– â– â– â– â– â– â– â– â– â– â– â– â– â– â– â– â– â– â– â– â– â– â– â– â– â– â– â–                                 |  60% of 2.3 MiB
2025-06-14T04:02:36.5704612Z |â– â– â– â– â– â– â– â– â– â– â– â– â– â– â– â– â– â– â– â– â– â– â– â– â– â– â– â– â– â– â– â– â– â– â– â– â– â– â– â– â– â– â– â– â– â– â– â– â– â– â– â– â– â– â– â–                         |  70% of 2.3 MiB
2025-06-14T04:02:36.5733490Z |â– â– â– â– â– â– â– â– â– â– â– â– â– â– â– â– â– â– â– â– â– â– â– â– â– â– â– â– â– â– â– â– â– â– â– â– â– â– â– â– â– â– â– â– â– â– â– â– â– â– â– â– â– â– â– â– â– â– â– â– â– â– â– â–                 |  80% of 2.3 MiB
2025-06-14T04:02:36.5758045Z |â– â– â– â– â– â– â– â– â– â– â– â– â– â– â– â– â– â– â– â– â– â– â– â– â– â– â– â– â– â– â– â– â– â– â– â– â– â– â– â– â– â– â– â– â– â– â– â– â– â– â– â– â– â– â– â– â– â– â– â– â– â– â– â– â– â– â– â– â– â– â– â–         |  90% of 2.3 MiB
2025-06-14T04:02:36.5786220Z |â– â– â– â– â– â– â– â– â– â– â– â– â– â– â– â– â– â– â– â– â– â– â– â– â– â– â– â– â– â– â– â– â– â– â– â– â– â– â– â– â– â– â– â– â– â– â– â– â– â– â– â– â– â– â– â– â– â– â– â– â– â– â– â– â– â– â– â– â– â– â– â– â– â– â– â– â– â– â– â– | 100% of 2.3 MiB
2025-06-14T04:02:36.6444070Z FFMPEG playwright build v1011 downloaded to /home/runner/.cache/ms-playwright/ffmpeg-1011
2025-06-14T04:02:36.6446517Z Downloading Chromium Headless Shell 138.0.7204.15 (playwright build v1178) from https://cdn.playwright.dev/dbazure/download/playwright/builds/chromium/1178/chromium-headless-shell-linux.zip
2025-06-14T04:02:36.7979819Z |                                                                                |   0% of 104.5 MiB
2025-06-14T04:02:36.9324030Z |â– â– â– â– â– â– â– â–                                                                         |  10% of 104.5 MiB
2025-06-14T04:02:37.0239462Z |â– â– â– â– â– â– â– â– â– â– â– â– â– â– â– â–                                                                 |  20% of 104.5 MiB
2025-06-14T04:02:37.1384448Z |â– â– â– â– â– â– â– â– â– â– â– â– â– â– â– â– â– â– â– â– â– â– â– â–                                                         |  30% of 104.5 MiB
2025-06-14T04:02:37.2397432Z |â– â– â– â– â– â– â– â– â– â– â– â– â– â– â– â– â– â– â– â– â– â– â– â– â– â– â– â– â– â– â– â–                                                 |  40% of 104.5 MiB
2025-06-14T04:02:37.3558472Z |â– â– â– â– â– â– â– â– â– â– â– â– â– â– â– â– â– â– â– â– â– â– â– â– â– â– â– â– â– â– â– â– â– â– â– â– â– â– â– â–                                         |  50% of 104.5 MiB
2025-06-14T04:02:37.4360555Z |â– â– â– â– â– â– â– â– â– â– â– â– â– â– â– â– â– â– â– â– â– â– â– â– â– â– â– â– â– â– â– â– â– â– â– â– â– â– â– â– â– â– â– â– â– â– â– â–                                 |  60% of 104.5 MiB
2025-06-14T04:02:37.5266221Z |â– â– â– â– â– â– â– â– â– â– â– â– â– â– â– â– â– â– â– â– â– â– â– â– â– â– â– â– â– â– â– â– â– â– â– â– â– â– â– â– â– â– â– â– â– â– â– â– â– â– â– â– â– â– â– â–                         |  70% of 104.5 MiB
2025-06-14T04:02:37.7316254Z |â– â– â– â– â– â– â– â– â– â– â– â– â– â– â– â– â– â– â– â– â– â– â– â– â– â– â– â– â– â– â– â– â– â– â– â– â– â– â– â– â– â– â– â– â– â– â– â– â– â– â– â– â– â– â– â– â– â– â– â– â– â– â– â–                 |  80% of 104.5 MiB
2025-06-14T04:02:37.9881025Z |â– â– â– â– â– â– â– â– â– â– â– â– â– â– â– â– â– â– â– â– â– â– â– â– â– â– â– â– â– â– â– â– â– â– â– â– â– â– â– â– â– â– â– â– â– â– â– â– â– â– â– â– â– â– â– â– â– â– â– â– â– â– â– â– â– â– â– â– â– â– â– â–         |  90% of 104.5 MiB
2025-06-14T04:02:38.1413070Z |â– â– â– â– â– â– â– â– â– â– â– â– â– â– â– â– â– â– â– â– â– â– â– â– â– â– â– â– â– â– â– â– â– â– â– â– â– â– â– â– â– â– â– â– â– â– â– â– â– â– â– â– â– â– â– â– â– â– â– â– â– â– â– â– â– â– â– â– â– â– â– â– â– â– â– â– â– â– â– â– | 100% of 104.5 MiB
2025-06-14T04:02:40.1799858Z Chromium Headless Shell 138.0.7204.15 (playwright build v1178) downloaded to /home/runner/.cache/ms-playwright/chromium_headless_shell-1178
2025-06-14T04:02:40.3841666Z ##[group]Run cat > pa11y.json << 'EOF'
2025-06-14T04:02:40.3842498Z [36;1mcat > pa11y.json << 'EOF'[0m
2025-06-14T04:02:40.3842959Z [36;1m{[0m
2025-06-14T04:02:40.3843285Z [36;1m  "chromeLaunchConfig": {[0m
2025-06-14T04:02:40.3843676Z [36;1m    "args": [[0m
2025-06-14T04:02:40.3844016Z [36;1m      "--no-sandbox",[0m
2025-06-14T04:02:40.3844430Z [36;1m      "--disable-dev-shm-usage",[0m
2025-06-14T04:02:40.3844915Z [36;1m      "--disable-gpu",[0m
2025-06-14T04:02:40.3845286Z [36;1m      "--headless"[0m
2025-06-14T04:02:40.3845649Z [36;1m    ][0m
2025-06-14T04:02:40.3845953Z [36;1m  },[0m
2025-06-14T04:02:40.3846268Z [36;1m  "timeout": 30000,[0m
2025-06-14T04:02:40.3846633Z [36;1m  "wait": 3000,[0m
2025-06-14T04:02:40.3846999Z [36;1m  "standard": "WCAG2AA",[0m
2025-06-14T04:02:40.3847413Z [36;1m  "runners": ["htmlcs"],[0m
2025-06-14T04:02:40.3847810Z [36;1m  "ignore": [][0m
2025-06-14T04:02:40.3848151Z [36;1m}[0m
2025-06-14T04:02:40.3848472Z [36;1mEOF[0m
2025-06-14T04:02:40.3922667Z shell: /usr/bin/bash -e {0}
2025-06-14T04:02:40.3923052Z env:
2025-06-14T04:02:40.3923509Z   ACCESSIBILITY_CONFIG_PATH: .github/accessibility-config.yml
2025-06-14T04:02:40.3924240Z   DEFAULT_TARGET_URL: https://ncaa-d1-softball.netlify.app/
2025-06-14T04:02:40.3924785Z   NODE_VERSION: 20
2025-06-14T04:02:40.3925110Z   REPORT_DIR: accessibility-reports
2025-06-14T04:02:40.3925497Z ##[endgroup]
2025-06-14T04:02:40.4074811Z ##[group]Run echo "Running Axe-core scan..."
2025-06-14T04:02:40.4075158Z [36;1mecho "Running Axe-core scan..."[0m
2025-06-14T04:02:40.4075505Z [36;1mTARGET_URL="https://ncaa-d1-softball.netlify.app/"[0m
2025-06-14T04:02:40.4075827Z [36;1m[0m
2025-06-14T04:02:40.4076030Z [36;1m# Run axe scan with custom configuration[0m
2025-06-14T04:02:40.4076605Z [36;1mnpx @axe-core/cli --stdout --save accessibility-reports/axe-report.json "$TARGET_URL" || echo "Axe scan completed with issues"[0m
2025-06-14T04:02:40.4077126Z [36;1m[0m
2025-06-14T04:02:40.4077296Z [36;1m# Create metrics file[0m
2025-06-14T04:02:40.4077581Z [36;1mif [ -f "accessibility-reports/axe-report.json" ]; then[0m
2025-06-14T04:02:40.4077919Z [36;1m  echo "Processing axe results..."[0m
2025-06-14T04:02:40.4078166Z [36;1m  node -e "[0m
2025-06-14T04:02:40.4078360Z [36;1m    const fs = require('fs');[0m
2025-06-14T04:02:40.4079009Z [36;1m    const data = JSON.parse(fs.readFileSync('accessibility-reports/axe-report.json', 'utf8'));[0m
2025-06-14T04:02:40.4079475Z [36;1m    const violations = data.violations || [];[0m
2025-06-14T04:02:40.4079739Z [36;1m    const metrics = {[0m
2025-06-14T04:02:40.4079969Z [36;1m      total: violations.length,[0m
2025-06-14T04:02:40.4080393Z [36;1m      byImpact: violations.reduce((acc, v) => { acc[v.impact] = (acc[v.impact] || 0) + 1; return acc; }, {}),[0m
2025-06-14T04:02:40.4080976Z [36;1m      colorContrastFailures: violations.filter(v => v.id === 'color-contrast').length,[0m
2025-06-14T04:02:40.4081405Z [36;1m      passes: (data.passes || []).length,[0m
2025-06-14T04:02:40.4081707Z [36;1m      incomplete: (data.incomplete || []).length,[0m
2025-06-14T04:02:40.4081984Z [36;1m    };[0m
2025-06-14T04:02:40.4082360Z [36;1m    fs.writeFileSync('accessibility-reports/axe-metrics.json', JSON.stringify(metrics, null, 2));[0m
2025-06-14T04:02:40.4082820Z [36;1m    console.log('Axe metrics created');[0m
2025-06-14T04:02:40.4083105Z [36;1m  " || echo "Axe metrics creation failed"[0m
2025-06-14T04:02:40.4083344Z [36;1mfi[0m
2025-06-14T04:02:40.4129538Z shell: /usr/bin/bash -e {0}
2025-06-14T04:02:40.4129763Z env:
2025-06-14T04:02:40.4130019Z   ACCESSIBILITY_CONFIG_PATH: .github/accessibility-config.yml
2025-06-14T04:02:40.4130418Z   DEFAULT_TARGET_URL: https://ncaa-d1-softball.netlify.app/
2025-06-14T04:02:40.4130717Z   NODE_VERSION: 20
2025-06-14T04:02:40.4130919Z   REPORT_DIR: accessibility-reports
2025-06-14T04:02:40.4131155Z ##[endgroup]
2025-06-14T04:02:40.4194965Z Running Axe-core scan...
2025-06-14T04:03:03.8954464Z [
2025-06-14T04:03:03.8958694Z   {
2025-06-14T04:03:03.8959214Z     "testEngine": {
2025-06-14T04:03:03.8959929Z       "name": "axe-core",
2025-06-14T04:03:03.8960353Z       "version": "4.10.3"
2025-06-14T04:03:03.8960723Z     },
2025-06-14T04:03:03.8961055Z     "testRunner": {
2025-06-14T04:03:03.8961377Z       "name": "axe"
2025-06-14T04:03:03.8961655Z     },
2025-06-14T04:03:03.8961928Z     "testEnvironment": {
2025-06-14T04:03:03.8962835Z       "userAgent": "Mozilla/5.0 (X11; Linux x86_64) AppleWebKit/537.36 (KHTML, like Gecko) HeadlessChrome/137.0.0.0 Safari/537.36",
2025-06-14T04:03:03.8963633Z       "windowWidth": 780,
2025-06-14T04:03:03.8963987Z       "windowHeight": 441,
2025-06-14T04:03:03.8964341Z       "orientationAngle": 0,
2025-06-14T04:03:03.8964786Z       "orientationType": "landscape-primary"
2025-06-14T04:03:03.8965195Z     },
2025-06-14T04:03:03.8965540Z     "timestamp": "2025-06-14T04:03:03.466Z",
2025-06-14T04:03:03.8966072Z     "url": "https://ncaa-d1-softball.netlify.app/",
2025-06-14T04:03:03.8966532Z     "toolOptions": {
2025-06-14T04:03:03.8966853Z       "reporter": "v1"
2025-06-14T04:03:03.8967171Z     },
2025-06-14T04:03:03.8967439Z     "inapplicable": [
2025-06-14T04:03:03.8967746Z       {
2025-06-14T04:03:03.8968038Z         "id": "accesskeys",
2025-06-14T04:03:03.8968381Z         "impact": null,
2025-06-14T04:03:03.8968695Z         "tags": [
2025-06-14T04:03:03.8969385Z           "cat.keyboard",
2025-06-14T04:03:03.8970050Z           "best-practice"
2025-06-14T04:03:03.8970421Z         ],
2025-06-14T04:03:03.8970945Z         "description": "Ensure every accesskey attribute value is unique",
2025-06-14T04:03:03.8971638Z         "help": "accesskey attribute value should be unique",
2025-06-14T04:03:03.8972535Z         "helpUrl": "https://dequeuniversity.com/rules/axe/4.10/accesskeys?application=webdriverjs",
2025-06-14T04:03:03.8973236Z         "nodes": []
2025-06-14T04:03:03.8973528Z       },
2025-06-14T04:03:03.8973785Z       {
2025-06-14T04:03:03.8974048Z         "id": "area-alt",
2025-06-14T04:03:03.8974389Z         "impact": null,
2025-06-14T04:03:03.8974705Z         "tags": [
2025-06-14T04:03:03.8975070Z           "cat.text-alternatives",
2025-06-14T04:03:03.8975444Z           "wcag2a",
2025-06-14T04:03:03.8975742Z           "wcag244",
2025-06-14T04:03:03.8976045Z           "wcag412",
2025-06-14T04:03:03.8976345Z           "section508",
2025-06-14T04:03:03.8976665Z           "section508.22.a",
2025-06-14T04:03:03.8977007Z           "TTv5",
2025-06-14T04:03:03.8977293Z           "TT6.a",
2025-06-14T04:03:03.8977584Z           "EN-301-549",
2025-06-14T04:03:03.8977887Z           "EN-9.2.4.4",
2025-06-14T04:03:03.8978193Z           "EN-9.4.1.2",
2025-06-14T04:03:03.8978493Z           "ACT"
2025-06-14T04:03:03.8979082Z         ],
2025-06-14T04:03:03.8979734Z         "description": "Ensure <area> elements of image maps have alternative text",
2025-06-14T04:03:03.8980510Z         "help": "Active <area> elements must have alternative text",
2025-06-14T04:03:03.8981387Z         "helpUrl": "https://dequeuniversity.com/rules/axe/4.10/area-alt?application=webdriverjs",
2025-06-14T04:03:03.8982069Z         "nodes": []
2025-06-14T04:03:03.8982361Z       },
2025-06-14T04:03:03.8982611Z       {
2025-06-14T04:03:03.8982934Z         "id": "aria-allowed-attr",
2025-06-14T04:03:03.8983316Z         "impact": null,
2025-06-14T04:03:03.8983622Z         "tags": [
2025-06-14T04:03:03.8983907Z           "cat.aria",
2025-06-14T04:03:03.8984217Z           "wcag2a",
2025-06-14T04:03:03.8984509Z           "wcag412",
2025-06-14T04:03:03.8984811Z           "EN-301-549",
2025-06-14T04:03:03.8985103Z           "EN-9.4.1.2"
2025-06-14T04:03:03.8985397Z         ],
2025-06-14T04:03:03.8985938Z         "description": "Ensure an element's role supports its ARIA attributes",
2025-06-14T04:03:03.8986688Z         "help": "Elements must only use supported ARIA attributes",
2025-06-14T04:03:03.8987615Z         "helpUrl": "https://dequeuniversity.com/rules/axe/4.10/aria-allowed-attr?application=webdriverjs",
2025-06-14T04:03:03.8988341Z         "nodes": []
2025-06-14T04:03:03.8988616Z       },
2025-06-14T04:03:03.8989044Z       {
2025-06-14T04:03:03.8989798Z         "id": "aria-allowed-role",
2025-06-14T04:03:03.8990185Z         "impact": null,
2025-06-14T04:03:03.8990495Z         "tags": [
2025-06-14T04:03:03.8990805Z           "cat.aria",
2025-06-14T04:03:03.8991138Z           "best-practice"
2025-06-14T04:03:03.8991477Z         ],
2025-06-14T04:03:03.8992044Z         "description": "Ensure role attribute has an appropriate value for the element",
2025-06-14T04:03:03.8992742Z         "help": "ARIA role should be appropriate for the element",
2025-06-14T04:03:03.8993679Z         "helpUrl": "https://dequeuniversity.com/rules/axe/4.10/aria-allowed-role?application=webdriverjs",
2025-06-14T04:03:03.8994366Z         "nodes": []
2025-06-14T04:03:03.8994645Z       },
2025-06-14T04:03:03.8994894Z       {
2025-06-14T04:03:03.8995204Z         "id": "aria-braille-equivalent",
2025-06-14T04:03:03.8995579Z         "impact": null,
2025-06-14T04:03:03.8995893Z         "tags": [
2025-06-14T04:03:03.8996189Z           "cat.aria",
2025-06-14T04:03:03.8996472Z           "wcag2a",
2025-06-14T04:03:03.8996716Z           "wcag412",
2025-06-14T04:03:03.8997005Z           "EN-301-549",
2025-06-14T04:03:03.8997302Z           "EN-9.4.1.2"
2025-06-14T04:03:03.8997582Z         ],
2025-06-14T04:03:03.8998508Z         "description": "Ensure aria-braillelabel and aria-brailleroledescription have a non-braille equivalent",
2025-06-14T04:03:03.8999655Z         "help": "aria-braille attributes must have a non-braille equivalent",
2025-06-14T04:03:03.9000632Z         "helpUrl": "https://dequeuniversity.com/rules/axe/4.10/aria-braille-equivalent?application=webdriverjs",
2025-06-14T04:03:03.9001102Z         "nodes": []
2025-06-14T04:03:03.9001283Z       },
2025-06-14T04:03:03.9001433Z       {
2025-06-14T04:03:03.9001637Z         "id": "aria-command-name",
2025-06-14T04:03:03.9001881Z         "impact": null,
2025-06-14T04:03:03.9002075Z         "tags": [
2025-06-14T04:03:03.9002254Z           "cat.aria",
2025-06-14T04:03:03.9002438Z           "wcag2a",
2025-06-14T04:03:03.9002624Z           "wcag412",
2025-06-14T04:03:03.9002802Z           "TTv5",
2025-06-14T04:03:03.9002968Z           "TT6.a",
2025-06-14T04:03:03.9003145Z           "EN-301-549",
2025-06-14T04:03:03.9003334Z           "EN-9.4.1.2",
2025-06-14T04:03:03.9003514Z           "ACT"
2025-06-14T04:03:03.9003676Z         ],
2025-06-14T04:03:03.9004044Z         "description": "Ensure every ARIA button, link and menuitem has an accessible name",
2025-06-14T04:03:03.9004517Z         "help": "ARIA commands must have an accessible name",
2025-06-14T04:03:03.9005065Z         "helpUrl": "https://dequeuniversity.com/rules/axe/4.10/aria-command-name?application=webdriverjs",
2025-06-14T04:03:03.9005504Z         "nodes": []
2025-06-14T04:03:03.9005671Z       },
2025-06-14T04:03:03.9005825Z       {
2025-06-14T04:03:03.9006031Z         "id": "aria-conditional-attr",
2025-06-14T04:03:03.9006273Z         "impact": null,
2025-06-14T04:03:03.9006456Z         "tags": [
2025-06-14T04:03:03.9006631Z           "cat.aria",
2025-06-14T04:03:03.9006818Z           "wcag2a",
2025-06-14T04:03:03.9006991Z           "wcag412",
2025-06-14T04:03:03.9007170Z           "EN-301-549",
2025-06-14T04:03:03.9007353Z           "EN-9.4.1.2"
2025-06-14T04:03:03.9007531Z         ],
2025-06-14T04:03:03.9007955Z         "description": "Ensure ARIA attributes are used as described in the specification of the element's role",
2025-06-14T04:03:03.9008533Z         "help": "ARIA attributes must be used as specified for the element's role",
2025-06-14T04:03:03.9009369Z         "helpUrl": "https://dequeuniversity.com/rules/axe/4.10/aria-conditional-attr?application=webdriverjs",
2025-06-14T04:03:03.9009893Z         "nodes": []
2025-06-14T04:03:03.9010091Z       },
2025-06-14T04:03:03.9010244Z       {
2025-06-14T04:03:03.9010445Z         "id": "aria-deprecated-role",
2025-06-14T04:03:03.9010685Z         "impact": null,
2025-06-14T04:03:03.9010871Z         "tags": [
2025-06-14T04:03:03.9011044Z           "cat.aria",
2025-06-14T04:03:03.9011227Z           "wcag2a",
2025-06-14T04:03:03.9011569Z           "wcag412",
2025-06-14T04:03:03.9011748Z           "EN-301-549",
2025-06-14T04:03:03.9011930Z           "EN-9.4.1.2"
2025-06-14T04:03:03.9012107Z         ],
2025-06-14T04:03:03.9012383Z         "description": "Ensure elements do not use deprecated roles",
2025-06-14T04:03:03.9012760Z         "help": "Deprecated ARIA roles must not be used",
2025-06-14T04:03:03.9013302Z         "helpUrl": "https://dequeuniversity.com/rules/axe/4.10/aria-deprecated-role?application=webdriverjs",
2025-06-14T04:03:03.9013760Z         "nodes": []
2025-06-14T04:03:03.9013929Z       },
2025-06-14T04:03:03.9014080Z       {
2025-06-14T04:03:03.9014265Z         "id": "aria-dialog-name",
2025-06-14T04:03:03.9014491Z         "impact": null,
2025-06-14T04:03:03.9014675Z         "tags": [
2025-06-14T04:03:03.9014850Z           "cat.aria",
2025-06-14T04:03:03.9015038Z           "best-practice"
2025-06-14T04:03:03.9015228Z         ],
2025-06-14T04:03:03.9015588Z         "description": "Ensure every ARIA dialog and alertdialog node has an accessible name",
2025-06-14T04:03:03.9016555Z         "help": "ARIA dialog and alertdialog nodes should have an accessible name",
2025-06-14T04:03:03.9017507Z         "helpUrl": "https://dequeuniversity.com/rules/axe/4.10/aria-dialog-name?application=webdriverjs",
2025-06-14T04:03:03.9018266Z         "nodes": []
2025-06-14T04:03:03.9018940Z       },
2025-06-14T04:03:03.9019243Z       {
2025-06-14T04:03:03.9019582Z         "id": "aria-hidden-focus",
2025-06-14T04:03:03.9019985Z         "impact": null,
2025-06-14T04:03:03.9020313Z         "tags": [
2025-06-14T04:03:03.9020665Z           "cat.name-role-value",
2025-06-14T04:03:03.9021041Z           "wcag2a",
2025-06-14T04:03:03.9021319Z           "wcag412",
2025-06-14T04:03:03.9021613Z           "TTv5",
2025-06-14T04:03:03.9021900Z           "TT6.a",
2025-06-14T04:03:03.9022191Z           "EN-301-549",
2025-06-14T04:03:03.9022507Z           "EN-9.4.1.2"
2025-06-14T04:03:03.9022800Z         ],
2025-06-14T04:03:03.9023496Z         "description": "Ensure aria-hidden elements are not focusable nor contain focusable elements",
2025-06-14T04:03:03.9024522Z         "help": "ARIA hidden element must not be focusable or contain focusable elements",
2025-06-14T04:03:03.9025637Z         "helpUrl": "https://dequeuniversity.com/rules/axe/4.10/aria-hidden-focus?application=webdriverjs",
2025-06-14T04:03:03.9026388Z         "nodes": []
2025-06-14T04:03:03.9026668Z       },
2025-06-14T04:03:03.9026933Z       {
2025-06-14T04:03:03.9027222Z         "id": "aria-input-field-name",
2025-06-14T04:03:03.9027468Z         "impact": null,
2025-06-14T04:03:03.9027657Z         "tags": [
2025-06-14T04:03:03.9027837Z           "cat.aria",
2025-06-14T04:03:03.9028019Z           "wcag2a",
2025-06-14T04:03:03.9028187Z           "wcag412",
2025-06-14T04:03:03.9028367Z           "TTv5",
2025-06-14T04:03:03.9028535Z           "TT5.c",
2025-06-14T04:03:03.9028710Z           "EN-301-549",
2025-06-14T04:03:03.9030773Z           "EN-9.4.1.2",
2025-06-14T04:03:03.9030980Z           "ACT"
2025-06-14T04:03:03.9031162Z         ],
2025-06-14T04:03:03.9031481Z         "description": "Ensure every ARIA input field has an accessible name",
2025-06-14T04:03:03.9031913Z         "help": "ARIA input fields must have an accessible name",
2025-06-14T04:03:03.9032484Z         "helpUrl": "https://dequeuniversity.com/rules/axe/4.10/aria-input-field-name?application=webdriverjs",
2025-06-14T04:03:03.9032935Z         "nodes": []
2025-06-14T04:03:03.9033111Z       },
2025-06-14T04:03:03.9033259Z       {
2025-06-14T04:03:03.9033457Z         "id": "aria-meter-name",
2025-06-14T04:03:03.9033686Z         "impact": null,
2025-06-14T04:03:03.9033874Z         "tags": [
2025-06-14T04:03:03.9034047Z           "cat.aria",
2025-06-14T04:03:03.9034228Z           "wcag2a",
2025-06-14T04:03:03.9034403Z           "wcag111",
2025-06-14T04:03:03.9034585Z           "EN-301-549",
2025-06-14T04:03:03.9034763Z           "EN-9.1.1.1"
2025-06-14T04:03:03.9034938Z         ],
2025-06-14T04:03:03.9035263Z         "description": "Ensure every ARIA meter node has an accessible name",
2025-06-14T04:03:03.9035879Z         "help": "ARIA meter nodes must have an accessible name",
2025-06-14T04:03:03.9036426Z         "helpUrl": "https://dequeuniversity.com/rules/axe/4.10/aria-meter-name?application=webdriverjs",
2025-06-14T04:03:03.9036848Z         "nodes": []
2025-06-14T04:03:03.9037025Z       },
2025-06-14T04:03:03.9037183Z       {
2025-06-14T04:03:03.9037391Z         "id": "aria-progressbar-name",
2025-06-14T04:03:03.9037641Z         "impact": null,
2025-06-14T04:03:03.9037828Z         "tags": [
2025-06-14T04:03:03.9038004Z           "cat.aria",
2025-06-14T04:03:03.9038184Z           "wcag2a",
2025-06-14T04:03:03.9038351Z           "wcag111",
2025-06-14T04:03:03.9038533Z           "EN-301-549",
2025-06-14T04:03:03.9038715Z           "EN-9.1.1.1"
2025-06-14T04:03:03.9039199Z         ],
2025-06-14T04:03:03.9039533Z         "description": "Ensure every ARIA progressbar node has an accessible name",
2025-06-14T04:03:03.9040006Z         "help": "ARIA progressbar nodes must have an accessible name",
2025-06-14T04:03:03.9040605Z         "helpUrl": "https://dequeuniversity.com/rules/axe/4.10/aria-progressbar-name?application=webdriverjs",
2025-06-14T04:03:03.9041059Z         "nodes": []
2025-06-14T04:03:03.9041229Z       },
2025-06-14T04:03:03.9041374Z       {
2025-06-14T04:03:03.9041716Z         "id": "aria-prohibited-attr",
2025-06-14T04:03:03.9041972Z         "impact": null,
2025-06-14T04:03:03.9042159Z         "tags": [
2025-06-14T04:03:03.9042333Z           "cat.aria",
2025-06-14T04:03:03.9042515Z           "wcag2a",
2025-06-14T04:03:03.9042691Z           "wcag412",
2025-06-14T04:03:03.9042873Z           "EN-301-549",
2025-06-14T04:03:03.9043054Z           "EN-9.4.1.2"
2025-06-14T04:03:03.9043232Z         ],
2025-06-14T04:03:03.9043591Z         "description": "Ensure ARIA attributes are not prohibited for an element's role",
2025-06-14T04:03:03.9044069Z         "help": "Elements must only use permitted ARIA attributes",
2025-06-14T04:03:03.9044645Z         "helpUrl": "https://dequeuniversity.com/rules/axe/4.10/aria-prohibited-attr?application=webdriverjs",
2025-06-14T04:03:03.9045093Z         "nodes": []
2025-06-14T04:03:03.9045268Z       },
2025-06-14T04:03:03.9045529Z       {
2025-06-14T04:03:03.9045841Z         "id": "aria-required-attr",
2025-06-14T04:03:03.9046240Z         "impact": null,
2025-06-14T04:03:03.9046574Z         "tags": [
2025-06-14T04:03:03.9047190Z           "cat.aria",
2025-06-14T04:03:03.9047510Z           "wcag2a",
2025-06-14T04:03:03.9047821Z           "wcag412",
2025-06-14T04:03:03.9048083Z           "EN-301-549",
2025-06-14T04:03:03.9048422Z           "EN-9.4.1.2"
2025-06-14T04:03:03.9048683Z         ],
2025-06-14T04:03:03.9049291Z         "description": "Ensure elements with ARIA roles have all required ARIA attributes",
2025-06-14T04:03:03.9049754Z         "help": "Required ARIA attributes must be provided",
2025-06-14T04:03:03.9050299Z         "helpUrl": "https://dequeuniversity.com/rules/axe/4.10/aria-required-attr?application=webdriverjs",
2025-06-14T04:03:03.9050744Z         "nodes": []
2025-06-14T04:03:03.9050909Z       },
2025-06-14T04:03:03.9051063Z       {
2025-06-14T04:03:03.9051266Z         "id": "aria-required-children",
2025-06-14T04:03:03.9051512Z         "impact": null,
2025-06-14T04:03:03.9051691Z         "tags": [
2025-06-14T04:03:03.9051871Z           "cat.aria",
2025-06-14T04:03:03.9052050Z           "wcag2a",
2025-06-14T04:03:03.9052220Z           "wcag131",
2025-06-14T04:03:03.9052394Z           "EN-301-549",
2025-06-14T04:03:03.9052575Z           "EN-9.1.3.1"
2025-06-14T04:03:03.9052747Z         ],
2025-06-14T04:03:03.9053118Z         "description": "Ensure elements with an ARIA role that require child roles contain them",
2025-06-14T04:03:03.9053614Z         "help": "Certain ARIA roles must contain particular children",
2025-06-14T04:03:03.9054183Z         "helpUrl": "https://dequeuniversity.com/rules/axe/4.10/aria-required-children?application=webdriverjs",
2025-06-14T04:03:03.9054630Z         "nodes": []
2025-06-14T04:03:03.9054964Z       },
2025-06-14T04:03:03.9055114Z       {
2025-06-14T04:03:03.9055310Z         "id": "aria-required-parent",
2025-06-14T04:03:03.9055551Z         "impact": null,
2025-06-14T04:03:03.9055735Z         "tags": [
2025-06-14T04:03:03.9055908Z           "cat.aria",
2025-06-14T04:03:03.9056089Z           "wcag2a",
2025-06-14T04:03:03.9056260Z           "wcag131",
2025-06-14T04:03:03.9056441Z           "EN-301-549",
2025-06-14T04:03:03.9056620Z           "EN-9.1.3.1"
2025-06-14T04:03:03.9056788Z         ],
2025-06-14T04:03:03.9057186Z         "description": "Ensure elements with an ARIA role that require parent roles are contained by them",
2025-06-14T04:03:03.9057735Z         "help": "Certain ARIA roles must be contained by particular parents",
2025-06-14T04:03:03.9058330Z         "helpUrl": "https://dequeuniversity.com/rules/axe/4.10/aria-required-parent?application=webdriverjs",
2025-06-14T04:03:03.9059059Z         "nodes": []
2025-06-14T04:03:03.9059296Z       },
2025-06-14T04:03:03.9059463Z       {
2025-06-14T04:03:03.9059636Z         "id": "aria-roles",
2025-06-14T04:03:03.9059848Z         "impact": null,
2025-06-14T04:03:03.9060029Z         "tags": [
2025-06-14T04:03:03.9060207Z           "cat.aria",
2025-06-14T04:03:03.9060389Z           "wcag2a",
2025-06-14T04:03:03.9060560Z           "wcag412",
2025-06-14T04:03:03.9060866Z           "EN-301-549",
2025-06-14T04:03:03.9061059Z           "EN-9.4.1.2"
2025-06-14T04:03:03.9061247Z         ],
2025-06-14T04:03:03.9061590Z         "description": "Ensure all elements with a role attribute use a valid value",
2025-06-14T04:03:03.9062040Z         "help": "ARIA roles used must conform to valid values",
2025-06-14T04:03:03.9062568Z         "helpUrl": "https://dequeuniversity.com/rules/axe/4.10/aria-roles?application=webdriverjs",
2025-06-14T04:03:03.9062992Z         "nodes": []
2025-06-14T04:03:03.9063166Z       },
2025-06-14T04:03:03.9063318Z       {
2025-06-14T04:03:03.9063480Z         "id": "aria-text",
2025-06-14T04:03:03.9063685Z         "impact": null,
2025-06-14T04:03:03.9063877Z         "tags": [
2025-06-14T04:03:03.9064052Z           "cat.aria",
2025-06-14T04:03:03.9064242Z           "best-practice"
2025-06-14T04:03:03.9064434Z         ],
2025-06-14T04:03:03.9064793Z         "description": "Ensure role=\"text\" is used on elements with no focusable descendants",
2025-06-14T04:03:03.9065273Z         "help": "\"role=text\" should have no focusable descendants",
2025-06-14T04:03:03.9065792Z         "helpUrl": "https://dequeuniversity.com/rules/axe/4.10/aria-text?application=webdriverjs",
2025-06-14T04:03:03.9066190Z         "nodes": []
2025-06-14T04:03:03.9066360Z       },
2025-06-14T04:03:03.9066510Z       {
2025-06-14T04:03:03.9066708Z         "id": "aria-toggle-field-name",
2025-06-14T04:03:03.9066947Z         "impact": null,
2025-06-14T04:03:03.9067134Z         "tags": [
2025-06-14T04:03:03.9067308Z           "cat.aria",
2025-06-14T04:03:03.9067486Z           "wcag2a",
2025-06-14T04:03:03.9067654Z           "wcag412",
2025-06-14T04:03:03.9067835Z           "TTv5",
2025-06-14T04:03:03.9068003Z           "TT5.c",
2025-06-14T04:03:03.9068176Z           "EN-301-549",
2025-06-14T04:03:03.9068354Z           "EN-9.4.1.2",
2025-06-14T04:03:03.9068532Z           "ACT"
2025-06-14T04:03:03.9068697Z         ],
2025-06-14T04:03:03.9069222Z         "description": "Ensure every ARIA toggle field has an accessible name",
2025-06-14T04:03:03.9069658Z         "help": "ARIA toggle fields must have an accessible name",
2025-06-14T04:03:03.9070221Z         "helpUrl": "https://dequeuniversity.com/rules/axe/4.10/aria-toggle-field-name?application=webdriverjs",
2025-06-14T04:03:03.9070672Z         "nodes": []
2025-06-14T04:03:03.9070841Z       },
2025-06-14T04:03:03.9070986Z       {
2025-06-14T04:03:03.9071179Z         "id": "aria-tooltip-name",
2025-06-14T04:03:03.9071404Z         "impact": null,
2025-06-14T04:03:03.9071587Z         "tags": [
2025-06-14T04:03:03.9071757Z           "cat.aria",
2025-06-14T04:03:03.9071934Z           "wcag2a",
2025-06-14T04:03:03.9072234Z           "wcag412",
2025-06-14T04:03:03.9072417Z           "EN-301-549",
2025-06-14T04:03:03.9072591Z           "EN-9.4.1.2"
2025-06-14T04:03:03.9072766Z         ],
2025-06-14T04:03:03.9073077Z         "description": "Ensure every ARIA tooltip node has an accessible name",
2025-06-14T04:03:03.9073504Z         "help": "ARIA tooltip nodes must have an accessible name",
2025-06-14T04:03:03.9074053Z         "helpUrl": "https://dequeuniversity.com/rules/axe/4.10/aria-tooltip-name?application=webdriverjs",
2025-06-14T04:03:03.9074478Z         "nodes": []
2025-06-14T04:03:03.9074647Z       },
2025-06-14T04:03:03.9074798Z       {
2025-06-14T04:03:03.9074992Z         "id": "aria-treeitem-name",
2025-06-14T04:03:03.9075218Z         "impact": null,
2025-06-14T04:03:03.9075401Z         "tags": [
2025-06-14T04:03:03.9075572Z           "cat.aria",
2025-06-14T04:03:03.9075761Z           "best-practice"
2025-06-14T04:03:03.9075948Z         ],
2025-06-14T04:03:03.9076256Z         "description": "Ensure every ARIA treeitem node has an accessible name",
2025-06-14T04:03:03.9076700Z         "help": "ARIA treeitem nodes should have an accessible name",
2025-06-14T04:03:03.9077252Z         "helpUrl": "https://dequeuniversity.com/rules/axe/4.10/aria-treeitem-name?application=webdriverjs",
2025-06-14T04:03:03.9077683Z         "nodes": []
2025-06-14T04:03:03.9077956Z       },
2025-06-14T04:03:03.9078111Z       {
2025-06-14T04:03:03.9078314Z         "id": "aria-valid-attr-value",
2025-06-14T04:03:03.9078553Z         "impact": null,
2025-06-14T04:03:03.9078729Z         "tags": [
2025-06-14T04:03:03.9079080Z           "cat.aria",
2025-06-14T04:03:03.9079264Z           "wcag2a",
2025-06-14T04:03:03.9079462Z           "wcag412",
2025-06-14T04:03:03.9079638Z           "EN-301-549",
2025-06-14T04:03:03.9079821Z           "EN-9.4.1.2"
2025-06-14T04:03:03.9079996Z         ],
2025-06-14T04:03:03.9080276Z         "description": "Ensure all ARIA attributes have valid values",
2025-06-14T04:03:03.9080666Z         "help": "ARIA attributes must conform to valid values",
2025-06-14T04:03:03.9081221Z         "helpUrl": "https://dequeuniversity.com/rules/axe/4.10/aria-valid-attr-value?application=webdriverjs",
2025-06-14T04:03:03.9081658Z         "nodes": []
2025-06-14T04:03:03.9081825Z       },
2025-06-14T04:03:03.9081977Z       {
2025-06-14T04:03:03.9082168Z         "id": "aria-valid-attr",
2025-06-14T04:03:03.9082388Z         "impact": null,
2025-06-14T04:03:03.9082570Z         "tags": [
2025-06-14T04:03:03.9082740Z           "cat.aria",
2025-06-14T04:03:03.9082913Z           "wcag2a",
2025-06-14T04:03:03.9083084Z           "wcag412",
2025-06-14T04:03:03.9083273Z           "EN-301-549",
2025-06-14T04:03:03.9083456Z           "EN-9.4.1.2"
2025-06-14T04:03:03.9083624Z         ],
2025-06-14T04:03:03.9083981Z         "description": "Ensure attributes that begin with aria- are valid ARIA attributes",
2025-06-14T04:03:03.9084444Z         "help": "ARIA attributes must conform to valid names",
2025-06-14T04:03:03.9084977Z         "helpUrl": "https://dequeuniversity.com/rules/axe/4.10/aria-valid-attr?application=webdriverjs",
2025-06-14T04:03:03.9085401Z         "nodes": []
2025-06-14T04:03:03.9085568Z       },
2025-06-14T04:03:03.9085753Z       {
2025-06-14T04:03:03.9085947Z         "id": "autocomplete-valid",
2025-06-14T04:03:03.9086190Z         "impact": null,
2025-06-14T04:03:03.9086374Z         "tags": [
2025-06-14T04:03:03.9086547Z           "cat.forms",
2025-06-14T04:03:03.9086730Z           "wcag21aa",
2025-06-14T04:03:03.9086914Z           "wcag135",
2025-06-14T04:03:03.9087088Z           "EN-301-549",
2025-06-14T04:03:03.9087272Z           "EN-9.1.3.5",
2025-06-14T04:03:03.9087450Z           "ACT"
2025-06-14T04:03:03.9087615Z         ],
2025-06-14T04:03:03.9087998Z         "description": "Ensure the autocomplete attribute is correct and suitable for the form field",
2025-06-14T04:03:03.9088498Z         "help": "autocomplete attribute must be used correctly",
2025-06-14T04:03:03.9089254Z         "helpUrl": "https://dequeuniversity.com/rules/axe/4.10/autocomplete-valid?application=webdriverjs",
2025-06-14T04:03:03.9089830Z         "nodes": []
2025-06-14T04:03:03.9089994Z       },
2025-06-14T04:03:03.9090143Z       {
2025-06-14T04:03:03.9090343Z         "id": "avoid-inline-spacing",
2025-06-14T04:03:03.9090579Z         "impact": null,
2025-06-14T04:03:03.9090756Z         "tags": [
2025-06-14T04:03:03.9090947Z           "cat.structure",
2025-06-14T04:03:03.9091153Z           "wcag21aa",
2025-06-14T04:03:03.9091332Z           "wcag1412",
2025-06-14T04:03:03.9091506Z           "EN-301-549",
2025-06-14T04:03:03.9091690Z           "EN-9.1.4.12",
2025-06-14T04:03:03.9091881Z           "ACT"
2025-06-14T04:03:03.9092045Z         ],
2025-06-14T04:03:03.9092495Z         "description": "Ensure that text spacing set through style attributes can be adjusted with custom stylesheets",
2025-06-14T04:03:03.9093087Z         "help": "Inline text spacing must be adjustable with custom stylesheets",
2025-06-14T04:03:03.9093691Z         "helpUrl": "https://dequeuniversity.com/rules/axe/4.10/avoid-inline-spacing?application=webdriverjs",
2025-06-14T04:03:03.9094140Z         "nodes": []
2025-06-14T04:03:03.9094313Z       },
2025-06-14T04:03:03.9094460Z       {
2025-06-14T04:03:03.9094618Z         "id": "blink",
2025-06-14T04:03:03.9094807Z         "impact": null,
2025-06-14T04:03:03.9094993Z         "tags": [
2025-06-14T04:03:03.9095307Z           "cat.time-and-media",
2025-06-14T04:03:03.9095527Z           "wcag2a",
2025-06-14T04:03:03.9095700Z           "wcag222",
2025-06-14T04:03:03.9095883Z           "section508",
2025-06-14T04:03:03.9096075Z           "section508.22.j",
2025-06-14T04:03:03.9096278Z           "TTv5",
2025-06-14T04:03:03.9096447Z           "TT2.b",
2025-06-14T04:03:03.9096627Z           "EN-301-549",
2025-06-14T04:03:03.9096806Z           "EN-9.2.2.2"
2025-06-14T04:03:03.9096980Z         ],
2025-06-14T04:03:03.9097231Z         "description": "Ensure <blink> elements are not used",
2025-06-14T04:03:03.9097633Z         "help": "<blink> elements are deprecated and must not be used",
2025-06-14T04:03:03.9098152Z         "helpUrl": "https://dequeuniversity.com/rules/axe/4.10/blink?application=webdriverjs",
2025-06-14T04:03:03.9098534Z         "nodes": []
2025-06-14T04:03:03.9098702Z       },
2025-06-14T04:03:03.9099023Z       {
2025-06-14T04:03:03.9099198Z         "id": "button-name",
2025-06-14T04:03:03.9099414Z         "impact": null,
2025-06-14T04:03:03.9099605Z         "tags": [
2025-06-14T04:03:03.9099814Z           "cat.name-role-value",
2025-06-14T04:03:03.9100030Z           "wcag2a",
2025-06-14T04:03:03.9100197Z           "wcag412",
2025-06-14T04:03:03.9100382Z           "section508",
2025-06-14T04:03:03.9100573Z           "section508.22.a",
2025-06-14T04:03:03.9100774Z           "TTv5",
2025-06-14T04:03:03.9100943Z           "TT6.a",
2025-06-14T04:03:03.9101118Z           "EN-301-549",
2025-06-14T04:03:03.9101300Z           "EN-9.4.1.2",
2025-06-14T04:03:03.9101476Z           "ACT"
2025-06-14T04:03:03.9101637Z         ],
2025-06-14T04:03:03.9101890Z         "description": "Ensure buttons have discernible text",
2025-06-14T04:03:03.9102247Z         "help": "Buttons must have discernible text",
2025-06-14T04:03:03.9102744Z         "helpUrl": "https://dequeuniversity.com/rules/axe/4.10/button-name?application=webdriverjs",
2025-06-14T04:03:03.9103155Z         "nodes": []
2025-06-14T04:03:03.9103323Z       },
2025-06-14T04:03:03.9103477Z       {
2025-06-14T04:03:03.9103635Z         "id": "bypass",
2025-06-14T04:03:03.9103822Z         "impact": null,
2025-06-14T04:03:03.9103998Z         "tags": [
2025-06-14T04:03:03.9104177Z           "cat.keyboard",
2025-06-14T04:03:03.9104374Z           "wcag2a",
2025-06-14T04:03:03.9104551Z           "wcag241",
2025-06-14T04:03:03.9104728Z           "section508",
2025-06-14T04:03:03.9104920Z           "section508.22.o",
2025-06-14T04:03:03.9105120Z           "TTv5",
2025-06-14T04:03:03.9105288Z           "TT9.a",
2025-06-14T04:03:03.9105457Z           "EN-301-549",
2025-06-14T04:03:03.9105642Z           "EN-9.2.4.1"
2025-06-14T04:03:03.9105949Z         ],
2025-06-14T04:03:03.9106434Z         "description": "Ensure each page has at least one mechanism for a user to bypass navigation and jump straight to the content",
2025-06-14T04:03:03.9107007Z         "help": "Page must have means to bypass repeated blocks",
2025-06-14T04:03:03.9107515Z         "helpUrl": "https://dequeuniversity.com/rules/axe/4.10/bypass?application=webdriverjs",
2025-06-14T04:03:03.9108091Z         "nodes": []
2025-06-14T04:03:03.9108498Z       },
2025-06-14T04:03:03.9108901Z       {
2025-06-14T04:03:03.9109236Z         "id": "definition-list",
2025-06-14T04:03:03.9109618Z         "impact": null,
2025-06-14T04:03:03.9109937Z         "tags": [
2025-06-14T04:03:03.9110189Z           "cat.structure",
2025-06-14T04:03:03.9110388Z           "wcag2a",
2025-06-14T04:03:03.9110569Z           "wcag131",
2025-06-14T04:03:03.9110753Z           "EN-301-549",
2025-06-14T04:03:03.9110940Z           "EN-9.1.3.1"
2025-06-14T04:03:03.9111120Z         ],
2025-06-14T04:03:03.9111414Z         "description": "Ensure <dl> elements are structured correctly",
2025-06-14T04:03:03.9112073Z         "help": "<dl> elements must only directly contain properly-ordered <dt> and <dd> groups, <script>, <template> or <div> elements",
2025-06-14T04:03:03.9112948Z         "helpUrl": "https://dequeuniversity.com/rules/axe/4.10/definition-list?application=webdriverjs",
2025-06-14T04:03:03.9113386Z         "nodes": []
2025-06-14T04:03:03.9113557Z       },
2025-06-14T04:03:03.9113715Z       {
2025-06-14T04:03:03.9113875Z         "id": "dlitem",
2025-06-14T04:03:03.9114065Z         "impact": null,
2025-06-14T04:03:03.9114243Z         "tags": [
2025-06-14T04:03:03.9114425Z           "cat.structure",
2025-06-14T04:03:03.9114622Z           "wcag2a",
2025-06-14T04:03:03.9114795Z           "wcag131",
2025-06-14T04:03:03.9114970Z           "EN-301-549",
2025-06-14T04:03:03.9115151Z           "EN-9.1.3.1"
2025-06-14T04:03:03.9115330Z         ],
2025-06-14T04:03:03.9115634Z         "description": "Ensure <dt> and <dd> elements are contained by a <dl>",
2025-06-14T04:03:03.9116069Z         "help": "<dt> and <dd> elements must be contained by a <dl>",
2025-06-14T04:03:03.9116568Z         "helpUrl": "https://dequeuniversity.com/rules/axe/4.10/dlitem?application=webdriverjs",
2025-06-14T04:03:03.9116959Z         "nodes": []
2025-06-14T04:03:03.9117135Z       },
2025-06-14T04:03:03.9117292Z       {
2025-06-14T04:03:03.9117485Z         "id": "duplicate-id-aria",
2025-06-14T04:03:03.9117717Z         "impact": null,
2025-06-14T04:03:03.9117902Z         "tags": [
2025-06-14T04:03:03.9118084Z           "cat.parsing",
2025-06-14T04:03:03.9118274Z           "wcag2a",
2025-06-14T04:03:03.9118447Z           "wcag412",
2025-06-14T04:03:03.9118630Z           "EN-301-549",
2025-06-14T04:03:03.9119017Z           "EN-9.4.1.2"
2025-06-14T04:03:03.9119318Z         ],
2025-06-14T04:03:03.9119906Z         "description": "Ensure every id attribute value used in ARIA and in labels is unique",
2025-06-14T04:03:03.9120646Z         "help": "IDs used in ARIA and labels must be unique",
2025-06-14T04:03:03.9121531Z         "helpUrl": "https://dequeuniversity.com/rules/axe/4.10/duplicate-id-aria?application=webdriverjs",
2025-06-14T04:03:03.9122227Z         "nodes": []
2025-06-14T04:03:03.9122509Z       },
2025-06-14T04:03:03.9122758Z       {
2025-06-14T04:03:03.9123068Z         "id": "empty-heading",
2025-06-14T04:03:03.9123424Z         "impact": null,
2025-06-14T04:03:03.9123669Z         "tags": [
2025-06-14T04:03:03.9123881Z           "cat.name-role-value",
2025-06-14T04:03:03.9124111Z           "best-practice"
2025-06-14T04:03:03.9124303Z         ],
2025-06-14T04:03:03.9124561Z         "description": "Ensure headings have discernible text",
2025-06-14T04:03:03.9124901Z         "help": "Headings should not be empty",
2025-06-14T04:03:03.9125396Z         "helpUrl": "https://dequeuniversity.com/rules/axe/4.10/empty-heading?application=webdriverjs",
2025-06-14T04:03:03.9125812Z         "nodes": []
2025-06-14T04:03:03.9125976Z       },
2025-06-14T04:03:03.9126656Z       {
2025-06-14T04:03:03.9126870Z         "id": "empty-table-header",
2025-06-14T04:03:03.9127105Z         "impact": null,
2025-06-14T04:03:03.9127367Z         "tags": [
2025-06-14T04:03:03.9127575Z           "cat.name-role-value",
2025-06-14T04:03:03.9127800Z           "best-practice"
2025-06-14T04:03:03.9127990Z         ],
2025-06-14T04:03:03.9128269Z         "description": "Ensure table headers have discernible text",
2025-06-14T04:03:03.9128645Z         "help": "Table header text should not be empty",
2025-06-14T04:03:03.9129470Z         "helpUrl": "https://dequeuniversity.com/rules/axe/4.10/empty-table-header?application=webdriverjs",
2025-06-14T04:03:03.9129918Z         "nodes": []
2025-06-14T04:03:03.9130090Z       },
2025-06-14T04:03:03.9130238Z       {
2025-06-14T04:03:03.9130452Z         "id": "form-field-multiple-labels",
2025-06-14T04:03:03.9130706Z         "impact": null,
2025-06-14T04:03:03.9130891Z         "tags": [
2025-06-14T04:03:03.9131063Z           "cat.forms",
2025-06-14T04:03:03.9131260Z           "wcag2a",
2025-06-14T04:03:03.9131433Z           "wcag332",
2025-06-14T04:03:03.9131613Z           "TTv5",
2025-06-14T04:03:03.9131779Z           "TT5.c",
2025-06-14T04:03:03.9131954Z           "EN-301-549",
2025-06-14T04:03:03.9132139Z           "EN-9.3.3.2"
2025-06-14T04:03:03.9132316Z         ],
2025-06-14T04:03:03.9132775Z         "description": "Ensure form field does not have multiple label elements",
2025-06-14T04:03:03.9133224Z         "help": "Form field must not have multiple label elements",
2025-06-14T04:03:03.9133810Z         "helpUrl": "https://dequeuniversity.com/rules/axe/4.10/form-field-multiple-labels?application=webdriverjs",
2025-06-14T04:03:03.9134271Z         "nodes": []
2025-06-14T04:03:03.9134439Z       },
2025-06-14T04:03:03.9134587Z       {
2025-06-14T04:03:03.9134786Z         "id": "frame-focusable-content",
2025-06-14T04:03:03.9135032Z         "impact": null,
2025-06-14T04:03:03.9135216Z         "tags": [
2025-06-14T04:03:03.9135388Z           "cat.keyboard",
2025-06-14T04:03:03.9135589Z           "wcag2a",
2025-06-14T04:03:03.9135761Z           "wcag211",
2025-06-14T04:03:03.9135936Z           "TTv5",
2025-06-14T04:03:03.9136099Z           "TT4.a",
2025-06-14T04:03:03.9136278Z           "EN-301-549",
2025-06-14T04:03:03.9136657Z           "EN-9.2.1.1"
2025-06-14T04:03:03.9136992Z         ],
2025-06-14T04:03:03.9137533Z         "description": "Ensure <frame> and <iframe> elements with focusable content do not have tabindex=-1",
2025-06-14T04:03:03.9138225Z         "help": "Frames with focusable content must not have tabindex=-1",
2025-06-14T04:03:03.9139099Z         "helpUrl": "https://dequeuniversity.com/rules/axe/4.10/frame-focusable-content?application=webdriverjs",
2025-06-14T04:03:03.9139624Z         "nodes": []
2025-06-14T04:03:03.9139982Z       },
2025-06-14T04:03:03.9151346Z       {
2025-06-14T04:03:03.9151601Z         "id": "frame-tested",
2025-06-14T04:03:03.9151844Z         "impact": null,
2025-06-14T04:03:03.9152052Z         "tags": [
2025-06-14T04:03:03.9152257Z           "cat.structure",
2025-06-14T04:03:03.9152472Z           "best-practice",
2025-06-14T04:03:03.9152671Z           "review-item"
2025-06-14T04:03:03.9152852Z         ],
2025-06-14T04:03:03.9153216Z         "description": "Ensure <iframe> and <frame> elements contain the axe-core script",
2025-06-14T04:03:03.9153660Z         "help": "Frames should be tested with axe-core",
2025-06-14T04:03:03.9154181Z         "helpUrl": "https://dequeuniversity.com/rules/axe/4.10/frame-tested?application=webdriverjs",
2025-06-14T04:03:03.9154601Z         "nodes": []
2025-06-14T04:03:03.9154782Z       },
2025-06-14T04:03:03.9154939Z       {
2025-06-14T04:03:03.9155142Z         "id": "frame-title-unique",
2025-06-14T04:03:03.9155384Z         "impact": null,
2025-06-14T04:03:03.9155576Z         "tags": [
2025-06-14T04:03:03.9155788Z           "cat.text-alternatives",
2025-06-14T04:03:03.9156012Z           "wcag2a",
2025-06-14T04:03:03.9156181Z           "wcag412",
2025-06-14T04:03:03.9156359Z           "TTv5",
2025-06-14T04:03:03.9156712Z           "TT12.d",
2025-06-14T04:03:03.9156886Z           "EN-301-549",
2025-06-14T04:03:03.9157066Z           "EN-9.4.1.2"
2025-06-14T04:03:03.9157245Z         ],
2025-06-14T04:03:03.9157617Z         "description": "Ensure <iframe> and <frame> elements contain a unique title attribute",
2025-06-14T04:03:03.9158082Z         "help": "Frames must have a unique title attribute",
2025-06-14T04:03:03.9158632Z         "helpUrl": "https://dequeuniversity.com/rules/axe/4.10/frame-title-unique?application=webdriverjs",
2025-06-14T04:03:03.9159309Z         "nodes": []
2025-06-14T04:03:03.9159484Z       },
2025-06-14T04:03:03.9159637Z       {
2025-06-14T04:03:03.9159804Z         "id": "frame-title",
2025-06-14T04:03:03.9160010Z         "impact": null,
2025-06-14T04:03:03.9160196Z         "tags": [
2025-06-14T04:03:03.9160409Z           "cat.text-alternatives",
2025-06-14T04:03:03.9160634Z           "wcag2a",
2025-06-14T04:03:03.9160800Z           "wcag412",
2025-06-14T04:03:03.9160980Z           "section508",
2025-06-14T04:03:03.9161178Z           "section508.22.i",
2025-06-14T04:03:03.9161377Z           "TTv5",
2025-06-14T04:03:03.9161539Z           "TT12.d",
2025-06-14T04:03:03.9161711Z           "EN-301-549",
2025-06-14T04:03:03.9161894Z           "EN-9.4.1.2"
2025-06-14T04:03:03.9162064Z         ],
2025-06-14T04:03:03.9162516Z         "description": "Ensure <iframe> and <frame> elements have an accessible name",
2025-06-14T04:03:03.9162940Z         "help": "Frames must have an accessible name",
2025-06-14T04:03:03.9163435Z         "helpUrl": "https://dequeuniversity.com/rules/axe/4.10/frame-title?application=webdriverjs",
2025-06-14T04:03:03.9163845Z         "nodes": []
2025-06-14T04:03:03.9164010Z       },
2025-06-14T04:03:03.9164165Z       {
2025-06-14T04:03:03.9164355Z         "id": "heading-order",
2025-06-14T04:03:03.9164570Z         "impact": null,
2025-06-14T04:03:03.9164750Z         "tags": [
2025-06-14T04:03:03.9164931Z           "cat.semantics",
2025-06-14T04:03:03.9165140Z           "best-practice"
2025-06-14T04:03:03.9165341Z         ],
2025-06-14T04:03:03.9165652Z         "description": "Ensure the order of headings is semantically correct",
2025-06-14T04:03:03.9166061Z         "help": "Heading levels should only increase by one",
2025-06-14T04:03:03.9166583Z         "helpUrl": "https://dequeuniversity.com/rules/axe/4.10/heading-order?application=webdriverjs",
2025-06-14T04:03:03.9166994Z         "nodes": []
2025-06-14T04:03:03.9167162Z       },
2025-06-14T04:03:03.9167310Z       {
2025-06-14T04:03:03.9167506Z         "id": "html-xml-lang-mismatch",
2025-06-14T04:03:03.9167747Z         "impact": null,
2025-06-14T04:03:03.9167930Z         "tags": [
2025-06-14T04:03:03.9168104Z           "cat.language",
2025-06-14T04:03:03.9168299Z           "wcag2a",
2025-06-14T04:03:03.9168472Z           "wcag311",
2025-06-14T04:03:03.9168653Z           "EN-301-549",
2025-06-14T04:03:03.9169112Z           "EN-9.3.1.1",
2025-06-14T04:03:03.9169331Z           "ACT"
2025-06-14T04:03:03.9169498Z         ],
2025-06-14T04:03:03.9170012Z         "description": "Ensure that HTML elements with both valid lang and xml:lang attributes agree on the base language of the page",
2025-06-14T04:03:03.9170690Z         "help": "HTML elements with lang and xml:lang must have the same base language",
2025-06-14T04:03:03.9171324Z         "helpUrl": "https://dequeuniversity.com/rules/axe/4.10/html-xml-lang-mismatch?application=webdriverjs",
2025-06-14T04:03:03.9171769Z         "nodes": []
2025-06-14T04:03:03.9171939Z       },
2025-06-14T04:03:03.9172092Z       {
2025-06-14T04:03:03.9172250Z         "id": "image-alt",
2025-06-14T04:03:03.9172445Z         "impact": null,
2025-06-14T04:03:03.9172626Z         "tags": [
2025-06-14T04:03:03.9172832Z           "cat.text-alternatives",
2025-06-14T04:03:03.9173048Z           "wcag2a",
2025-06-14T04:03:03.9173219Z           "wcag111",
2025-06-14T04:03:03.9173400Z           "section508",
2025-06-14T04:03:03.9173593Z           "section508.22.a",
2025-06-14T04:03:03.9173791Z           "TTv5",
2025-06-14T04:03:03.9174105Z           "TT7.a",
2025-06-14T04:03:03.9174278Z           "TT7.b",
2025-06-14T04:03:03.9174445Z           "EN-301-549",
2025-06-14T04:03:03.9174620Z           "EN-9.1.1.1",
2025-06-14T04:03:03.9174796Z           "ACT"
2025-06-14T04:03:03.9174960Z         ],
2025-06-14T04:03:03.9175357Z         "description": "Ensure <img> elements have alternative text or a role of none or presentation",
2025-06-14T04:03:03.9175819Z         "help": "Images must have alternative text",
2025-06-14T04:03:03.9176300Z         "helpUrl": "https://dequeuniversity.com/rules/axe/4.10/image-alt?application=webdriverjs",
2025-06-14T04:03:03.9176695Z         "nodes": []
2025-06-14T04:03:03.9176862Z       },
2025-06-14T04:03:03.9177013Z       {
2025-06-14T04:03:03.9177200Z         "id": "image-redundant-alt",
2025-06-14T04:03:03.9177433Z         "impact": null,
2025-06-14T04:03:03.9177615Z         "tags": [
2025-06-14T04:03:03.9177825Z           "cat.text-alternatives",
2025-06-14T04:03:03.9178049Z           "best-practice"
2025-06-14T04:03:03.9178243Z         ],
2025-06-14T04:03:03.9178526Z         "description": "Ensure image alternative is not repeated as text",
2025-06-14T04:03:03.9179227Z         "help": "Alternative text of images should not be repeated as text",
2025-06-14T04:03:03.9179958Z         "helpUrl": "https://dequeuniversity.com/rules/axe/4.10/image-redundant-alt?application=webdriverjs",
2025-06-14T04:03:03.9180389Z         "nodes": []
2025-06-14T04:03:03.9180557Z       },
2025-06-14T04:03:03.9180708Z       {
2025-06-14T04:03:03.9180896Z         "id": "input-button-name",
2025-06-14T04:03:03.9181116Z         "impact": null,
2025-06-14T04:03:03.9181299Z         "tags": [
2025-06-14T04:03:03.9181504Z           "cat.name-role-value",
2025-06-14T04:03:03.9181730Z           "wcag2a",
2025-06-14T04:03:03.9181895Z           "wcag412",
2025-06-14T04:03:03.9182077Z           "section508",
2025-06-14T04:03:03.9182267Z           "section508.22.a",
2025-06-14T04:03:03.9182472Z           "TTv5",
2025-06-14T04:03:03.9182640Z           "TT5.c",
2025-06-14T04:03:03.9182811Z           "EN-301-549",
2025-06-14T04:03:03.9182994Z           "EN-9.4.1.2",
2025-06-14T04:03:03.9183173Z           "ACT"
2025-06-14T04:03:03.9183334Z         ],
2025-06-14T04:03:03.9183607Z         "description": "Ensure input buttons have discernible text",
2025-06-14T04:03:03.9183984Z         "help": "Input buttons must have discernible text",
2025-06-14T04:03:03.9184502Z         "helpUrl": "https://dequeuniversity.com/rules/axe/4.10/input-button-name?application=webdriverjs",
2025-06-14T04:03:03.9184922Z         "nodes": []
2025-06-14T04:03:03.9185085Z       },
2025-06-14T04:03:03.9185229Z       {
2025-06-14T04:03:03.9185415Z         "id": "input-image-alt",
2025-06-14T04:03:03.9185631Z         "impact": null,
2025-06-14T04:03:03.9185807Z         "tags": [
2025-06-14T04:03:03.9186011Z           "cat.text-alternatives",
2025-06-14T04:03:03.9186235Z           "wcag2a",
2025-06-14T04:03:03.9186406Z           "wcag111",
2025-06-14T04:03:03.9186583Z           "wcag412",
2025-06-14T04:03:03.9186765Z           "section508",
2025-06-14T04:03:03.9186956Z           "section508.22.a",
2025-06-14T04:03:03.9187160Z           "TTv5",
2025-06-14T04:03:03.9187324Z           "TT7.a",
2025-06-14T04:03:03.9187499Z           "EN-301-549",
2025-06-14T04:03:03.9187679Z           "EN-9.1.1.1",
2025-06-14T04:03:03.9187865Z           "EN-9.4.1.2",
2025-06-14T04:03:03.9188037Z           "ACT"
2025-06-14T04:03:03.9188200Z         ],
2025-06-14T04:03:03.9188527Z         "description": "Ensure <input type=\"image\"> elements have alternative text",
2025-06-14T04:03:03.9189230Z         "help": "Image buttons must have alternative text",
2025-06-14T04:03:03.9189754Z         "helpUrl": "https://dequeuniversity.com/rules/axe/4.10/input-image-alt?application=webdriverjs",
2025-06-14T04:03:03.9190174Z         "nodes": []
2025-06-14T04:03:03.9190345Z       },
2025-06-14T04:03:03.9190494Z       {
2025-06-14T04:03:03.9190676Z         "id": "label-title-only",
2025-06-14T04:03:03.9191094Z         "impact": null,
2025-06-14T04:03:03.9191281Z         "tags": [
2025-06-14T04:03:03.9191459Z           "cat.forms",
2025-06-14T04:03:03.9191650Z           "best-practice"
2025-06-14T04:03:03.9191838Z         ],
2025-06-14T04:03:03.9192452Z         "description": "Ensure that every form element has a visible label and is not solely labeled using hidden labels, or the title or aria-describedby attributes",
2025-06-14T04:03:03.9193123Z         "help": "Form elements should have a visible label",
2025-06-14T04:03:03.9193650Z         "helpUrl": "https://dequeuniversity.com/rules/axe/4.10/label-title-only?application=webdriverjs",
2025-06-14T04:03:03.9194077Z         "nodes": []
2025-06-14T04:03:03.9194245Z       },
2025-06-14T04:03:03.9194396Z       {
2025-06-14T04:03:03.9194545Z         "id": "label",
2025-06-14T04:03:03.9194731Z         "impact": null,
2025-06-14T04:03:03.9194914Z         "tags": [
2025-06-14T04:03:03.9195088Z           "cat.forms",
2025-06-14T04:03:03.9195260Z           "wcag2a",
2025-06-14T04:03:03.9195438Z           "wcag412",
2025-06-14T04:03:03.9195618Z           "section508",
2025-06-14T04:03:03.9195810Z           "section508.22.n",
2025-06-14T04:03:03.9196005Z           "TTv5",
2025-06-14T04:03:03.9196172Z           "TT5.c",
2025-06-14T04:03:03.9196345Z           "EN-301-549",
2025-06-14T04:03:03.9196637Z           "EN-9.4.1.2",
2025-06-14T04:03:03.9196814Z           "ACT"
2025-06-14T04:03:03.9196978Z         ],
2025-06-14T04:03:03.9197237Z         "description": "Ensure every form element has a label",
2025-06-14T04:03:03.9197575Z         "help": "Form elements must have labels",
2025-06-14T04:03:03.9198035Z         "helpUrl": "https://dequeuniversity.com/rules/axe/4.10/label?application=webdriverjs",
2025-06-14T04:03:03.9198416Z         "nodes": []
2025-06-14T04:03:03.9198583Z       },
2025-06-14T04:03:03.9198738Z       {
2025-06-14T04:03:03.9199180Z         "id": "landmark-banner-is-top-level",
2025-06-14T04:03:03.9199444Z         "impact": null,
2025-06-14T04:03:03.9199636Z         "tags": [
2025-06-14T04:03:03.9199830Z           "cat.semantics",
2025-06-14T04:03:03.9200037Z           "best-practice"
2025-06-14T04:03:03.9200224Z         ],
2025-06-14T04:03:03.9200502Z         "description": "Ensure the banner landmark is at top level",
2025-06-14T04:03:03.9200948Z         "help": "Banner landmark should not be contained in another landmark",
2025-06-14T04:03:03.9201579Z         "helpUrl": "https://dequeuniversity.com/rules/axe/4.10/landmark-banner-is-top-level?application=webdriverjs",
2025-06-14T04:03:03.9202054Z         "nodes": []
2025-06-14T04:03:03.9202231Z       },
2025-06-14T04:03:03.9202389Z       {
2025-06-14T04:03:03.9202624Z         "id": "landmark-complementary-is-top-level",
2025-06-14T04:03:03.9202903Z         "impact": null,
2025-06-14T04:03:03.9203088Z         "tags": [
2025-06-14T04:03:03.9203272Z           "cat.semantics",
2025-06-14T04:03:03.9203482Z           "best-practice"
2025-06-14T04:03:03.9203671Z         ],
2025-06-14T04:03:03.9203991Z         "description": "Ensure the complementary landmark or aside is at top level",
2025-06-14T04:03:03.9204449Z         "help": "Aside should not be contained in another landmark",
2025-06-14T04:03:03.9205081Z         "helpUrl": "https://dequeuniversity.com/rules/axe/4.10/landmark-complementary-is-top-level?application=webdriverjs",
2025-06-14T04:03:03.9205582Z         "nodes": []
2025-06-14T04:03:03.9205754Z       },
2025-06-14T04:03:03.9205900Z       {
2025-06-14T04:03:03.9206123Z         "id": "landmark-contentinfo-is-top-level",
2025-06-14T04:03:03.9206394Z         "impact": null,
2025-06-14T04:03:03.9206580Z         "tags": [
2025-06-14T04:03:03.9206755Z           "cat.semantics",
2025-06-14T04:03:03.9206957Z           "best-practice"
2025-06-14T04:03:03.9207145Z         ],
2025-06-14T04:03:03.9207436Z         "description": "Ensure the contentinfo landmark is at top level",
2025-06-14T04:03:03.9207903Z         "help": "Contentinfo landmark should not be contained in another landmark",
2025-06-14T04:03:03.9208574Z         "helpUrl": "https://dequeuniversity.com/rules/axe/4.10/landmark-contentinfo-is-top-level?application=webdriverjs",
2025-06-14T04:03:03.9209470Z         "nodes": []
2025-06-14T04:03:03.9209645Z       },
2025-06-14T04:03:03.9209796Z       {
2025-06-14T04:03:03.9209998Z         "id": "landmark-main-is-top-level",
2025-06-14T04:03:03.9210252Z         "impact": null,
2025-06-14T04:03:03.9210439Z         "tags": [
2025-06-14T04:03:03.9210615Z           "cat.semantics",
2025-06-14T04:03:03.9210815Z           "best-practice"
2025-06-14T04:03:03.9211020Z         ],
2025-06-14T04:03:03.9211286Z         "description": "Ensure the main landmark is at top level",
2025-06-14T04:03:03.9211709Z         "help": "Main landmark should not be contained in another landmark",
2025-06-14T04:03:03.9212316Z         "helpUrl": "https://dequeuniversity.com/rules/axe/4.10/landmark-main-is-top-level?application=webdriverjs",
2025-06-14T04:03:03.9212781Z         "nodes": []
2025-06-14T04:03:03.9212951Z       },
2025-06-14T04:03:03.9213108Z       {
2025-06-14T04:03:03.9213315Z         "id": "landmark-no-duplicate-banner",
2025-06-14T04:03:03.9213570Z         "impact": null,
2025-06-14T04:03:03.9213753Z         "tags": [
2025-06-14T04:03:03.9213933Z           "cat.semantics",
2025-06-14T04:03:03.9214139Z           "best-practice"
2025-06-14T04:03:03.9214446Z         ],
2025-06-14T04:03:03.9214751Z         "description": "Ensure the document has at most one banner landmark",
2025-06-14T04:03:03.9215194Z         "help": "Document should not have more than one banner landmark",
2025-06-14T04:03:03.9215805Z         "helpUrl": "https://dequeuniversity.com/rules/axe/4.10/landmark-no-duplicate-banner?application=webdriverjs",
2025-06-14T04:03:03.9216262Z         "nodes": []
2025-06-14T04:03:03.9216430Z       },
2025-06-14T04:03:03.9216579Z       {
2025-06-14T04:03:03.9216803Z         "id": "landmark-no-duplicate-contentinfo",
2025-06-14T04:03:03.9217066Z         "impact": null,
2025-06-14T04:03:03.9217253Z         "tags": [
2025-06-14T04:03:03.9217434Z           "cat.semantics",
2025-06-14T04:03:03.9217636Z           "best-practice"
2025-06-14T04:03:03.9217819Z         ],
2025-06-14T04:03:03.9218128Z         "description": "Ensure the document has at most one contentinfo landmark",
2025-06-14T04:03:03.9218602Z         "help": "Document should not have more than one contentinfo landmark",
2025-06-14T04:03:03.9219456Z         "helpUrl": "https://dequeuniversity.com/rules/axe/4.10/landmark-no-duplicate-contentinfo?application=webdriverjs",
2025-06-14T04:03:03.9219943Z         "nodes": []
2025-06-14T04:03:03.9220106Z       },
2025-06-14T04:03:03.9220257Z       {
2025-06-14T04:03:03.9220468Z         "id": "landmark-no-duplicate-main",
2025-06-14T04:03:03.9220718Z         "impact": null,
2025-06-14T04:03:03.9220893Z         "tags": [
2025-06-14T04:03:03.9221070Z           "cat.semantics",
2025-06-14T04:03:03.9221271Z           "best-practice"
2025-06-14T04:03:03.9221457Z         ],
2025-06-14T04:03:03.9221739Z         "description": "Ensure the document has at most one main landmark",
2025-06-14T04:03:03.9222175Z         "help": "Document should not have more than one main landmark",
2025-06-14T04:03:03.9222761Z         "helpUrl": "https://dequeuniversity.com/rules/axe/4.10/landmark-no-duplicate-main?application=webdriverjs",
2025-06-14T04:03:03.9223215Z         "nodes": []
2025-06-14T04:03:03.9223390Z       },
2025-06-14T04:03:03.9223536Z       {
2025-06-14T04:03:03.9223726Z         "id": "landmark-unique",
2025-06-14T04:03:03.9223946Z         "impact": null,
2025-06-14T04:03:03.9224129Z         "tags": [
2025-06-14T04:03:03.9224300Z           "cat.semantics",
2025-06-14T04:03:03.9224507Z           "best-practice"
2025-06-14T04:03:03.9224692Z         ],
2025-06-14T04:03:03.9224921Z         "description": "Ensure landmarks are unique",
2025-06-14T04:03:03.9225415Z         "help": "Landmarks should have a unique role or role/label/title (i.e. accessible name) combination",
2025-06-14T04:03:03.9226071Z         "helpUrl": "https://dequeuniversity.com/rules/axe/4.10/landmark-unique?application=webdriverjs",
2025-06-14T04:03:03.9226624Z         "nodes": []
2025-06-14T04:03:03.9226799Z       },
2025-06-14T04:03:03.9226953Z       {
2025-06-14T04:03:03.9227269Z         "id": "link-in-text-block",
2025-06-14T04:03:03.9227508Z         "impact": null,
2025-06-14T04:03:03.9227697Z         "tags": [
2025-06-14T04:03:03.9227877Z           "cat.color",
2025-06-14T04:03:03.9228062Z           "wcag2a",
2025-06-14T04:03:03.9228236Z           "wcag141",
2025-06-14T04:03:03.9228413Z           "TTv5",
2025-06-14T04:03:03.9228584Z           "TT13.a",
2025-06-14T04:03:03.9228908Z           "EN-301-549",
2025-06-14T04:03:03.9229149Z           "EN-9.1.4.1"
2025-06-14T04:03:03.9229327Z         ],
2025-06-14T04:03:03.9229773Z         "description": "Ensure links are distinguished from surrounding text in a way that does not rely on color",
2025-06-14T04:03:03.9230334Z         "help": "Links must be distinguishable without relying on color",
2025-06-14T04:03:03.9230896Z         "helpUrl": "https://dequeuniversity.com/rules/axe/4.10/link-in-text-block?application=webdriverjs",
2025-06-14T04:03:03.9231336Z         "nodes": []
2025-06-14T04:03:03.9231506Z       },
2025-06-14T04:03:03.9231660Z       {
2025-06-14T04:03:03.9231820Z         "id": "link-name",
2025-06-14T04:03:03.9232024Z         "impact": null,
2025-06-14T04:03:03.9232329Z         "tags": [
2025-06-14T04:03:03.9232542Z           "cat.name-role-value",
2025-06-14T04:03:03.9232756Z           "wcag2a",
2025-06-14T04:03:03.9232928Z           "wcag244",
2025-06-14T04:03:03.9233105Z           "wcag412",
2025-06-14T04:03:03.9233280Z           "section508",
2025-06-14T04:03:03.9233468Z           "section508.22.a",
2025-06-14T04:03:03.9233672Z           "TTv5",
2025-06-14T04:03:03.9233842Z           "TT6.a",
2025-06-14T04:03:03.9234017Z           "EN-301-549",
2025-06-14T04:03:03.9234197Z           "EN-9.2.4.4",
2025-06-14T04:03:03.9234377Z           "EN-9.4.1.2",
2025-06-14T04:03:03.9234553Z           "ACT"
2025-06-14T04:03:03.9234718Z         ],
2025-06-14T04:03:03.9234964Z         "description": "Ensure links have discernible text",
2025-06-14T04:03:03.9235298Z         "help": "Links must have discernible text",
2025-06-14T04:03:03.9235773Z         "helpUrl": "https://dequeuniversity.com/rules/axe/4.10/link-name?application=webdriverjs",
2025-06-14T04:03:03.9236175Z         "nodes": []
2025-06-14T04:03:03.9236341Z       },
2025-06-14T04:03:03.9236546Z       {
2025-06-14T04:03:03.9236705Z         "id": "list",
2025-06-14T04:03:03.9236891Z         "impact": null,
2025-06-14T04:03:03.9237072Z         "tags": [
2025-06-14T04:03:03.9237248Z           "cat.structure",
2025-06-14T04:03:03.9237444Z           "wcag2a",
2025-06-14T04:03:03.9237614Z           "wcag131",
2025-06-14T04:03:03.9237791Z           "EN-301-549",
2025-06-14T04:03:03.9237965Z           "EN-9.1.3.1"
2025-06-14T04:03:03.9238138Z         ],
2025-06-14T04:03:03.9238416Z         "description": "Ensure that lists are structured correctly",
2025-06-14T04:03:03.9239097Z         "help": "<ul> and <ol> must only directly contain <li>, <script> or <template> elements",
2025-06-14T04:03:03.9239668Z         "helpUrl": "https://dequeuniversity.com/rules/axe/4.10/list?application=webdriverjs",
2025-06-14T04:03:03.9240048Z         "nodes": []
2025-06-14T04:03:03.9240214Z       },
2025-06-14T04:03:03.9240366Z       {
2025-06-14T04:03:03.9240526Z         "id": "listitem",
2025-06-14T04:03:03.9240725Z         "impact": null,
2025-06-14T04:03:03.9240905Z         "tags": [
2025-06-14T04:03:03.9241081Z           "cat.structure",
2025-06-14T04:03:03.9241274Z           "wcag2a",
2025-06-14T04:03:03.9241441Z           "wcag131",
2025-06-14T04:03:03.9241616Z           "EN-301-549",
2025-06-14T04:03:03.9241797Z           "EN-9.1.3.1"
2025-06-14T04:03:03.9241973Z         ],
2025-06-14T04:03:03.9242241Z         "description": "Ensure <li> elements are used semantically",
2025-06-14T04:03:03.9242634Z         "help": "<li> elements must be contained in a <ul> or <ol>",
2025-06-14T04:03:03.9243129Z         "helpUrl": "https://dequeuniversity.com/rules/axe/4.10/listitem?application=webdriverjs",
2025-06-14T04:03:03.9243666Z         "nodes": []
2025-06-14T04:03:03.9243829Z       },
2025-06-14T04:03:03.9243981Z       {
2025-06-14T04:03:03.9244139Z         "id": "marquee",
2025-06-14T04:03:03.9244334Z         "impact": null,
2025-06-14T04:03:03.9244514Z         "tags": [
2025-06-14T04:03:03.9244691Z           "cat.parsing",
2025-06-14T04:03:03.9244880Z           "wcag2a",
2025-06-14T04:03:03.9245050Z           "wcag222",
2025-06-14T04:03:03.9245220Z           "TTv5",
2025-06-14T04:03:03.9245385Z           "TT2.b",
2025-06-14T04:03:03.9245559Z           "EN-301-549",
2025-06-14T04:03:03.9245739Z           "EN-9.2.2.2"
2025-06-14T04:03:03.9245907Z         ],
2025-06-14T04:03:03.9246164Z         "description": "Ensure <marquee> elements are not used",
2025-06-14T04:03:03.9246563Z         "help": "<marquee> elements are deprecated and must not be used",
2025-06-14T04:03:03.9247079Z         "helpUrl": "https://dequeuniversity.com/rules/axe/4.10/marquee?application=webdriverjs",
2025-06-14T04:03:03.9247476Z         "nodes": []
2025-06-14T04:03:03.9247638Z       },
2025-06-14T04:03:03.9247789Z       {
2025-06-14T04:03:03.9247958Z         "id": "meta-refresh",
2025-06-14T04:03:03.9248168Z         "impact": null,
2025-06-14T04:03:03.9248343Z         "tags": [
2025-06-14T04:03:03.9248668Z           "cat.time-and-media",
2025-06-14T04:03:03.9249127Z           "wcag2a",
2025-06-14T04:03:03.9249310Z           "wcag221",
2025-06-14T04:03:03.9249483Z           "TTv5",
2025-06-14T04:03:03.9249652Z           "TT8.a",
2025-06-14T04:03:03.9249825Z           "EN-301-549",
2025-06-14T04:03:03.9250007Z           "EN-9.2.2.1"
2025-06-14T04:03:03.9250177Z         ],
2025-06-14T04:03:03.9250534Z         "description": "Ensure <meta http-equiv=\"refresh\"> is not used for delayed refresh",
2025-06-14T04:03:03.9251004Z         "help": "Delayed refresh under 20 hours must not be used",
2025-06-14T04:03:03.9251522Z         "helpUrl": "https://dequeuniversity.com/rules/axe/4.10/meta-refresh?application=webdriverjs",
2025-06-14T04:03:03.9251939Z         "nodes": []
2025-06-14T04:03:03.9252103Z       },
2025-06-14T04:03:03.9252256Z       {
2025-06-14T04:03:03.9252447Z         "id": "nested-interactive",
2025-06-14T04:03:03.9252680Z         "impact": null,
2025-06-14T04:03:03.9252863Z         "tags": [
2025-06-14T04:03:03.9253042Z           "cat.keyboard",
2025-06-14T04:03:03.9253235Z           "wcag2a",
2025-06-14T04:03:03.9253406Z           "wcag412",
2025-06-14T04:03:03.9253576Z           "TTv5",
2025-06-14T04:03:03.9253741Z           "TT6.a",
2025-06-14T04:03:03.9253916Z           "EN-301-549",
2025-06-14T04:03:03.9254096Z           "EN-9.4.1.2"
2025-06-14T04:03:03.9254264Z         ],
2025-06-14T04:03:03.9254891Z         "description": "Ensure interactive controls are not nested as they are not always announced by screen readers or can cause focus problems for assistive technologies",
2025-06-14T04:03:03.9255560Z         "help": "Interactive controls must not be nested",
2025-06-14T04:03:03.9256096Z         "helpUrl": "https://dequeuniversity.com/rules/axe/4.10/nested-interactive?application=webdriverjs",
2025-06-14T04:03:03.9256526Z         "nodes": []
2025-06-14T04:03:03.9256689Z       },
2025-06-14T04:03:03.9256839Z       {
2025-06-14T04:03:03.9257002Z         "id": "object-alt",
2025-06-14T04:03:03.9257209Z         "impact": null,
2025-06-14T04:03:03.9257385Z         "tags": [
2025-06-14T04:03:03.9257593Z           "cat.text-alternatives",
2025-06-14T04:03:03.9257817Z           "wcag2a",
2025-06-14T04:03:03.9257988Z           "wcag111",
2025-06-14T04:03:03.9258164Z           "section508",
2025-06-14T04:03:03.9258357Z           "section508.22.a",
2025-06-14T04:03:03.9258560Z           "EN-301-549",
2025-06-14T04:03:03.9258739Z           "EN-9.1.1.1"
2025-06-14T04:03:03.9259111Z         ],
2025-06-14T04:03:03.9259402Z         "description": "Ensure <object> elements have alternative text",
2025-06-14T04:03:03.9259801Z         "help": "<object> elements must have alternative text",
2025-06-14T04:03:03.9260502Z         "helpUrl": "https://dequeuniversity.com/rules/axe/4.10/object-alt?application=webdriverjs",
2025-06-14T04:03:03.9260904Z         "nodes": []
2025-06-14T04:03:03.9261077Z       },
2025-06-14T04:03:03.9261230Z       {
2025-06-14T04:03:03.9261453Z         "id": "presentation-role-conflict",
2025-06-14T04:03:03.9261706Z         "impact": null,
2025-06-14T04:03:03.9261885Z         "tags": [
2025-06-14T04:03:03.9262058Z           "cat.aria",
2025-06-14T04:03:03.9262251Z           "best-practice",
2025-06-14T04:03:03.9262444Z           "ACT"
2025-06-14T04:03:03.9262604Z         ],
2025-06-14T04:03:03.9263118Z         "description": "Elements marked as presentational should not have global ARIA or tabindex to ensure all screen readers ignore them",
2025-06-14T04:03:03.9263789Z         "help": "Ensure elements marked as presentational are consistently ignored",
2025-06-14T04:03:03.9264427Z         "helpUrl": "https://dequeuniversity.com/rules/axe/4.10/presentation-role-conflict?application=webdriverjs",
2025-06-14T04:03:03.9264890Z         "nodes": []
2025-06-14T04:03:03.9265055Z       },
2025-06-14T04:03:03.9265203Z       {
2025-06-14T04:03:03.9265369Z         "id": "role-img-alt",
2025-06-14T04:03:03.9265580Z         "impact": null,
2025-06-14T04:03:03.9265761Z         "tags": [
2025-06-14T04:03:03.9266077Z           "cat.text-alternatives",
2025-06-14T04:03:03.9266306Z           "wcag2a",
2025-06-14T04:03:03.9266477Z           "wcag111",
2025-06-14T04:03:03.9266651Z           "section508",
2025-06-14T04:03:03.9266842Z           "section508.22.a",
2025-06-14T04:03:03.9267042Z           "TTv5",
2025-06-14T04:03:03.9267208Z           "TT7.a",
2025-06-14T04:03:03.9267376Z           "EN-301-549",
2025-06-14T04:03:03.9267556Z           "EN-9.1.1.1",
2025-06-14T04:03:03.9267733Z           "ACT"
2025-06-14T04:03:03.9267896Z         ],
2025-06-14T04:03:03.9268193Z         "description": "Ensure [role=\"img\"] elements have alternative text",
2025-06-14T04:03:03.9268627Z         "help": "[role=\"img\"] elements must have an alternative text",
2025-06-14T04:03:03.9269143Z         "helpUrl": "https://dequeuniversity.com/rules/axe/4.10/role-img-alt?application=webdriverjs",
2025-06-14T04:03:03.9269221Z         "nodes": []
2025-06-14T04:03:03.9269287Z       },
2025-06-14T04:03:03.9269359Z       {
2025-06-14T04:03:03.9269471Z         "id": "scope-attr-valid",
2025-06-14T04:03:03.9269555Z         "impact": null,
2025-06-14T04:03:03.9269624Z         "tags": [
2025-06-14T04:03:03.9269703Z           "cat.tables",
2025-06-14T04:03:03.9269784Z           "best-practice"
2025-06-14T04:03:03.9269851Z         ],
2025-06-14T04:03:03.9270077Z         "description": "Ensure the scope attribute is used correctly on tables",
2025-06-14T04:03:03.9270227Z         "help": "scope attribute should be used correctly",
2025-06-14T04:03:03.9270549Z         "helpUrl": "https://dequeuniversity.com/rules/axe/4.10/scope-attr-valid?application=webdriverjs",
2025-06-14T04:03:03.9270621Z         "nodes": []
2025-06-14T04:03:03.9270696Z       },
2025-06-14T04:03:03.9270763Z       {
2025-06-14T04:03:03.9270893Z         "id": "scrollable-region-focusable",
2025-06-14T04:03:03.9270969Z         "impact": null,
2025-06-14T04:03:03.9271037Z         "tags": [
2025-06-14T04:03:03.9271119Z           "cat.keyboard",
2025-06-14T04:03:03.9271193Z           "wcag2a",
2025-06-14T04:03:03.9271268Z           "wcag211",
2025-06-14T04:03:03.9271338Z           "wcag213",
2025-06-14T04:03:03.9271413Z           "TTv5",
2025-06-14T04:03:03.9271491Z           "TT4.a",
2025-06-14T04:03:03.9271563Z           "EN-301-549",
2025-06-14T04:03:03.9271641Z           "EN-9.2.1.1",
2025-06-14T04:03:03.9271711Z           "EN-9.2.1.3"
2025-06-14T04:03:03.9271781Z         ],
2025-06-14T04:03:03.9272061Z         "description": "Ensure elements that have scrollable content are accessible by keyboard",
2025-06-14T04:03:03.9272228Z         "help": "Scrollable region must have keyboard access",
2025-06-14T04:03:03.9272596Z         "helpUrl": "https://dequeuniversity.com/rules/axe/4.10/scrollable-region-focusable?application=webdriverjs",
2025-06-14T04:03:03.9272795Z         "nodes": []
2025-06-14T04:03:03.9272867Z       },
2025-06-14T04:03:03.9272931Z       {
2025-06-14T04:03:03.9273019Z         "id": "select-name",
2025-06-14T04:03:03.9273096Z         "impact": null,
2025-06-14T04:03:03.9273173Z         "tags": [
2025-06-14T04:03:03.9273246Z           "cat.forms",
2025-06-14T04:03:03.9273317Z           "wcag2a",
2025-06-14T04:03:03.9273393Z           "wcag412",
2025-06-14T04:03:03.9273467Z           "section508",
2025-06-14T04:03:03.9273550Z           "section508.22.n",
2025-06-14T04:03:03.9273619Z           "TTv5",
2025-06-14T04:03:03.9273692Z           "TT5.c",
2025-06-14T04:03:03.9273767Z           "EN-301-549",
2025-06-14T04:03:03.9273837Z           "EN-9.4.1.2",
2025-06-14T04:03:03.9273910Z           "ACT"
2025-06-14T04:03:03.9273975Z         ],
2025-06-14T04:03:03.9274173Z         "description": "Ensure select element has an accessible name",
2025-06-14T04:03:03.9274334Z         "help": "Select element must have an accessible name",
2025-06-14T04:03:03.9274638Z         "helpUrl": "https://dequeuniversity.com/rules/axe/4.10/select-name?application=webdriverjs",
2025-06-14T04:03:03.9274710Z         "nodes": []
2025-06-14T04:03:03.9274780Z       },
2025-06-14T04:03:03.9274847Z       {
2025-06-14T04:03:03.9275072Z         "id": "server-side-image-map",
2025-06-14T04:03:03.9275156Z         "impact": null,
2025-06-14T04:03:03.9275226Z         "tags": [
2025-06-14T04:03:03.9275337Z           "cat.text-alternatives",
2025-06-14T04:03:03.9275412Z           "wcag2a",
2025-06-14T04:03:03.9275488Z           "wcag211",
2025-06-14T04:03:03.9275563Z           "section508",
2025-06-14T04:03:03.9275642Z           "section508.22.f",
2025-06-14T04:03:03.9275715Z           "TTv5",
2025-06-14T04:03:03.9275783Z           "TT4.a",
2025-06-14T04:03:03.9275859Z           "EN-301-549",
2025-06-14T04:03:03.9275930Z           "EN-9.2.1.1"
2025-06-14T04:03:03.9275996Z         ],
2025-06-14T04:03:03.9276209Z         "description": "Ensure that server-side image maps are not used",
2025-06-14T04:03:03.9276353Z         "help": "Server-side image maps must not be used",
2025-06-14T04:03:03.9276700Z         "helpUrl": "https://dequeuniversity.com/rules/axe/4.10/server-side-image-map?application=webdriverjs",
2025-06-14T04:03:03.9276778Z         "nodes": []
2025-06-14T04:03:03.9276849Z       },
2025-06-14T04:03:03.9276914Z       {
2025-06-14T04:03:03.9276998Z         "id": "skip-link",
2025-06-14T04:03:03.9277073Z         "impact": null,
2025-06-14T04:03:03.9277143Z         "tags": [
2025-06-14T04:03:03.9277226Z           "cat.keyboard",
2025-06-14T04:03:03.9277305Z           "best-practice"
2025-06-14T04:03:03.9277375Z         ],
2025-06-14T04:03:03.9277571Z         "description": "Ensure all skip links have a focusable target",
2025-06-14T04:03:03.9277751Z         "help": "The skip-link target should exist and be focusable",
2025-06-14T04:03:03.9278044Z         "helpUrl": "https://dequeuniversity.com/rules/axe/4.10/skip-link?application=webdriverjs",
2025-06-14T04:03:03.9278124Z         "nodes": []
2025-06-14T04:03:03.9278189Z       },
2025-06-14T04:03:03.9278255Z       {
2025-06-14T04:03:03.9278343Z         "id": "summary-name",
2025-06-14T04:03:03.9278417Z         "impact": null,
2025-06-14T04:03:03.9278495Z         "tags": [
2025-06-14T04:03:03.9278599Z           "cat.name-role-value",
2025-06-14T04:03:03.9278675Z           "wcag2a",
2025-06-14T04:03:03.9278849Z           "wcag412",
2025-06-14T04:03:03.9278926Z           "section508",
2025-06-14T04:03:03.9279010Z           "section508.22.a",
2025-06-14T04:03:03.9279079Z           "TTv5",
2025-06-14T04:03:03.9279151Z           "TT6.a",
2025-06-14T04:03:03.9279223Z           "EN-301-549",
2025-06-14T04:03:03.9279293Z           "EN-9.4.1.2"
2025-06-14T04:03:03.9279363Z         ],
2025-06-14T04:03:03.9279581Z         "description": "Ensure summary elements have discernible text",
2025-06-14T04:03:03.9279742Z         "help": "Summary elements must have discernible text",
2025-06-14T04:03:03.9280168Z         "helpUrl": "https://dequeuniversity.com/rules/axe/4.10/summary-name?application=webdriverjs",
2025-06-14T04:03:03.9280245Z         "nodes": []
2025-06-14T04:03:03.9280309Z       },
2025-06-14T04:03:03.9280378Z       {
2025-06-14T04:03:03.9280457Z         "id": "svg-img-alt",
2025-06-14T04:03:03.9280537Z         "impact": null,
2025-06-14T04:03:03.9280610Z         "tags": [
2025-06-14T04:03:03.9280715Z           "cat.text-alternatives",
2025-06-14T04:03:03.9280791Z           "wcag2a",
2025-06-14T04:03:03.9280865Z           "wcag111",
2025-06-14T04:03:03.9280943Z           "section508",
2025-06-14T04:03:03.9281019Z           "section508.22.a",
2025-06-14T04:03:03.9281088Z           "TTv5",
2025-06-14T04:03:03.9281166Z           "TT7.a",
2025-06-14T04:03:03.9281236Z           "EN-301-549",
2025-06-14T04:03:03.9281313Z           "EN-9.1.1.1",
2025-06-14T04:03:03.9281381Z           "ACT"
2025-06-14T04:03:03.9281451Z         ],
2025-06-14T04:03:03.9281831Z         "description": "Ensure <svg> elements with an img, graphics-document or graphics-symbol role have an accessible text",
2025-06-14T04:03:03.9282045Z         "help": "<svg> elements with an img role must have an alternative text",
2025-06-14T04:03:03.9282463Z         "helpUrl": "https://dequeuniversity.com/rules/axe/4.10/svg-img-alt?application=webdriverjs",
2025-06-14T04:03:03.9282539Z         "nodes": []
2025-06-14T04:03:03.9282610Z       },
2025-06-14T04:03:03.9282675Z       {
2025-06-14T04:03:03.9282757Z         "id": "tabindex",
2025-06-14T04:03:03.9282832Z         "impact": null,
2025-06-14T04:03:03.9282906Z         "tags": [
2025-06-14T04:03:03.9282982Z           "cat.keyboard",
2025-06-14T04:03:03.9283062Z           "best-practice"
2025-06-14T04:03:03.9283132Z         ],
2025-06-14T04:03:03.9283352Z         "description": "Ensure tabindex attribute values are not greater than 0",
2025-06-14T04:03:03.9283539Z         "help": "Elements should not have tabindex greater than zero",
2025-06-14T04:03:03.9283829Z         "helpUrl": "https://dequeuniversity.com/rules/axe/4.10/tabindex?application=webdriverjs",
2025-06-14T04:03:03.9283905Z         "nodes": []
2025-06-14T04:03:03.9283971Z       },
2025-06-14T04:03:03.9284035Z       {
2025-06-14T04:03:03.9284152Z         "id": "table-duplicate-name",
2025-06-14T04:03:03.9284235Z         "impact": null,
2025-06-14T04:03:03.9284309Z         "tags": [
2025-06-14T04:03:03.9284383Z           "cat.tables",
2025-06-14T04:03:03.9284466Z           "best-practice"
2025-06-14T04:03:03.9284534Z         ],
2025-06-14T04:03:03.9284848Z         "description": "Ensure the <caption> element does not contain the same text as the summary attribute",
2025-06-14T04:03:03.9285031Z         "help": "Tables should not have the same summary and caption",
2025-06-14T04:03:03.9285368Z         "helpUrl": "https://dequeuniversity.com/rules/axe/4.10/table-duplicate-name?application=webdriverjs",
2025-06-14T04:03:03.9285444Z         "nodes": []
2025-06-14T04:03:03.9285510Z       },
2025-06-14T04:03:03.9285584Z       {
2025-06-14T04:03:03.9285685Z         "id": "td-headers-attr",
2025-06-14T04:03:03.9285764Z         "impact": null,
2025-06-14T04:03:03.9285831Z         "tags": [
2025-06-14T04:03:03.9285906Z           "cat.tables",
2025-06-14T04:03:03.9285982Z           "wcag2a",
2025-06-14T04:03:03.9286057Z           "wcag131",
2025-06-14T04:03:03.9286136Z           "section508",
2025-06-14T04:03:03.9286217Z           "section508.22.g",
2025-06-14T04:03:03.9286290Z           "TTv5",
2025-06-14T04:03:03.9286358Z           "TT14.b",
2025-06-14T04:03:03.9286430Z           "EN-301-549",
2025-06-14T04:03:03.9286506Z           "EN-9.1.3.1"
2025-06-14T04:03:03.9286573Z         ],
2025-06-14T04:03:03.9286956Z         "description": "Ensure that each cell in a table that uses the headers attribute refers only to other cells in that table",
2025-06-14T04:03:03.9287243Z         "help": "Table cells that use the headers attribute must only refer to cells in the same table",
2025-06-14T04:03:03.9287559Z         "helpUrl": "https://dequeuniversity.com/rules/axe/4.10/td-headers-attr?application=webdriverjs",
2025-06-14T04:03:03.9287719Z         "nodes": []
2025-06-14T04:03:03.9287789Z       },
2025-06-14T04:03:03.9287855Z       {
2025-06-14T04:03:03.9287958Z         "id": "th-has-data-cells",
2025-06-14T04:03:03.9288039Z         "impact": null,
2025-06-14T04:03:03.9288113Z         "tags": [
2025-06-14T04:03:03.9288195Z           "cat.tables",
2025-06-14T04:03:03.9288266Z           "wcag2a",
2025-06-14T04:03:03.9288341Z           "wcag131",
2025-06-14T04:03:03.9288414Z           "section508",
2025-06-14T04:03:03.9288492Z           "section508.22.g",
2025-06-14T04:03:03.9288566Z           "TTv5",
2025-06-14T04:03:03.9288635Z           "TT14.b",
2025-06-14T04:03:03.9288711Z           "EN-301-549",
2025-06-14T04:03:03.9288878Z           "EN-9.1.3.1"
2025-06-14T04:03:03.9288950Z         ],
2025-06-14T04:03:03.9289330Z         "description": "Ensure that <th> elements and elements with role=columnheader/rowheader have data cells they describe",
2025-06-14T04:03:03.9289526Z         "help": "Table headers in a data table must refer to data cells",
2025-06-14T04:03:03.9289852Z         "helpUrl": "https://dequeuniversity.com/rules/axe/4.10/th-has-data-cells?application=webdriverjs",
2025-06-14T04:03:03.9289924Z         "nodes": []
2025-06-14T04:03:03.9290111Z       },
2025-06-14T04:03:03.9290181Z       {
2025-06-14T04:03:03.9290269Z         "id": "valid-lang",
2025-06-14T04:03:03.9290344Z         "impact": null,
2025-06-14T04:03:03.9290417Z         "tags": [
2025-06-14T04:03:03.9290494Z           "cat.language",
2025-06-14T04:03:03.9290564Z           "wcag2aa",
2025-06-14T04:03:03.9290640Z           "wcag312",
2025-06-14T04:03:03.9290713Z           "TTv5",
2025-06-14T04:03:03.9290787Z           "TT11.b",
2025-06-14T04:03:03.9290858Z           "EN-301-549",
2025-06-14T04:03:03.9290933Z           "EN-9.3.1.2",
2025-06-14T04:03:03.9291002Z           "ACT"
2025-06-14T04:03:03.9291067Z         ],
2025-06-14T04:03:03.9291250Z         "description": "Ensure lang attributes have valid values",
2025-06-14T04:03:03.9291400Z         "help": "lang attribute must have a valid value",
2025-06-14T04:03:03.9291700Z         "helpUrl": "https://dequeuniversity.com/rules/axe/4.10/valid-lang?application=webdriverjs",
2025-06-14T04:03:03.9291773Z         "nodes": []
2025-06-14T04:03:03.9291848Z       },
2025-06-14T04:03:03.9291913Z       {
2025-06-14T04:03:03.9292015Z         "id": "video-caption",
2025-06-14T04:03:03.9292094Z         "impact": null,
2025-06-14T04:03:03.9292163Z         "tags": [
2025-06-14T04:03:03.9292273Z           "cat.text-alternatives",
2025-06-14T04:03:03.9292343Z           "wcag2a",
2025-06-14T04:03:03.9292419Z           "wcag122",
2025-06-14T04:03:03.9292492Z           "section508",
2025-06-14T04:03:03.9292569Z           "section508.22.a",
2025-06-14T04:03:03.9292645Z           "TTv5",
2025-06-14T04:03:03.9292715Z           "TT17.a",
2025-06-14T04:03:03.9292791Z           "EN-301-549",
2025-06-14T04:03:03.9292862Z           "EN-9.1.2.2"
2025-06-14T04:03:03.9292935Z         ],
2025-06-14T04:03:03.9293102Z         "description": "Ensure <video> elements have captions",
2025-06-14T04:03:03.9293240Z         "help": "<video> elements must have captions",
2025-06-14T04:03:03.9293554Z         "helpUrl": "https://dequeuniversity.com/rules/axe/4.10/video-caption?application=webdriverjs",
2025-06-14T04:03:03.9293626Z         "nodes": []
2025-06-14T04:03:03.9293696Z       },
2025-06-14T04:03:03.9293762Z       {
2025-06-14T04:03:03.9293869Z         "id": "no-autoplay-audio",
2025-06-14T04:03:03.9293944Z         "impact": null,
2025-06-14T04:03:03.9294013Z         "tags": [
2025-06-14T04:03:03.9294119Z           "cat.time-and-media",
2025-06-14T04:03:03.9294188Z           "wcag2a",
2025-06-14T04:03:03.9294264Z           "wcag142",
2025-06-14T04:03:03.9294333Z           "TTv5",
2025-06-14T04:03:03.9294406Z           "TT2.a",
2025-06-14T04:03:03.9294478Z           "EN-301-549",
2025-06-14T04:03:03.9294551Z           "EN-9.1.4.2",
2025-06-14T04:03:03.9294743Z           "ACT"
2025-06-14T04:03:03.9294809Z         ],
2025-06-14T04:03:03.9295293Z         "description": "Ensure <video> or <audio> elements do not autoplay audio for more than 3 seconds without a control mechanism to stop or mute the audio",
2025-06-14T04:03:03.9295486Z         "help": "<video> or <audio> elements must not play automatically",
2025-06-14T04:03:03.9295813Z         "helpUrl": "https://dequeuniversity.com/rules/axe/4.10/no-autoplay-audio?application=webdriverjs",
2025-06-14T04:03:03.9295885Z         "nodes": []
2025-06-14T04:03:03.9295954Z       }
2025-06-14T04:03:03.9296022Z     ],
2025-06-14T04:03:03.9296097Z     "passes": [
2025-06-14T04:03:03.9296167Z       {
2025-06-14T04:03:03.9296270Z         "id": "aria-hidden-body",
2025-06-14T04:03:03.9296350Z         "impact": null,
2025-06-14T04:03:03.9296418Z         "tags": [
2025-06-14T04:03:03.9296496Z           "cat.aria",
2025-06-14T04:03:03.9296565Z           "wcag2a",
2025-06-14T04:03:03.9296635Z           "wcag131",
2025-06-14T04:03:03.9296715Z           "wcag412",
2025-06-14T04:03:03.9296787Z           "EN-301-549",
2025-06-14T04:03:03.9296863Z           "EN-9.1.3.1",
2025-06-14T04:03:03.9296933Z           "EN-9.4.1.2"
2025-06-14T04:03:03.9297004Z         ],
2025-06-14T04:03:03.9297333Z         "description": "Ensure aria-hidden=\"true\" is not present on the document body.",
2025-06-14T04:03:03.9297546Z         "help": "aria-hidden=\"true\" must not be present on the document body",
2025-06-14T04:03:03.9297875Z         "helpUrl": "https://dequeuniversity.com/rules/axe/4.10/aria-hidden-body?application=webdriverjs",
2025-06-14T04:03:03.9297946Z         "nodes": [
2025-06-14T04:03:03.9298017Z           {
2025-06-14T04:03:03.9298088Z             "any": [
2025-06-14T04:03:03.9298166Z               {
2025-06-14T04:03:03.9298285Z                 "id": "aria-hidden-body",
2025-06-14T04:03:03.9298370Z                 "data": null,
2025-06-14T04:03:03.9298476Z                 "relatedNodes": [],
2025-06-14T04:03:03.9298582Z                 "impact": "critical",
2025-06-14T04:03:03.9298889Z                 "message": "No aria-hidden attribute is present on document body"
2025-06-14T04:03:03.9298961Z               }
2025-06-14T04:03:03.9299034Z             ],
2025-06-14T04:03:03.9299108Z             "all": [],
2025-06-14T04:03:03.9299186Z             "none": [],
2025-06-14T04:03:03.9299268Z             "impact": null,
2025-06-14T04:03:03.9299784Z             "html": "<body>\n    <div id=\"root\"><div class=\"loading-container\"><div class=\"spinner\"></div><p>Loading NCAA D1 College Softball data...</p></div></div>\n  \n\n</body>",
2025-06-14T04:03:03.9299858Z             "target": [
2025-06-14T04:03:03.9299929Z               "body"
2025-06-14T04:03:03.9300001Z             ]
2025-06-14T04:03:03.9300066Z           }
2025-06-14T04:03:03.9300137Z         ]
2025-06-14T04:03:03.9300202Z       },
2025-06-14T04:03:03.9300267Z       {
2025-06-14T04:03:03.9300373Z         "id": "document-title",
2025-06-14T04:03:03.9300447Z         "impact": null,
2025-06-14T04:03:03.9300526Z         "tags": [
2025-06-14T04:03:03.9300632Z           "cat.text-alternatives",
2025-06-14T04:03:03.9300707Z           "wcag2a",
2025-06-14T04:03:03.9300779Z           "wcag242",
2025-06-14T04:03:03.9300848Z           "TTv5",
2025-06-14T04:03:03.9300923Z           "TT12.a",
2025-06-14T04:03:03.9300999Z           "EN-301-549",
2025-06-14T04:03:03.9301076Z           "EN-9.2.4.2",
2025-06-14T04:03:03.9301143Z           "ACT"
2025-06-14T04:03:03.9301213Z         ],
2025-06-14T04:03:03.9301462Z         "description": "Ensure each HTML document contains a non-empty <title> element",
2025-06-14T04:03:03.9301668Z         "help": "Documents must have <title> element to aid in navigation",
2025-06-14T04:03:03.9301987Z         "helpUrl": "https://dequeuniversity.com/rules/axe/4.10/document-title?application=webdriverjs",
2025-06-14T04:03:03.9302060Z         "nodes": [
2025-06-14T04:03:03.9302132Z           {
2025-06-14T04:03:03.9302205Z             "any": [
2025-06-14T04:03:03.9302278Z               {
2025-06-14T04:03:03.9302511Z                 "id": "doc-has-title",
2025-06-14T04:03:03.9302594Z                 "data": null,
2025-06-14T04:03:03.9302697Z                 "relatedNodes": [],
2025-06-14T04:03:03.9302799Z                 "impact": "serious",
2025-06-14T04:03:03.9302973Z                 "message": "Document has a non-empty <title> element"
2025-06-14T04:03:03.9303044Z               }
2025-06-14T04:03:03.9303117Z             ],
2025-06-14T04:03:03.9303189Z             "all": [],
2025-06-14T04:03:03.9303267Z             "none": [],
2025-06-14T04:03:03.9303344Z             "impact": null,
2025-06-14T04:03:03.9303451Z             "html": "<html lang=\"en\">",
2025-06-14T04:03:03.9303529Z             "target": [
2025-06-14T04:03:03.9303599Z               "html"
2025-06-14T04:03:03.9303671Z             ]
2025-06-14T04:03:03.9303737Z           }
2025-06-14T04:03:03.9303807Z         ]
2025-06-14T04:03:03.9303873Z       },
2025-06-14T04:03:03.9303938Z       {
2025-06-14T04:03:03.9304043Z         "id": "html-has-lang",
2025-06-14T04:03:03.9304123Z         "impact": null,
2025-06-14T04:03:03.9304197Z         "tags": [
2025-06-14T04:03:03.9304275Z           "cat.language",
2025-06-14T04:03:03.9304351Z           "wcag2a",
2025-06-14T04:03:03.9304420Z           "wcag311",
2025-06-14T04:03:03.9304494Z           "TTv5",
2025-06-14T04:03:03.9304675Z           "TT11.a",
2025-06-14T04:03:03.9304753Z           "EN-301-549",
2025-06-14T04:03:03.9304828Z           "EN-9.3.1.1",
2025-06-14T04:03:03.9304895Z           "ACT"
2025-06-14T04:03:03.9304960Z         ],
2025-06-14T04:03:03.9305164Z         "description": "Ensure every HTML document has a lang attribute",
2025-06-14T04:03:03.9305315Z         "help": "<html> element must have a lang attribute",
2025-06-14T04:03:03.9305629Z         "helpUrl": "https://dequeuniversity.com/rules/axe/4.10/html-has-lang?application=webdriverjs",
2025-06-14T04:03:03.9305701Z         "nodes": [
2025-06-14T04:03:03.9305773Z           {
2025-06-14T04:03:03.9305844Z             "any": [
2025-06-14T04:03:03.9305919Z               {
2025-06-14T04:03:03.9306017Z                 "id": "has-lang",
2025-06-14T04:03:03.9306094Z                 "data": null,
2025-06-14T04:03:03.9306200Z                 "relatedNodes": [],
2025-06-14T04:03:03.9306299Z                 "impact": "serious",
2025-06-14T04:03:03.9306469Z                 "message": "The <html> element has a lang attribute"
2025-06-14T04:03:03.9306537Z               }
2025-06-14T04:03:03.9306609Z             ],
2025-06-14T04:03:03.9306681Z             "all": [],
2025-06-14T04:03:03.9306754Z             "none": [],
2025-06-14T04:03:03.9306835Z             "impact": null,
2025-06-14T04:03:03.9306941Z             "html": "<html lang=\"en\">",
2025-06-14T04:03:03.9307020Z             "target": [
2025-06-14T04:03:03.9307091Z               "html"
2025-06-14T04:03:03.9307161Z             ]
2025-06-14T04:03:03.9307227Z           }
2025-06-14T04:03:03.9307293Z         ]
2025-06-14T04:03:03.9307363Z       },
2025-06-14T04:03:03.9307429Z       {
2025-06-14T04:03:03.9307545Z         "id": "html-lang-valid",
2025-06-14T04:03:03.9307621Z         "impact": null,
2025-06-14T04:03:03.9307695Z         "tags": [
2025-06-14T04:03:03.9307772Z           "cat.language",
2025-06-14T04:03:03.9307842Z           "wcag2a",
2025-06-14T04:03:03.9307919Z           "wcag311",
2025-06-14T04:03:03.9307992Z           "TTv5",
2025-06-14T04:03:03.9308066Z           "TT11.a",
2025-06-14T04:03:03.9308139Z           "EN-301-549",
2025-06-14T04:03:03.9308215Z           "EN-9.3.1.1",
2025-06-14T04:03:03.9308284Z           "ACT"
2025-06-14T04:03:03.9308349Z         ],
2025-06-14T04:03:03.9308605Z         "description": "Ensure the lang attribute of the <html> element has a valid value",
2025-06-14T04:03:03.9308971Z         "help": "<html> element must have a valid value for the lang attribute",
2025-06-14T04:03:03.9309296Z         "helpUrl": "https://dequeuniversity.com/rules/axe/4.10/html-lang-valid?application=webdriverjs",
2025-06-14T04:03:03.9309369Z         "nodes": [
2025-06-14T04:03:03.9309561Z           {
2025-06-14T04:03:03.9309634Z             "any": [],
2025-06-14T04:03:03.9309705Z             "all": [],
2025-06-14T04:03:03.9309781Z             "none": [
2025-06-14T04:03:03.9309849Z               {
2025-06-14T04:03:03.9309954Z                 "id": "valid-lang",
2025-06-14T04:03:03.9310036Z                 "data": null,
2025-06-14T04:03:03.9310140Z                 "relatedNodes": [],
2025-06-14T04:03:03.9310239Z                 "impact": "serious",
2025-06-14T04:03:03.9310482Z                 "message": "Value of lang attribute is included in the list of valid languages"
2025-06-14T04:03:03.9310550Z               }
2025-06-14T04:03:03.9310618Z             ],
2025-06-14T04:03:03.9310700Z             "impact": null,
2025-06-14T04:03:03.9310805Z             "html": "<html lang=\"en\">",
2025-06-14T04:03:03.9310882Z             "target": [
2025-06-14T04:03:03.9310952Z               "html"
2025-06-14T04:03:03.9311024Z             ]
2025-06-14T04:03:03.9311090Z           }
2025-06-14T04:03:03.9311160Z         ]
2025-06-14T04:03:03.9311230Z       },
2025-06-14T04:03:03.9311295Z       {
2025-06-14T04:03:03.9311414Z         "id": "meta-viewport-large",
2025-06-14T04:03:03.9311490Z         "impact": null,
2025-06-14T04:03:03.9311560Z         "tags": [
2025-06-14T04:03:03.9311797Z           "cat.sensory-and-visual-cues",
2025-06-14T04:03:03.9311885Z           "best-practice"
2025-06-14T04:03:03.9311959Z         ],
2025-06-14T04:03:03.9312197Z         "description": "Ensure <meta name=\"viewport\"> can scale a significant amount",
2025-06-14T04:03:03.9312407Z         "help": "Users should be able to zoom and scale the text up to 500%",
2025-06-14T04:03:03.9312750Z         "helpUrl": "https://dequeuniversity.com/rules/axe/4.10/meta-viewport-large?application=webdriverjs",
2025-06-14T04:03:03.9312826Z         "nodes": [
2025-06-14T04:03:03.9312892Z           {
2025-06-14T04:03:03.9312962Z             "any": [
2025-06-14T04:03:03.9313034Z               {
2025-06-14T04:03:03.9313154Z                 "id": "meta-viewport-large",
2025-06-14T04:03:03.9313242Z                 "data": null,
2025-06-14T04:03:03.9313342Z                 "relatedNodes": [],
2025-06-14T04:03:03.9313444Z                 "impact": "minor",
2025-06-14T04:03:03.9313681Z                 "message": "<meta> tag does not prevent significant zooming on mobile devices"
2025-06-14T04:03:03.9313754Z               }
2025-06-14T04:03:03.9313823Z             ],
2025-06-14T04:03:03.9313894Z             "all": [],
2025-06-14T04:03:03.9313972Z             "none": [],
2025-06-14T04:03:03.9314049Z             "impact": null,
2025-06-14T04:03:03.9314303Z             "html": "<meta name=\"viewport\" content=\"width=device-width, initial-scale=1.0\">",
2025-06-14T04:03:03.9314377Z             "target": [
2025-06-14T04:03:03.9314492Z               "meta[name=\"viewport\"]"
2025-06-14T04:03:03.9314559Z             ]
2025-06-14T04:03:03.9314625Z           }
2025-06-14T04:03:03.9314695Z         ]
2025-06-14T04:03:03.9314761Z       },
2025-06-14T04:03:03.9314834Z       {
2025-06-14T04:03:03.9314938Z         "id": "meta-viewport",
2025-06-14T04:03:03.9315021Z         "impact": null,
2025-06-14T04:03:03.9315090Z         "tags": [
2025-06-14T04:03:03.9315209Z           "cat.sensory-and-visual-cues",
2025-06-14T04:03:03.9315285Z           "wcag2aa",
2025-06-14T04:03:03.9315361Z           "wcag144",
2025-06-14T04:03:03.9315438Z           "EN-301-549",
2025-06-14T04:03:03.9315510Z           "EN-9.1.4.4",
2025-06-14T04:03:03.9315577Z           "ACT"
2025-06-14T04:03:03.9315648Z         ],
2025-06-14T04:03:03.9315917Z         "description": "Ensure <meta name=\"viewport\"> does not disable text scaling and zooming",
2025-06-14T04:03:03.9316073Z         "help": "Zooming and scaling must not be disabled",
2025-06-14T04:03:03.9316381Z         "helpUrl": "https://dequeuniversity.com/rules/axe/4.10/meta-viewport?application=webdriverjs",
2025-06-14T04:03:03.9316457Z         "nodes": [
2025-06-14T04:03:03.9316524Z           {
2025-06-14T04:03:03.9316598Z             "any": [
2025-06-14T04:03:03.9316754Z               {
2025-06-14T04:03:03.9316862Z                 "id": "meta-viewport",
2025-06-14T04:03:03.9316943Z                 "data": null,
2025-06-14T04:03:03.9317042Z                 "relatedNodes": [],
2025-06-14T04:03:03.9317152Z                 "impact": "critical",
2025-06-14T04:03:03.9317351Z                 "message": "<meta> tag does not disable zooming on mobile devices"
2025-06-14T04:03:03.9317423Z               }
2025-06-14T04:03:03.9317491Z             ],
2025-06-14T04:03:03.9317563Z             "all": [],
2025-06-14T04:03:03.9317640Z             "none": [],
2025-06-14T04:03:03.9317717Z             "impact": null,
2025-06-14T04:03:03.9317968Z             "html": "<meta name=\"viewport\" content=\"width=device-width, initial-scale=1.0\">",
2025-06-14T04:03:03.9318040Z             "target": [
2025-06-14T04:03:03.9318151Z               "meta[name=\"viewport\"]"
2025-06-14T04:03:03.9318218Z             ]
2025-06-14T04:03:03.9318288Z           }
2025-06-14T04:03:03.9318359Z         ]
2025-06-14T04:03:03.9318425Z       },
2025-06-14T04:03:03.9318495Z       {
2025-06-14T04:03:03.9318569Z         "id": "region",
2025-06-14T04:03:03.9318653Z         "impact": "moderate",
2025-06-14T04:03:03.9318724Z         "tags": [
2025-06-14T04:03:03.9318908Z           "cat.keyboard",
2025-06-14T04:03:03.9319107Z           "best-practice"
2025-06-14T04:03:03.9319178Z         ],
2025-06-14T04:03:03.9319394Z         "description": "Ensure all page content is contained by landmarks",
2025-06-14T04:03:03.9319566Z         "help": "All page content should be contained by landmarks",
2025-06-14T04:03:03.9319848Z         "helpUrl": "https://dequeuniversity.com/rules/axe/4.10/region?application=webdriverjs",
2025-06-14T04:03:03.9319920Z         "nodes": [
2025-06-14T04:03:03.9319991Z           {
2025-06-14T04:03:03.9320061Z             "any": [
2025-06-14T04:03:03.9320129Z               {
2025-06-14T04:03:03.9320228Z                 "id": "region",
2025-06-14T04:03:03.9320301Z                 "data": {
2025-06-14T04:03:03.9320410Z                   "isIframe": false
2025-06-14T04:03:03.9320481Z                 },
2025-06-14T04:03:03.9320585Z                 "relatedNodes": [],
2025-06-14T04:03:03.9320687Z                 "impact": "moderate",
2025-06-14T04:03:03.9320862Z                 "message": "All page content is contained by landmarks"
2025-06-14T04:03:03.9320936Z               }
2025-06-14T04:03:03.9321003Z             ],
2025-06-14T04:03:03.9321083Z             "all": [],
2025-06-14T04:03:03.9321156Z             "none": [],
2025-06-14T04:03:03.9321236Z             "impact": null,
2025-06-14T04:03:03.9321624Z             "html": "<div class=\"loading-container\"><div class=\"spinner\"></div><p>Loading NCAA D1 College Softball data...</p></div>",
2025-06-14T04:03:03.9321703Z             "target": [
2025-06-14T04:03:03.9321808Z               ".loading-container"
2025-06-14T04:03:03.9321874Z             ]
2025-06-14T04:03:03.9321947Z           },
2025-06-14T04:03:03.9322013Z           {
2025-06-14T04:03:03.9322096Z             "any": [
2025-06-14T04:03:03.9322163Z               {
2025-06-14T04:03:03.9322256Z                 "id": "region",
2025-06-14T04:03:03.9322334Z                 "data": {
2025-06-14T04:03:03.9322431Z                   "isIframe": false
2025-06-14T04:03:03.9322506Z                 },
2025-06-14T04:03:03.9322608Z                 "relatedNodes": [],
2025-06-14T04:03:03.9322713Z                 "impact": "moderate",
2025-06-14T04:03:03.9322879Z                 "message": "All page content is contained by landmarks"
2025-06-14T04:03:03.9322951Z               }
2025-06-14T04:03:03.9323019Z             ],
2025-06-14T04:03:03.9323094Z             "all": [],
2025-06-14T04:03:03.9323171Z             "none": [],
2025-06-14T04:03:03.9323249Z             "impact": null,
2025-06-14T04:03:03.9323386Z             "html": "<div class=\"spinner\"></div>",
2025-06-14T04:03:03.9323458Z             "target": [
2025-06-14T04:03:03.9323539Z               ".spinner"
2025-06-14T04:03:03.9323606Z             ]
2025-06-14T04:03:03.9323827Z           },
2025-06-14T04:03:03.9323900Z           {
2025-06-14T04:03:03.9323971Z             "any": [
2025-06-14T04:03:03.9324046Z               {
2025-06-14T04:03:03.9324140Z                 "id": "region",
2025-06-14T04:03:03.9324212Z                 "data": {
2025-06-14T04:03:03.9324323Z                   "isIframe": false
2025-06-14T04:03:03.9324395Z                 },
2025-06-14T04:03:03.9324500Z                 "relatedNodes": [],
2025-06-14T04:03:03.9324602Z                 "impact": "moderate",
2025-06-14T04:03:03.9324772Z                 "message": "All page content is contained by landmarks"
2025-06-14T04:03:03.9324841Z               }
2025-06-14T04:03:03.9324916Z             ],
2025-06-14T04:03:03.9324989Z             "all": [],
2025-06-14T04:03:03.9325064Z             "none": [],
2025-06-14T04:03:03.9325147Z             "impact": null,
2025-06-14T04:03:03.9325318Z             "html": "<p>Loading NCAA D1 College Softball data...</p>",
2025-06-14T04:03:03.9325407Z             "target": [
2025-06-14T04:03:03.9325481Z               "p"
2025-06-14T04:03:03.9325554Z             ]
2025-06-14T04:03:03.9325693Z           }
2025-06-14T04:03:03.9325793Z         ]
2025-06-14T04:03:03.9325929Z       }
2025-06-14T04:03:03.9326201Z     ],
2025-06-14T04:03:03.9326327Z     "incomplete": [
2025-06-14T04:03:03.9326539Z       {
2025-06-14T04:03:03.9326673Z         "id": "color-contrast",
2025-06-14T04:03:03.9326822Z         "impact": "serious",
2025-06-14T04:03:03.9326909Z         "tags": [
2025-06-14T04:03:03.9327072Z           "cat.color",
2025-06-14T04:03:03.9327263Z           "wcag2aa",
2025-06-14T04:03:03.9327367Z           "wcag143",
2025-06-14T04:03:03.9327503Z           "TTv5",
2025-06-14T04:03:03.9327603Z           "TT13.c",
2025-06-14T04:03:03.9327780Z           "EN-301-549",
2025-06-14T04:03:03.9327902Z           "EN-9.1.4.3",
2025-06-14T04:03:03.9328002Z           "ACT"
2025-06-14T04:03:03.9328137Z         ],
2025-06-14T04:03:03.9328592Z         "description": "Ensure the contrast between foreground and background colors meets WCAG 2 AA minimum contrast ratio thresholds",
2025-06-14T04:03:03.9329130Z         "help": "Elements must meet minimum color contrast ratio thresholds",
2025-06-14T04:03:03.9329587Z         "helpUrl": "https://dequeuniversity.com/rules/axe/4.10/color-contrast?application=webdriverjs",
2025-06-14T04:03:03.9329783Z         "nodes": [
2025-06-14T04:03:03.9329885Z           {
2025-06-14T04:03:03.9330030Z             "any": [
2025-06-14T04:03:03.9330130Z               {
2025-06-14T04:03:03.9330258Z                 "id": "color-contrast",
2025-06-14T04:03:03.9330463Z                 "data": {
2025-06-14T04:03:03.9330604Z                   "contrastRatio": 0,
2025-06-14T04:03:03.9330792Z                   "fontSize": "14.4pt (19.2px)",
2025-06-14T04:03:03.9330934Z                   "fontWeight": "normal",
2025-06-14T04:03:03.9331101Z                   "messageKey": "bgGradient",
2025-06-14T04:03:03.9331308Z                   "expectedContrastRatio": "4.5:1"
2025-06-14T04:03:03.9331505Z                 },
2025-06-14T04:03:03.9331622Z                 "relatedNodes": [
2025-06-14T04:03:03.9341302Z                   {
2025-06-14T04:03:03.9341901Z                     "html": "<body>\n    <div id=\"root\"><div class=\"loading-container\"><div class=\"spinner\"></div><p>Loading NCAA D1 College Softball data...</p></div></div>\n  \n\n</body>",
2025-06-14T04:03:03.9342019Z                     "target": [
2025-06-14T04:03:03.9342102Z                       "body"
2025-06-14T04:03:03.9342183Z                     ]
2025-06-14T04:03:03.9342253Z                   }
2025-06-14T04:03:03.9342328Z                 ],
2025-06-14T04:03:03.9342436Z                 "impact": "serious",
2025-06-14T04:03:03.9342745Z                 "message": "Element's background color could not be determined due to a background gradient"
2025-06-14T04:03:03.9342821Z               }
2025-06-14T04:03:03.9342891Z             ],
2025-06-14T04:03:03.9342971Z             "all": [],
2025-06-14T04:03:03.9343245Z             "none": [],
2025-06-14T04:03:03.9343353Z             "impact": "serious",
2025-06-14T04:03:03.9343543Z             "html": "<p>Loading NCAA D1 College Softball data...</p>",
2025-06-14T04:03:03.9343620Z             "target": [
2025-06-14T04:03:03.9343701Z               "p"
2025-06-14T04:03:03.9343769Z             ],
2025-06-14T04:03:03.9344198Z             "failureSummary": "Fix any of the following:\n  Element's background color could not be determined due to a background gradient"
2025-06-14T04:03:03.9344268Z           }
2025-06-14T04:03:03.9344338Z         ]
2025-06-14T04:03:03.9344405Z       }
2025-06-14T04:03:03.9344476Z     ],
2025-06-14T04:03:03.9344555Z     "violations": [
2025-06-14T04:03:03.9344622Z       {
2025-06-14T04:03:03.9344740Z         "id": "landmark-one-main",
2025-06-14T04:03:03.9344824Z         "impact": "moderate",
2025-06-14T04:03:03.9344899Z         "tags": [
2025-06-14T04:03:03.9344979Z           "cat.semantics",
2025-06-14T04:03:03.9345060Z           "best-practice"
2025-06-14T04:03:03.9345138Z         ],
2025-06-14T04:03:03.9345320Z         "description": "Ensure the document has a main landmark",
2025-06-14T04:03:03.9345470Z         "help": "Document should have one main landmark",
2025-06-14T04:03:03.9345925Z         "helpUrl": "https://dequeuniversity.com/rules/axe/4.10/landmark-one-main?application=webdriverjs",
2025-06-14T04:03:03.9346008Z         "nodes": [
2025-06-14T04:03:03.9346075Z           {
2025-06-14T04:03:03.9346153Z             "any": [],
2025-06-14T04:03:03.9346224Z             "all": [
2025-06-14T04:03:03.9346293Z               {
2025-06-14T04:03:03.9346411Z                 "id": "page-has-main",
2025-06-14T04:03:03.9346490Z                 "data": null,
2025-06-14T04:03:03.9346599Z                 "relatedNodes": [],
2025-06-14T04:03:03.9346706Z                 "impact": "moderate",
2025-06-14T04:03:03.9346874Z                 "message": "Document does not have a main landmark"
2025-06-14T04:03:03.9346942Z               }
2025-06-14T04:03:03.9347015Z             ],
2025-06-14T04:03:03.9347095Z             "none": [],
2025-06-14T04:03:03.9347196Z             "impact": "moderate",
2025-06-14T04:03:03.9347309Z             "html": "<html lang=\"en\">",
2025-06-14T04:03:03.9347382Z             "target": [
2025-06-14T04:03:03.9347458Z               "html"
2025-06-14T04:03:03.9347530Z             ],
2025-06-14T04:03:03.9347799Z             "failureSummary": "Fix all of the following:\n  Document does not have a main landmark"
2025-06-14T04:03:03.9347870Z           }
2025-06-14T04:03:03.9347936Z         ]
2025-06-14T04:03:03.9348006Z       },
2025-06-14T04:03:03.9348071Z       {
2025-06-14T04:03:03.9348189Z         "id": "page-has-heading-one",
2025-06-14T04:03:03.9348272Z         "impact": "moderate",
2025-06-14T04:03:03.9348343Z         "tags": [
2025-06-14T04:03:03.9348428Z           "cat.semantics",
2025-06-14T04:03:03.9348508Z           "best-practice"
2025-06-14T04:03:03.9348579Z         ],
2025-06-14T04:03:03.9349027Z         "description": "Ensure that the page, or at least one of its frames contains a level-one heading",
2025-06-14T04:03:03.9349196Z         "help": "Page should contain a level-one heading",
2025-06-14T04:03:03.9349548Z         "helpUrl": "https://dequeuniversity.com/rules/axe/4.10/page-has-heading-one?application=webdriverjs",
2025-06-14T04:03:03.9349631Z         "nodes": [
2025-06-14T04:03:03.9349700Z           {
2025-06-14T04:03:03.9349774Z             "any": [],
2025-06-14T04:03:03.9349851Z             "all": [
2025-06-14T04:03:03.9349919Z               {
2025-06-14T04:03:03.9350051Z                 "id": "page-has-heading-one",
2025-06-14T04:03:03.9350131Z                 "data": null,
2025-06-14T04:03:03.9350239Z                 "relatedNodes": [],
2025-06-14T04:03:03.9350345Z                 "impact": "moderate",
2025-06-14T04:03:03.9350501Z                 "message": "Page must have a level-one heading"
2025-06-14T04:03:03.9350574Z               }
2025-06-14T04:03:03.9350641Z             ],
2025-06-14T04:03:03.9350720Z             "none": [],
2025-06-14T04:03:03.9350947Z             "impact": "moderate",
2025-06-14T04:03:03.9351061Z             "html": "<html lang=\"en\">",
2025-06-14T04:03:03.9351134Z             "target": [
2025-06-14T04:03:03.9351205Z               "html"
2025-06-14T04:03:03.9351277Z             ],
2025-06-14T04:03:03.9351547Z             "failureSummary": "Fix all of the following:\n  Page must have a level-one heading"
2025-06-14T04:03:03.9351620Z           }
2025-06-14T04:03:03.9351686Z         ]
2025-06-14T04:03:03.9351758Z       },
2025-06-14T04:03:03.9351824Z       {
2025-06-14T04:03:03.9351898Z         "id": "region",
2025-06-14T04:03:03.9351985Z         "impact": "moderate",
2025-06-14T04:03:03.9352055Z         "tags": [
2025-06-14T04:03:03.9352139Z           "cat.keyboard",
2025-06-14T04:03:03.9352219Z           "best-practice"
2025-06-14T04:03:03.9352290Z         ],
2025-06-14T04:03:03.9352497Z         "description": "Ensure all page content is contained by landmarks",
2025-06-14T04:03:03.9352678Z         "help": "All page content should be contained by landmarks",
2025-06-14T04:03:03.9352964Z         "helpUrl": "https://dequeuniversity.com/rules/axe/4.10/region?application=webdriverjs",
2025-06-14T04:03:03.9353037Z         "nodes": [
2025-06-14T04:03:03.9353109Z           {
2025-06-14T04:03:03.9353181Z             "any": [
2025-06-14T04:03:03.9353362Z               {
2025-06-14T04:03:03.9353463Z                 "id": "region",
2025-06-14T04:03:03.9353541Z                 "data": {
2025-06-14T04:03:03.9353643Z                   "isIframe": false
2025-06-14T04:03:03.9353713Z                 },
2025-06-14T04:03:03.9353817Z                 "relatedNodes": [],
2025-06-14T04:03:03.9353918Z                 "impact": "moderate",
2025-06-14T04:03:03.9354111Z                 "message": "Some page content is not contained by landmarks"
2025-06-14T04:03:03.9354179Z               }
2025-06-14T04:03:03.9354252Z             ],
2025-06-14T04:03:03.9354325Z             "all": [],
2025-06-14T04:03:03.9354398Z             "none": [],
2025-06-14T04:03:03.9354506Z             "impact": "moderate",
2025-06-14T04:03:03.9354944Z             "html": "<div id=\"root\"><div class=\"loading-container\"><div class=\"spinner\"></div><p>Loading NCAA D1 College Softball data...</p></div></div>",
2025-06-14T04:03:03.9355024Z             "target": [
2025-06-14T04:03:03.9355099Z               "#root"
2025-06-14T04:03:03.9355172Z             ],
2025-06-14T04:03:03.9355468Z             "failureSummary": "Fix any of the following:\n  Some page content is not contained by landmarks"
2025-06-14T04:03:03.9355540Z           }
2025-06-14T04:03:03.9355605Z         ]
2025-06-14T04:03:03.9355671Z       }
2025-06-14T04:03:03.9355744Z     ]
2025-06-14T04:03:03.9355809Z   }
2025-06-14T04:03:03.9355882Z ]
2025-06-14T04:03:03.9383610Z ##[group]Run echo "Running Pa11y scan..."
2025-06-14T04:03:03.9383762Z [36;1mecho "Running Pa11y scan..."[0m
2025-06-14T04:03:03.9383938Z [36;1mTARGET_URL="https://ncaa-d1-softball.netlify.app/"[0m
2025-06-14T04:03:03.9384005Z [36;1m[0m
2025-06-14T04:03:03.9384120Z [36;1m# Run pa11y with multiple reporters[0m
2025-06-14T04:03:03.9384376Z [36;1mpa11y --config pa11y.json --reporter json --reporter html --reporter csv "$TARGET_URL" \[0m
2025-06-14T04:03:03.9384500Z [36;1m  > accessibility-reports/pa11y-report.json \[0m
2025-06-14T04:03:03.9384744Z [36;1m  2> accessibility-reports/pa11y-report.html || echo "Pa11y scan completed with issues"[0m
2025-06-14T04:03:03.9384806Z [36;1m[0m
2025-06-14T04:03:03.9384908Z [36;1m# Ensure valid JSON even if pa11y fails[0m
2025-06-14T04:03:03.9385212Z [36;1mif [ ! -f "accessibility-reports/pa11y-report.json" ] || [ ! -s "accessibility-reports/pa11y-report.json" ]; then[0m
2025-06-14T04:03:03.9385372Z [36;1m  echo "[]" > accessibility-reports/pa11y-report.json[0m
2025-06-14T04:03:03.9385435Z [36;1mfi[0m
2025-06-14T04:03:03.9434646Z shell: /usr/bin/bash -e {0}
2025-06-14T04:03:03.9434714Z env:
2025-06-14T04:03:03.9434889Z   ACCESSIBILITY_CONFIG_PATH: .github/accessibility-config.yml
2025-06-14T04:03:03.9435205Z   DEFAULT_TARGET_URL: https://ncaa-d1-softball.netlify.app/
2025-06-14T04:03:03.9435278Z   NODE_VERSION: 20
2025-06-14T04:03:03.9435370Z   REPORT_DIR: accessibility-reports
2025-06-14T04:03:03.9435443Z ##[endgroup]
2025-06-14T04:03:03.9504074Z Running Pa11y scan...
2025-06-14T04:03:08.6746307Z ##[group]Run echo "Running Lighthouse accessibility audit..."
2025-06-14T04:03:08.6747051Z [36;1mecho "Running Lighthouse accessibility audit..."[0m
2025-06-14T04:03:08.6747722Z [36;1mTARGET_URL="https://ncaa-d1-softball.netlify.app/"[0m
2025-06-14T04:03:08.6748246Z [36;1m[0m
2025-06-14T04:03:08.6748686Z [36;1m# Run lighthouse for desktop with proper emulation settings[0m
2025-06-14T04:03:08.6750085Z [36;1mlighthouse "$TARGET_URL" \[0m
2025-06-14T04:03:08.6750572Z [36;1m  --only-categories=accessibility \[0m
2025-06-14T04:03:08.6751047Z [36;1m  --output=json \[0m
2025-06-14T04:03:08.6751809Z [36;1m  --output-path=accessibility-reports/lighthouse-accessibility-desktop.json \[0m
2025-06-14T04:03:08.6752780Z [36;1m  --chrome-flags="--headless --no-sandbox --disable-dev-shm-usage" \[0m
2025-06-14T04:03:08.6753420Z [36;1m  --form-factor=desktop \[0m
2025-06-14T04:03:08.6753886Z [36;1m  --screenEmulation.disabled=true \[0m
2025-06-14T04:03:08.6754742Z [36;1m  --screenEmulation.mobile=false || echo "Lighthouse desktop scan completed with issues"[0m
2025-06-14T04:03:08.6755463Z [36;1m[0m
2025-06-14T04:03:08.6755900Z [36;1m# Run lighthouse for mobile with explicit mobile emulation[0m
2025-06-14T04:03:08.6756484Z [36;1mlighthouse "$TARGET_URL" \[0m
2025-06-14T04:03:08.6756950Z [36;1m  --only-categories=accessibility \[0m
2025-06-14T04:03:08.6757392Z [36;1m  --output=json \[0m
2025-06-14T04:03:08.6758042Z [36;1m  --output-path=accessibility-reports/lighthouse-accessibility-mobile.json \[0m
2025-06-14T04:03:08.6759179Z [36;1m  --chrome-flags="--headless --no-sandbox --disable-dev-shm-usage" \[0m
2025-06-14T04:03:08.6759810Z [36;1m  --form-factor=mobile \[0m
2025-06-14T04:03:08.6760531Z [36;1m  --screenEmulation.mobile=true || echo "Lighthouse mobile scan completed with issues"[0m
2025-06-14T04:03:08.6833560Z shell: /usr/bin/bash -e {0}
2025-06-14T04:03:08.6833949Z env:
2025-06-14T04:03:08.6834417Z   ACCESSIBILITY_CONFIG_PATH: .github/accessibility-config.yml
2025-06-14T04:03:08.6835154Z   DEFAULT_TARGET_URL: https://ncaa-d1-softball.netlify.app/
2025-06-14T04:03:08.6835719Z   NODE_VERSION: 20
2025-06-14T04:03:08.6836081Z   REPORT_DIR: accessibility-reports
2025-06-14T04:03:08.6836491Z ##[endgroup]
2025-06-14T04:03:08.6906534Z Running Lighthouse accessibility audit...
2025-06-14T04:03:09.4850935Z Sat, 14 Jun 2025 04:03:09 GMT LH:ChromeLauncher Waiting for browser.
2025-06-14T04:03:09.4851828Z Sat, 14 Jun 2025 04:03:09 GMT LH:ChromeLauncher Waiting for browser...
2025-06-14T04:03:09.9887541Z Sat, 14 Jun 2025 04:03:09 GMT LH:ChromeLauncher Waiting for browser.....
2025-06-14T04:03:09.9901580Z Sat, 14 Jun 2025 04:03:09 GMT LH:ChromeLauncher Waiting for browser.....[32mâœ“[0m
2025-06-14T04:03:10.5900202Z Sat, 14 Jun 2025 04:03:10 GMT LH:status Connecting to browser
2025-06-14T04:03:10.6026387Z Sat, 14 Jun 2025 04:03:10 GMT LH:status Navigating to about:blank
2025-06-14T04:03:10.6090078Z Sat, 14 Jun 2025 04:03:10 GMT LH:status Benchmarking machine
2025-06-14T04:03:11.6652505Z Sat, 14 Jun 2025 04:03:11 GMT LH:status Preparing target for navigation mode
2025-06-14T04:03:11.7007569Z Sat, 14 Jun 2025 04:03:11 GMT LH:status Cleaning origin data
2025-06-14T04:03:11.7521816Z Sat, 14 Jun 2025 04:03:11 GMT LH:status Cleaning browser cache
2025-06-14T04:03:11.8398377Z Sat, 14 Jun 2025 04:03:11 GMT LH:status Preparing network conditions
2025-06-14T04:03:11.8768216Z Sat, 14 Jun 2025 04:03:11 GMT LH:status Navigating to https://ncaa-d1-softball.netlify.app/
2025-06-14T04:03:15.5816397Z Sat, 14 Jun 2025 04:03:15 GMT LH:status Getting artifact: DevtoolsLog
2025-06-14T04:03:15.5817282Z Sat, 14 Jun 2025 04:03:15 GMT LH:status Getting artifact: Accessibility
2025-06-14T04:03:15.8436952Z Sat, 14 Jun 2025 04:03:15 GMT LH:status Getting artifact: NetworkUserAgent
2025-06-14T04:03:15.8437987Z Sat, 14 Jun 2025 04:03:15 GMT LH:status Getting artifact: Stacks
2025-06-14T04:03:15.8439397Z Sat, 14 Jun 2025 04:03:15 GMT LH:status Collect stacks
2025-06-14T04:03:15.9853144Z Sat, 14 Jun 2025 04:03:15 GMT LH:status Getting artifact: FullPageScreenshot
2025-06-14T04:03:17.2530742Z Sat, 14 Jun 2025 04:03:17 GMT LH:status Analyzing and running audits...
2025-06-14T04:03:17.2544738Z Sat, 14 Jun 2025 04:03:17 GMT LH:status Auditing: `[accesskey]` values are unique
2025-06-14T04:03:17.2573044Z Sat, 14 Jun 2025 04:03:17 GMT LH:status Auditing: `[aria-*]` attributes match their roles
2025-06-14T04:03:17.2600079Z Sat, 14 Jun 2025 04:03:17 GMT LH:status Auditing: Uses ARIA roles only on compatible elements
2025-06-14T04:03:17.2617684Z Sat, 14 Jun 2025 04:03:17 GMT LH:status Auditing: `button`, `link`, and `menuitem` elements have accessible names
2025-06-14T04:03:17.2638039Z Sat, 14 Jun 2025 04:03:17 GMT LH:status Auditing: ARIA attributes are used as specified for the element's role
2025-06-14T04:03:17.2660437Z Sat, 14 Jun 2025 04:03:17 GMT LH:status Auditing: Deprecated ARIA roles were not used
2025-06-14T04:03:17.2675155Z Sat, 14 Jun 2025 04:03:17 GMT LH:status Auditing: Elements with `role="dialog"` or `role="alertdialog"` have accessible names.
2025-06-14T04:03:17.2700045Z Sat, 14 Jun 2025 04:03:17 GMT LH:status Auditing: `[aria-hidden="true"]` is not present on the document `<body>`
2025-06-14T04:03:17.2741962Z Sat, 14 Jun 2025 04:03:17 GMT LH:status Auditing: `[aria-hidden="true"]` elements do not contain focusable descendents
2025-06-14T04:03:17.2756720Z Sat, 14 Jun 2025 04:03:17 GMT LH:status Auditing: ARIA input fields have accessible names
2025-06-14T04:03:17.2816790Z Sat, 14 Jun 2025 04:03:17 GMT LH:status Auditing: ARIA `meter` elements have accessible names
2025-06-14T04:03:17.2832603Z Sat, 14 Jun 2025 04:03:17 GMT LH:status Auditing: ARIA `progressbar` elements have accessible names
2025-06-14T04:03:17.2858204Z Sat, 14 Jun 2025 04:03:17 GMT LH:status Auditing: Elements use only permitted ARIA attributes
2025-06-14T04:03:17.2874858Z Sat, 14 Jun 2025 04:03:17 GMT LH:status Auditing: `[role]`s have all required `[aria-*]` attributes
2025-06-14T04:03:17.2891013Z Sat, 14 Jun 2025 04:03:17 GMT LH:status Auditing: Elements with an ARIA `[role]` that require children to contain a specific `[role]` have all required children.
2025-06-14T04:03:17.2907720Z Sat, 14 Jun 2025 04:03:17 GMT LH:status Auditing: `[role]`s are contained by their required parent element
2025-06-14T04:03:17.2924973Z Sat, 14 Jun 2025 04:03:17 GMT LH:status Auditing: `[role]` values are valid
2025-06-14T04:03:17.2941820Z Sat, 14 Jun 2025 04:03:17 GMT LH:status Auditing: Elements with the `role=text` attribute do not have focusable descendents.
2025-06-14T04:03:17.2961801Z Sat, 14 Jun 2025 04:03:17 GMT LH:status Auditing: ARIA toggle fields have accessible names
2025-06-14T04:03:17.2980448Z Sat, 14 Jun 2025 04:03:17 GMT LH:status Auditing: ARIA `tooltip` elements have accessible names
2025-06-14T04:03:17.2999325Z Sat, 14 Jun 2025 04:03:17 GMT LH:status Auditing: ARIA `treeitem` elements have accessible names
2025-06-14T04:03:17.3021757Z Sat, 14 Jun 2025 04:03:17 GMT LH:status Auditing: `[aria-*]` attributes have valid values
2025-06-14T04:03:17.3042811Z Sat, 14 Jun 2025 04:03:17 GMT LH:status Auditing: `[aria-*]` attributes are valid and not misspelled
2025-06-14T04:03:17.3063691Z Sat, 14 Jun 2025 04:03:17 GMT LH:status Auditing: Buttons have an accessible name
2025-06-14T04:03:17.3151144Z Sat, 14 Jun 2025 04:03:17 GMT LH:status Auditing: The page contains a heading, skip link, or landmark region
2025-06-14T04:03:17.3171895Z Sat, 14 Jun 2025 04:03:17 GMT LH:status Auditing: Background and foreground colors have a sufficient contrast ratio
2025-06-14T04:03:17.3205934Z Sat, 14 Jun 2025 04:03:17 GMT LH:status Auditing: `<dl>`'s contain only properly-ordered `<dt>` and `<dd>` groups, `<script>`, `<template>` or `<div>` elements.
2025-06-14T04:03:17.3227033Z Sat, 14 Jun 2025 04:03:17 GMT LH:status Auditing: Definition list items are wrapped in `<dl>` elements
2025-06-14T04:03:17.3247882Z Sat, 14 Jun 2025 04:03:17 GMT LH:status Auditing: Document has a `<title>` element
2025-06-14T04:03:17.3280571Z Sat, 14 Jun 2025 04:03:17 GMT LH:status Auditing: ARIA IDs are unique
2025-06-14T04:03:17.3300617Z Sat, 14 Jun 2025 04:03:17 GMT LH:status Auditing: All heading elements contain content.
2025-06-14T04:03:17.3333825Z Sat, 14 Jun 2025 04:03:17 GMT LH:status Auditing: No form fields have multiple labels
2025-06-14T04:03:17.3428210Z Sat, 14 Jun 2025 04:03:17 GMT LH:status Auditing: `<frame>` or `<iframe>` elements have a title
2025-06-14T04:03:17.3450979Z Sat, 14 Jun 2025 04:03:17 GMT LH:status Auditing: Heading elements appear in a sequentially-descending order
2025-06-14T04:03:17.3485833Z Sat, 14 Jun 2025 04:03:17 GMT LH:status Auditing: `<html>` element has a `[lang]` attribute
2025-06-14T04:03:17.3532754Z Sat, 14 Jun 2025 04:03:17 GMT LH:status Auditing: `<html>` element has a valid value for its `[lang]` attribute
2025-06-14T04:03:17.3565115Z Sat, 14 Jun 2025 04:03:17 GMT LH:status Auditing: `<html>` element has an `[xml:lang]` attribute with the same base language as the `[lang]` attribute.
2025-06-14T04:03:17.3587986Z Sat, 14 Jun 2025 04:03:17 GMT LH:status Auditing: Identical links have the same purpose.
2025-06-14T04:03:17.3611689Z Sat, 14 Jun 2025 04:03:17 GMT LH:status Auditing: Image elements have `[alt]` attributes
2025-06-14T04:03:17.3634418Z Sat, 14 Jun 2025 04:03:17 GMT LH:status Auditing: Image elements do not have `[alt]` attributes that are redundant text.
2025-06-14T04:03:17.3726986Z Sat, 14 Jun 2025 04:03:17 GMT LH:status Auditing: Input buttons have discernible text.
2025-06-14T04:03:17.3751056Z Sat, 14 Jun 2025 04:03:17 GMT LH:status Auditing: `<input type="image">` elements have `[alt]` text
2025-06-14T04:03:17.3775509Z Sat, 14 Jun 2025 04:03:17 GMT LH:status Auditing: Elements with visible text labels have matching accessible names.
2025-06-14T04:03:17.3800125Z Sat, 14 Jun 2025 04:03:17 GMT LH:status Auditing: Form elements have associated labels
2025-06-14T04:03:17.3824385Z Sat, 14 Jun 2025 04:03:17 GMT LH:status Auditing: Document has a main landmark.
2025-06-14T04:03:17.3862580Z Sat, 14 Jun 2025 04:03:17 GMT LH:status Auditing: Links have a discernible name
2025-06-14T04:03:17.3889459Z Sat, 14 Jun 2025 04:03:17 GMT LH:status Auditing: Links are distinguishable without relying on color.
2025-06-14T04:03:17.3915992Z Sat, 14 Jun 2025 04:03:17 GMT LH:status Auditing: Lists contain only `<li>` elements and script supporting elements (`<script>` and `<template>`).
2025-06-14T04:03:17.4111024Z Sat, 14 Jun 2025 04:03:17 GMT LH:status Auditing: List items (`<li>`) are contained within `<ul>`, `<ol>` or `<menu>` parent elements
2025-06-14T04:03:17.4159997Z Sat, 14 Jun 2025 04:03:17 GMT LH:status Auditing: The document does not use `<meta http-equiv="refresh">`
2025-06-14T04:03:17.4262975Z Sat, 14 Jun 2025 04:03:17 GMT LH:status Auditing: `[user-scalable="no"]` is not used in the `<meta name="viewport">` element and the `[maximum-scale]` attribute is not less than 5.
2025-06-14T04:03:17.4325552Z Sat, 14 Jun 2025 04:03:17 GMT LH:status Auditing: `<object>` elements have alternate text
2025-06-14T04:03:17.4362402Z Sat, 14 Jun 2025 04:03:17 GMT LH:status Auditing: Select elements have associated label elements.
2025-06-14T04:03:17.4391684Z Sat, 14 Jun 2025 04:03:17 GMT LH:status Auditing: Skip links are focusable.
2025-06-14T04:03:17.4418331Z Sat, 14 Jun 2025 04:03:17 GMT LH:status Auditing: No element has a `[tabindex]` value greater than 0
2025-06-14T04:03:17.4447417Z Sat, 14 Jun 2025 04:03:17 GMT LH:status Auditing: Tables have different content in the summary attribute and `<caption>`.
2025-06-14T04:03:17.4479707Z Sat, 14 Jun 2025 04:03:17 GMT LH:status Auditing: Tables use `<caption>` instead of cells with the `[colspan]` attribute to indicate a caption.
2025-06-14T04:03:17.4512812Z Sat, 14 Jun 2025 04:03:17 GMT LH:status Auditing: Touch targets have sufficient size and spacing.
2025-06-14T04:03:17.4546591Z Sat, 14 Jun 2025 04:03:17 GMT LH:status Auditing: `<td>` elements in a large `<table>` have one or more table headers.
2025-06-14T04:03:17.4577937Z Sat, 14 Jun 2025 04:03:17 GMT LH:status Auditing: Cells in a `<table>` element that use the `[headers]` attribute refer to table cells within the same table.
2025-06-14T04:03:17.4663179Z Sat, 14 Jun 2025 04:03:17 GMT LH:status Auditing: `<th>` elements and elements with `[role="columnheader"/"rowheader"]` have data cells they describe.
2025-06-14T04:03:17.4695259Z Sat, 14 Jun 2025 04:03:17 GMT LH:status Auditing: `[lang]` attributes have a valid value
2025-06-14T04:03:17.4723672Z Sat, 14 Jun 2025 04:03:17 GMT LH:status Auditing: `<video>` elements contain a `<track>` element with `[kind="captions"]`
2025-06-14T04:03:17.4749929Z Sat, 14 Jun 2025 04:03:17 GMT LH:status Auditing: Custom controls have associated labels
2025-06-14T04:03:17.4751665Z Sat, 14 Jun 2025 04:03:17 GMT LH:status Auditing: Custom controls have ARIA roles
2025-06-14T04:03:17.4752940Z Sat, 14 Jun 2025 04:03:17 GMT LH:status Auditing: User focus is not accidentally trapped in a region
2025-06-14T04:03:17.4754243Z Sat, 14 Jun 2025 04:03:17 GMT LH:status Auditing: Interactive controls are keyboard focusable
2025-06-14T04:03:17.4755610Z Sat, 14 Jun 2025 04:03:17 GMT LH:status Auditing: Interactive elements indicate their purpose and state
2025-06-14T04:03:17.4756851Z Sat, 14 Jun 2025 04:03:17 GMT LH:status Auditing: The page has a logical tab order
2025-06-14T04:03:17.4758068Z Sat, 14 Jun 2025 04:03:17 GMT LH:status Auditing: The user's focus is directed to new content added to the page
2025-06-14T04:03:17.4759432Z Sat, 14 Jun 2025 04:03:17 GMT LH:status Auditing: Offscreen content is hidden from assistive technology
2025-06-14T04:03:17.4760274Z Sat, 14 Jun 2025 04:03:17 GMT LH:status Auditing: HTML5 landmark elements are used to improve navigation
2025-06-14T04:03:17.4760897Z Sat, 14 Jun 2025 04:03:17 GMT LH:status Auditing: Visual order on the page follows DOM order
2025-06-14T04:03:17.4761421Z Sat, 14 Jun 2025 04:03:17 GMT LH:status Generating results...
2025-06-14T04:03:17.5141183Z Sat, 14 Jun 2025 04:03:17 GMT LH:Printer json output written to accessibility-reports/lighthouse-accessibility-desktop.json
2025-06-14T04:03:17.5142542Z Sat, 14 Jun 2025 04:03:17 GMT LH:ChromeLauncher Killing Chrome instance 3937
2025-06-14T04:03:21.8407348Z Sat, 14 Jun 2025 04:03:21 GMT LH:ChromeLauncher Waiting for browser.
2025-06-14T04:03:21.8408230Z Sat, 14 Jun 2025 04:03:21 GMT LH:ChromeLauncher Waiting for browser...
2025-06-14T04:03:22.3444275Z Sat, 14 Jun 2025 04:03:22 GMT LH:ChromeLauncher Waiting for browser.....
2025-06-14T04:03:22.3457151Z Sat, 14 Jun 2025 04:03:22 GMT LH:ChromeLauncher Waiting for browser.....[32mâœ“[0m
2025-06-14T04:03:22.8958245Z Sat, 14 Jun 2025 04:03:22 GMT LH:status Connecting to browser
2025-06-14T04:03:22.9035024Z Sat, 14 Jun 2025 04:03:22 GMT LH:status Navigating to about:blank
2025-06-14T04:03:22.9106521Z Sat, 14 Jun 2025 04:03:22 GMT LH:status Benchmarking machine
2025-06-14T04:03:23.9187045Z Sat, 14 Jun 2025 04:03:23 GMT LH:status Preparing target for navigation mode
2025-06-14T04:03:23.9333676Z Sat, 14 Jun 2025 04:03:23 GMT LH:status Cleaning origin data
2025-06-14T04:03:23.9381264Z Sat, 14 Jun 2025 04:03:23 GMT LH:status Cleaning browser cache
2025-06-14T04:03:23.9443539Z Sat, 14 Jun 2025 04:03:23 GMT LH:status Preparing network conditions
2025-06-14T04:03:23.9620033Z Sat, 14 Jun 2025 04:03:23 GMT LH:status Navigating to https://ncaa-d1-softball.netlify.app/
2025-06-14T04:03:27.5187853Z Sat, 14 Jun 2025 04:03:27 GMT LH:status Getting artifact: DevtoolsLog
2025-06-14T04:03:27.5188656Z Sat, 14 Jun 2025 04:03:27 GMT LH:status Getting artifact: Accessibility
2025-06-14T04:03:27.7581594Z Sat, 14 Jun 2025 04:03:27 GMT LH:status Getting artifact: NetworkUserAgent
2025-06-14T04:03:27.7582455Z Sat, 14 Jun 2025 04:03:27 GMT LH:status Getting artifact: Stacks
2025-06-14T04:03:27.7583427Z Sat, 14 Jun 2025 04:03:27 GMT LH:status Collect stacks
2025-06-14T04:03:27.7677153Z Sat, 14 Jun 2025 04:03:27 GMT LH:status Getting artifact: FullPageScreenshot
2025-06-14T04:03:28.9033642Z Sat, 14 Jun 2025 04:03:28 GMT LH:status Analyzing and running audits...
2025-06-14T04:03:28.9048960Z Sat, 14 Jun 2025 04:03:28 GMT LH:status Auditing: `[accesskey]` values are unique
2025-06-14T04:03:28.9074363Z Sat, 14 Jun 2025 04:03:28 GMT LH:status Auditing: `[aria-*]` attributes match their roles
2025-06-14T04:03:28.9096234Z Sat, 14 Jun 2025 04:03:28 GMT LH:status Auditing: Uses ARIA roles only on compatible elements
2025-06-14T04:03:28.9121429Z Sat, 14 Jun 2025 04:03:28 GMT LH:status Auditing: `button`, `link`, and `menuitem` elements have accessible names
2025-06-14T04:03:28.9153138Z Sat, 14 Jun 2025 04:03:28 GMT LH:status Auditing: ARIA attributes are used as specified for the element's role
2025-06-14T04:03:28.9168625Z Sat, 14 Jun 2025 04:03:28 GMT LH:status Auditing: Deprecated ARIA roles were not used
2025-06-14T04:03:28.9188152Z Sat, 14 Jun 2025 04:03:28 GMT LH:status Auditing: Elements with `role="dialog"` or `role="alertdialog"` have accessible names.
2025-06-14T04:03:28.9203059Z Sat, 14 Jun 2025 04:03:28 GMT LH:status Auditing: `[aria-hidden="true"]` is not present on the document `<body>`
2025-06-14T04:03:28.9279446Z Sat, 14 Jun 2025 04:03:28 GMT LH:status Auditing: `[aria-hidden="true"]` elements do not contain focusable descendents
2025-06-14T04:03:28.9294221Z Sat, 14 Jun 2025 04:03:28 GMT LH:status Auditing: ARIA input fields have accessible names
2025-06-14T04:03:28.9308597Z Sat, 14 Jun 2025 04:03:28 GMT LH:status Auditing: ARIA `meter` elements have accessible names
2025-06-14T04:03:28.9323975Z Sat, 14 Jun 2025 04:03:28 GMT LH:status Auditing: ARIA `progressbar` elements have accessible names
2025-06-14T04:03:28.9340198Z Sat, 14 Jun 2025 04:03:28 GMT LH:status Auditing: Elements use only permitted ARIA attributes
2025-06-14T04:03:28.9357131Z Sat, 14 Jun 2025 04:03:28 GMT LH:status Auditing: `[role]`s have all required `[aria-*]` attributes
2025-06-14T04:03:28.9372810Z Sat, 14 Jun 2025 04:03:28 GMT LH:status Auditing: Elements with an ARIA `[role]` that require children to contain a specific `[role]` have all required children.
2025-06-14T04:03:28.9388556Z Sat, 14 Jun 2025 04:03:28 GMT LH:status Auditing: `[role]`s are contained by their required parent element
2025-06-14T04:03:28.9405255Z Sat, 14 Jun 2025 04:03:28 GMT LH:status Auditing: `[role]` values are valid
2025-06-14T04:03:28.9421468Z Sat, 14 Jun 2025 04:03:28 GMT LH:status Auditing: Elements with the `role=text` attribute do not have focusable descendents.
2025-06-14T04:03:28.9440327Z Sat, 14 Jun 2025 04:03:28 GMT LH:status Auditing: ARIA toggle fields have accessible names
2025-06-14T04:03:28.9458062Z Sat, 14 Jun 2025 04:03:28 GMT LH:status Auditing: ARIA `tooltip` elements have accessible names
2025-06-14T04:03:28.9476861Z Sat, 14 Jun 2025 04:03:28 GMT LH:status Auditing: ARIA `treeitem` elements have accessible names
2025-06-14T04:03:28.9495644Z Sat, 14 Jun 2025 04:03:28 GMT LH:status Auditing: `[aria-*]` attributes have valid values
2025-06-14T04:03:28.9527384Z Sat, 14 Jun 2025 04:03:28 GMT LH:status Auditing: `[aria-*]` attributes are valid and not misspelled
2025-06-14T04:03:28.9547811Z Sat, 14 Jun 2025 04:03:28 GMT LH:status Auditing: Buttons have an accessible name
2025-06-14T04:03:28.9639612Z Sat, 14 Jun 2025 04:03:28 GMT LH:status Auditing: The page contains a heading, skip link, or landmark region
2025-06-14T04:03:28.9659058Z Sat, 14 Jun 2025 04:03:28 GMT LH:status Auditing: Background and foreground colors have a sufficient contrast ratio
2025-06-14T04:03:28.9693668Z Sat, 14 Jun 2025 04:03:28 GMT LH:status Auditing: `<dl>`'s contain only properly-ordered `<dt>` and `<dd>` groups, `<script>`, `<template>` or `<div>` elements.
2025-06-14T04:03:28.9713728Z Sat, 14 Jun 2025 04:03:28 GMT LH:status Auditing: Definition list items are wrapped in `<dl>` elements
2025-06-14T04:03:28.9733161Z Sat, 14 Jun 2025 04:03:28 GMT LH:status Auditing: Document has a `<title>` element
2025-06-14T04:03:28.9764482Z Sat, 14 Jun 2025 04:03:28 GMT LH:status Auditing: ARIA IDs are unique
2025-06-14T04:03:28.9784311Z Sat, 14 Jun 2025 04:03:28 GMT LH:status Auditing: All heading elements contain content.
2025-06-14T04:03:28.9887450Z Sat, 14 Jun 2025 04:03:28 GMT LH:status Auditing: No form fields have multiple labels
2025-06-14T04:03:28.9908330Z Sat, 14 Jun 2025 04:03:28 GMT LH:status Auditing: `<frame>` or `<iframe>` elements have a title
2025-06-14T04:03:28.9929331Z Sat, 14 Jun 2025 04:03:28 GMT LH:status Auditing: Heading elements appear in a sequentially-descending order
2025-06-14T04:03:28.9972231Z Sat, 14 Jun 2025 04:03:28 GMT LH:status Auditing: `<html>` element has a `[lang]` attribute
2025-06-14T04:03:29.0011953Z Sat, 14 Jun 2025 04:03:29 GMT LH:status Auditing: `<html>` element has a valid value for its `[lang]` attribute
2025-06-14T04:03:29.0045104Z Sat, 14 Jun 2025 04:03:29 GMT LH:status Auditing: `<html>` element has an `[xml:lang]` attribute with the same base language as the `[lang]` attribute.
2025-06-14T04:03:29.0068320Z Sat, 14 Jun 2025 04:03:29 GMT LH:status Auditing: Identical links have the same purpose.
2025-06-14T04:03:29.0091707Z Sat, 14 Jun 2025 04:03:29 GMT LH:status Auditing: Image elements have `[alt]` attributes
2025-06-14T04:03:29.0182410Z Sat, 14 Jun 2025 04:03:29 GMT LH:status Auditing: Image elements do not have `[alt]` attributes that are redundant text.
2025-06-14T04:03:29.0207028Z Sat, 14 Jun 2025 04:03:29 GMT LH:status Auditing: Input buttons have discernible text.
2025-06-14T04:03:29.0230508Z Sat, 14 Jun 2025 04:03:29 GMT LH:status Auditing: `<input type="image">` elements have `[alt]` text
2025-06-14T04:03:29.0254297Z Sat, 14 Jun 2025 04:03:29 GMT LH:status Auditing: Elements with visible text labels have matching accessible names.
2025-06-14T04:03:29.0278226Z Sat, 14 Jun 2025 04:03:29 GMT LH:status Auditing: Form elements have associated labels
2025-06-14T04:03:29.0304830Z Sat, 14 Jun 2025 04:03:29 GMT LH:status Auditing: Document has a main landmark.
2025-06-14T04:03:29.0357131Z Sat, 14 Jun 2025 04:03:29 GMT LH:status Auditing: Links have a discernible name
2025-06-14T04:03:29.0490645Z Sat, 14 Jun 2025 04:03:29 GMT LH:status Auditing: Links are distinguishable without relying on color.
2025-06-14T04:03:29.0540086Z Sat, 14 Jun 2025 04:03:29 GMT LH:status Auditing: Lists contain only `<li>` elements and script supporting elements (`<script>` and `<template>`).
2025-06-14T04:03:29.0640783Z Sat, 14 Jun 2025 04:03:29 GMT LH:status Auditing: List items (`<li>`) are contained within `<ul>`, `<ol>` or `<menu>` parent elements
2025-06-14T04:03:29.0745466Z Sat, 14 Jun 2025 04:03:29 GMT LH:status Auditing: The document does not use `<meta http-equiv="refresh">`
2025-06-14T04:03:29.0798636Z Sat, 14 Jun 2025 04:03:29 GMT LH:status Auditing: `[user-scalable="no"]` is not used in the `<meta name="viewport">` element and the `[maximum-scale]` attribute is not less than 5.
2025-06-14T04:03:29.0841368Z Sat, 14 Jun 2025 04:03:29 GMT LH:status Auditing: `<object>` elements have alternate text
2025-06-14T04:03:29.0869416Z Sat, 14 Jun 2025 04:03:29 GMT LH:status Auditing: Select elements have associated label elements.
2025-06-14T04:03:29.0895558Z Sat, 14 Jun 2025 04:03:29 GMT LH:status Auditing: Skip links are focusable.
2025-06-14T04:03:29.0924987Z Sat, 14 Jun 2025 04:03:29 GMT LH:status Auditing: No element has a `[tabindex]` value greater than 0
2025-06-14T04:03:29.0953668Z Sat, 14 Jun 2025 04:03:29 GMT LH:status Auditing: Tables have different content in the summary attribute and `<caption>`.
2025-06-14T04:03:29.0984476Z Sat, 14 Jun 2025 04:03:29 GMT LH:status Auditing: Tables use `<caption>` instead of cells with the `[colspan]` attribute to indicate a caption.
2025-06-14T04:03:29.1019737Z Sat, 14 Jun 2025 04:03:29 GMT LH:status Auditing: Touch targets have sufficient size and spacing.
2025-06-14T04:03:29.1049506Z Sat, 14 Jun 2025 04:03:29 GMT LH:status Auditing: `<td>` elements in a large `<table>` have one or more table headers.
2025-06-14T04:03:29.1134150Z Sat, 14 Jun 2025 04:03:29 GMT LH:status Auditing: Cells in a `<table>` element that use the `[headers]` attribute refer to table cells within the same table.
2025-06-14T04:03:29.1166429Z Sat, 14 Jun 2025 04:03:29 GMT LH:status Auditing: `<th>` elements and elements with `[role="columnheader"/"rowheader"]` have data cells they describe.
2025-06-14T04:03:29.1196875Z Sat, 14 Jun 2025 04:03:29 GMT LH:status Auditing: `[lang]` attributes have a valid value
2025-06-14T04:03:29.1223971Z Sat, 14 Jun 2025 04:03:29 GMT LH:status Auditing: `<video>` elements contain a `<track>` element with `[kind="captions"]`
2025-06-14T04:03:29.1314059Z Sat, 14 Jun 2025 04:03:29 GMT LH:status Auditing: Custom controls have associated labels
2025-06-14T04:03:29.1315205Z Sat, 14 Jun 2025 04:03:29 GMT LH:status Auditing: Custom controls have ARIA roles
2025-06-14T04:03:29.1316275Z Sat, 14 Jun 2025 04:03:29 GMT LH:status Auditing: User focus is not accidentally trapped in a region
2025-06-14T04:03:29.1317280Z Sat, 14 Jun 2025 04:03:29 GMT LH:status Auditing: Interactive controls are keyboard focusable
2025-06-14T04:03:29.1318501Z Sat, 14 Jun 2025 04:03:29 GMT LH:status Auditing: Interactive elements indicate their purpose and state
2025-06-14T04:03:29.1319671Z Sat, 14 Jun 2025 04:03:29 GMT LH:status Auditing: The page has a logical tab order
2025-06-14T04:03:29.1322218Z Sat, 14 Jun 2025 04:03:29 GMT LH:status Auditing: The user's focus is directed to new content added to the page
2025-06-14T04:03:29.1323625Z Sat, 14 Jun 2025 04:03:29 GMT LH:status Auditing: Offscreen content is hidden from assistive technology
2025-06-14T04:03:29.1325049Z Sat, 14 Jun 2025 04:03:29 GMT LH:status Auditing: HTML5 landmark elements are used to improve navigation
2025-06-14T04:03:29.1326398Z Sat, 14 Jun 2025 04:03:29 GMT LH:status Auditing: Visual order on the page follows DOM order
2025-06-14T04:03:29.1327310Z Sat, 14 Jun 2025 04:03:29 GMT LH:status Generating results...
2025-06-14T04:03:29.1440654Z Sat, 14 Jun 2025 04:03:29 GMT LH:Printer json output written to accessibility-reports/lighthouse-accessibility-mobile.json
2025-06-14T04:03:29.1442184Z Sat, 14 Jun 2025 04:03:29 GMT LH:ChromeLauncher Killing Chrome instance 4063
2025-06-14T04:03:32.8005258Z ##[group]Run echo "Running Playwright accessibility tests..."
2025-06-14T04:03:32.8005713Z [36;1mecho "Running Playwright accessibility tests..."[0m
2025-06-14T04:03:32.8006006Z [36;1m[0m
2025-06-14T04:03:32.8006318Z [36;1m# Create Playwright output directories for artifacts (traces, screenshots, etc.)[0m
2025-06-14T04:03:32.8006787Z [36;1mmkdir -p accessibility-reports/playwright-results[0m
2025-06-14T04:03:32.8007083Z [36;1m[0m
2025-06-14T04:03:32.8007258Z [36;1m# Run Playwright tests.[0m
2025-06-14T04:03:32.8007659Z [36;1m# --reporter=json on CLI typically outputs to 'playwright-report/results.json' by default.[0m
2025-06-14T04:03:32.8008349Z [36;1mTARGET_URL="https://ncaa-d1-softball.netlify.app/" npx playwright test tests/accessibility/accessibility.spec.js \\[0m
2025-06-14T04:03:32.8009388Z [36;1m  --project=chromium \\[0m
2025-06-14T04:03:32.8009630Z [36;1m  --reporter=json \\[0m
2025-06-14T04:03:32.8010132Z [36;1m  --output-dir=accessibility-reports/playwright-results || echo "Playwright tests completed with issues"[0m
2025-06-14T04:03:32.8010590Z [36;1m[0m
2025-06-14T04:03:32.8010788Z [36;1m# Define source and target for the report[0m
2025-06-14T04:03:32.8011241Z [36;1m# The --reporter=json CLI flag typically outputs to "playwright-report/results.json" by default.[0m
2025-06-14T04:03:32.8011765Z [36;1mPLAYWRIGHT_JSON_REPORT_SOURCE="playwright-report/results.json"[0m
2025-06-14T04:03:32.8012242Z [36;1mPLAYWRIGHT_JSON_REPORT_TARGET="accessibility-reports/playwright-report.json"[0m
2025-06-14T04:03:32.8012613Z [36;1m[0m
2025-06-14T04:03:32.8012954Z [36;1m# Ensure the target directory for the report exists (it should, as REPORT_DIR is created earlier)[0m
2025-06-14T04:03:32.8013442Z [36;1mmkdir -p "$(dirname "$PLAYWRIGHT_JSON_REPORT_TARGET")"[0m
2025-06-14T04:03:32.8013727Z [36;1m[0m
2025-06-14T04:03:32.8014033Z [36;1m# Move the JSON report from the default location to the consolidated report directory[0m
2025-06-14T04:03:32.8014637Z [36;1mif [ -f "$PLAYWRIGHT_JSON_REPORT_SOURCE" ]; then[0m
2025-06-14T04:03:32.8015007Z [36;1m  mv "$PLAYWRIGHT_JSON_REPORT_SOURCE" "$PLAYWRIGHT_JSON_REPORT_TARGET"[0m
2025-06-14T04:03:32.8015542Z [36;1m  echo "Moved Playwright report from $PLAYWRIGHT_JSON_REPORT_SOURCE to $PLAYWRIGHT_JSON_REPORT_TARGET"[0m
2025-06-14T04:03:32.8016063Z [36;1m# Fallback to the old locations, just in case, with a warning.[0m
2025-06-14T04:03:32.8016421Z [36;1melif [ -f "test-results/results.json" ]; then[0m
2025-06-14T04:03:32.8016964Z [36;1m  echo "Warning: Playwright report found at 'test-results/results.json' (expected '$PLAYWRIGHT_JSON_REPORT_SOURCE'). Moving it."[0m
2025-06-14T04:03:32.8017573Z [36;1m  mv "test-results/results.json" "$PLAYWRIGHT_JSON_REPORT_TARGET"[0m
2025-06-14T04:03:32.8017925Z [36;1melif [ -f "results.json" ]; then[0m
2025-06-14T04:03:32.8018398Z [36;1m  echo "Warning: Playwright report found at 'results.json' (expected '$PLAYWRIGHT_JSON_REPORT_SOURCE'). Moving it."[0m
2025-06-14T04:03:32.8019136Z [36;1m  mv "results.json" "$PLAYWRIGHT_JSON_REPORT_TARGET"[0m
2025-06-14T04:03:32.8019415Z [36;1melse[0m
2025-06-14T04:03:32.8019955Z [36;1m  echo "Playwright JSON report not found at '$PLAYWRIGHT_JSON_REPORT_SOURCE' or common fallbacks. Creating an empty report at '$PLAYWRIGHT_JSON_REPORT_TARGET'."[0m
2025-06-14T04:03:32.8020583Z [36;1m  echo "[]" > "$PLAYWRIGHT_JSON_REPORT_TARGET"[0m
2025-06-14T04:03:32.8020834Z [36;1mfi[0m
2025-06-14T04:03:32.8070260Z shell: /usr/bin/bash -e {0}
2025-06-14T04:03:32.8070477Z env:
2025-06-14T04:03:32.8070735Z   ACCESSIBILITY_CONFIG_PATH: .github/accessibility-config.yml
2025-06-14T04:03:32.8071140Z   DEFAULT_TARGET_URL: https://ncaa-d1-softball.netlify.app/
2025-06-14T04:03:32.8071448Z   NODE_VERSION: 20
2025-06-14T04:03:32.8071648Z   REPORT_DIR: accessibility-reports
2025-06-14T04:03:32.8071880Z ##[endgroup]
2025-06-14T04:03:32.8137154Z Running Playwright accessibility tests...
2025-06-14T04:03:33.9021492Z 
2025-06-14T04:03:33.9022470Z SyntaxError: Invalid regular expression: /\/gi: \ at end of pattern
2025-06-14T04:03:33.9032296Z 
2025-06-14T04:03:33.9038346Z 
2025-06-14T04:03:33.9382536Z ##[error]Process completed with exit code 1.
2025-06-14T04:03:33.9458716Z ##[group]Run actions/upload-artifact@v4
2025-06-14T04:03:33.9459198Z with:
2025-06-14T04:03:33.9459396Z   name: unified-accessibility-evaluation
2025-06-14T04:03:33.9459669Z   path: accessibility-reports/
2025-06-14T04:03:33.9459888Z   retention-days: 90
2025-06-14T04:03:33.9460085Z   if-no-files-found: warn
2025-06-14T04:03:33.9460289Z   compression-level: 6
2025-06-14T04:03:33.9460473Z   overwrite: false
2025-06-14T04:03:33.9460660Z   include-hidden-files: false
2025-06-14T04:03:33.9460882Z env:
2025-06-14T04:03:33.9461112Z   ACCESSIBILITY_CONFIG_PATH: .github/accessibility-config.yml
2025-06-14T04:03:33.9461515Z   DEFAULT_TARGET_URL: https://ncaa-d1-softball.netlify.app/
2025-06-14T04:03:33.9461823Z   NODE_VERSION: 20
2025-06-14T04:03:33.9462030Z   REPORT_DIR: accessibility-reports
2025-06-14T04:03:33.9462263Z ##[endgroup]
2025-06-14T04:03:34.1629617Z With the provided path, there will be 4 files uploaded
2025-06-14T04:03:34.1635038Z Artifact name is valid!
2025-06-14T04:03:34.1636582Z Root directory input is valid!
2025-06-14T04:03:34.4437305Z Beginning upload of artifact content to blob storage
2025-06-14T04:03:34.8853219Z Uploaded bytes 92213
2025-06-14T04:03:34.9641258Z Finished uploading artifact content to blob storage!
2025-06-14T04:03:34.9644038Z SHA256 digest of uploaded artifact zip is b6f595a66342f54d25c4cd81dcfaf007d9f6eafd05a2e060f3bcaa7a222aa166
2025-06-14T04:03:34.9645332Z Finalizing artifact upload
2025-06-14T04:03:35.0996864Z Artifact unified-accessibility-evaluation.zip successfully finalized. Artifact ID 3327277478
2025-06-14T04:03:35.0999114Z Artifact unified-accessibility-evaluation has been successfully uploaded! Final size is 92213 bytes. Artifact ID is 3327277478
2025-06-14T04:03:35.1005614Z Artifact download URL: https://github.com/seanmac5291/NCAA-D1-Softball-WebApp/actions/runs/15648195126/artifacts/3327277478
2025-06-14T04:03:35.1115201Z ##[group]Run echo "# ðŸ” Unified Accessibility Scan Results" >> $GITHUB_STEP_SUMMARY
2025-06-14T04:03:35.1115796Z [36;1mecho "# ðŸ” Unified Accessibility Scan Results" >> $GITHUB_STEP_SUMMARY[0m
2025-06-14T04:03:35.1116161Z [36;1mecho "" >> $GITHUB_STEP_SUMMARY[0m
2025-06-14T04:03:35.1116575Z [36;1mecho "**Target URL:** https://ncaa-d1-softball.netlify.app/" >> $GITHUB_STEP_SUMMARY[0m
2025-06-14T04:03:35.1117037Z [36;1mecho "**Standards:** WCAG2AA" >> $GITHUB_STEP_SUMMARY[0m
2025-06-14T04:03:35.1117408Z [36;1mecho "**Environment:** production" >> $GITHUB_STEP_SUMMARY[0m
2025-06-14T04:03:35.1117771Z [36;1mecho "**Scan Date:** $(date)" >> $GITHUB_STEP_SUMMARY[0m
2025-06-14T04:03:35.1118113Z [36;1mecho "**Workflow Run:** 10" >> $GITHUB_STEP_SUMMARY[0m
2025-06-14T04:03:35.1118408Z [36;1mecho "" >> $GITHUB_STEP_SUMMARY[0m
2025-06-14T04:03:35.1118643Z [36;1m[0m
2025-06-14T04:03:35.1119077Z [36;1m# Extract results[0m
2025-06-14T04:03:35.1119668Z [36;1mAXCORE_ISSUES=$(jq 'if type=="array" then .[0].violations else .violations end | length' accessibility-reports/axe-report.json 2>/dev/null || echo 0)[0m
2025-06-14T04:03:35.1120419Z [36;1mPA11Y_ISSUES=$(jq 'length' accessibility-reports/pa11y-report.json 2>/dev/null || echo 0)[0m
2025-06-14T04:03:35.1121045Z [36;1mKEYBOARD_ISSUES=$(jq 'length' accessibility-reports/keyboard-navigation.json 2>/dev/null || echo 0)[0m
2025-06-14T04:03:35.1121707Z [36;1mSCREENREADER_ISSUES=$(jq 'length' accessibility-reports/screen-reader.json 2>/dev/null || echo 0)[0m
2025-06-14T04:03:35.1122516Z [36;1mLIGHTHOUSE_SCORE=$(jq '.categories.accessibility.score * 100' accessibility-reports/lighthouse-accessibility-desktop.json 2>/dev/null || echo 0)[0m
2025-06-14T04:03:35.1123271Z [36;1mTOTAL_ISSUES=$((AXCORE_ISSUES + PA11Y_ISSUES + KEYBOARD_ISSUES + SCREENREADER_ISSUES))[0m
2025-06-14T04:03:35.1123651Z [36;1m[0m
2025-06-14T04:03:35.1123831Z [36;1m# Generate results table[0m
2025-06-14T04:03:35.1124118Z [36;1mecho "## ðŸ“Š Scan Results" >> $GITHUB_STEP_SUMMARY[0m
2025-06-14T04:03:35.1124416Z [36;1mecho "" >> $GITHUB_STEP_SUMMARY[0m
2025-06-14T04:03:35.1124752Z [36;1mecho "| Standard | Status | Issues Found |" >> $GITHUB_STEP_SUMMARY[0m
2025-06-14T04:03:35.1125147Z [36;1mecho "|----------|---------|--------------|" >> $GITHUB_STEP_SUMMARY[0m
2025-06-14T04:03:35.1125686Z [36;1mecho "| WCAG 2.1 AA | $([ "$AXCORE_ISSUES" -eq "0" ] && echo "âœ… PASS" || echo "âŒ FAIL") | $AXCORE_ISSUES violations |" >> $GITHUB_STEP_SUMMARY[0m
2025-06-14T04:03:35.1126359Z [36;1mecho "| Section 508 | $([ "$AXCORE_ISSUES" -eq "0" ] && echo "âœ… PASS" || echo "âŒ FAIL") | $AXCORE_ISSUES violations |" >> $GITHUB_STEP_SUMMARY[0m
2025-06-14T04:03:35.1127053Z [36;1mecho "| ADA Compliance | $([ "$TOTAL_ISSUES" -eq "0" ] && echo "âœ… PASS" || echo "âŒ FAIL") | $TOTAL_ISSUES total issues |" >> $GITHUB_STEP_SUMMARY[0m
2025-06-14T04:03:35.1127737Z [36;1mecho "| WCAG 2.0 AA | $([ "$AXCORE_ISSUES" -eq "0" ] && echo "âœ… PASS" || echo "âŒ FAIL") | $AXCORE_ISSUES violations |" >> $GITHUB_STEP_SUMMARY[0m
2025-06-14T04:03:35.1128213Z [36;1mecho "" >> $GITHUB_STEP_SUMMARY[0m
2025-06-14T04:03:35.1128450Z [36;1m[0m
2025-06-14T04:03:35.1128619Z [36;1m# Detailed breakdown[0m
2025-06-14T04:03:35.1129189Z [36;1mecho "## ðŸ” Detailed Breakdown" >> $GITHUB_STEP_SUMMARY[0m
2025-06-14T04:03:35.1129574Z [36;1mecho "" >> $GITHUB_STEP_SUMMARY[0m
2025-06-14T04:03:35.1129894Z [36;1mecho "| Category | Issues | Severity |" >> $GITHUB_STEP_SUMMARY[0m
2025-06-14T04:03:35.1130273Z [36;1mecho "|----------|--------|----------|" >> $GITHUB_STEP_SUMMARY[0m
2025-06-14T04:03:35.1130719Z [36;1mecho "| Critical WCAG Violations | $AXCORE_ISSUES | ðŸš¨ Critical |" >> $GITHUB_STEP_SUMMARY[0m
2025-06-14T04:03:35.1131271Z [36;1mecho "| Keyboard Navigation | $KEYBOARD_ISSUES | ðŸ”‘ High |" >> $GITHUB_STEP_SUMMARY[0m
2025-06-14T04:03:35.1131811Z [36;1mecho "| Screen Reader Support | $SCREENREADER_ISSUES | ðŸ”Š High |" >> $GITHUB_STEP_SUMMARY[0m
2025-06-14T04:03:35.1132653Z [36;1mecho "| Content & Markup | $PA11Y_ISSUES | ðŸ“ Medium |" >> $GITHUB_STEP_SUMMARY[0m
2025-06-14T04:03:35.1133115Z [36;1mecho "| **Total Issues** | **$TOTAL_ISSUES** | - |" >> $GITHUB_STEP_SUMMARY[0m
2025-06-14T04:03:35.1133834Z [36;1mecho "| Lighthouse Score | $LIGHTHOUSE_SCORE% | $([ "$(echo "$LIGHTHOUSE_SCORE >= 90" | bc -l 2>/dev/null || echo 0)" -eq "1" ] && echo "âœ… Good" || echo "âš ï¸ Needs Improvement") |" >> $GITHUB_STEP_SUMMARY[0m
2025-06-14T04:03:35.1134455Z [36;1mecho "" >> $GITHUB_STEP_SUMMARY[0m
2025-06-14T04:03:35.1134683Z [36;1m[0m
2025-06-14T04:03:35.1134851Z [36;1m# Quality gates[0m
2025-06-14T04:03:35.1135107Z [36;1mecho "## ðŸš¦ Quality Gates" >> $GITHUB_STEP_SUMMARY[0m
2025-06-14T04:03:35.1135402Z [36;1mecho "" >> $GITHUB_STEP_SUMMARY[0m
2025-06-14T04:03:35.1135795Z [36;1mecho "**Overall Status:** $([ "" = "true" ] && echo "âœ… PASSED" || echo "âŒ FAILED")" >> $GITHUB_STEP_SUMMARY[0m
2025-06-14T04:03:35.1136208Z [36;1mecho "" >> $GITHUB_STEP_SUMMARY[0m
2025-06-14T04:03:35.1136438Z [36;1m[0m
2025-06-14T04:03:35.1136612Z [36;1m# Action plan[0m
2025-06-14T04:03:35.1136838Z [36;1mif [ "$TOTAL_ISSUES" -eq "0" ]; then[0m
2025-06-14T04:03:35.1137129Z [36;1m  echo "## ðŸŽ‰ Success!" >> $GITHUB_STEP_SUMMARY[0m
2025-06-14T04:03:35.1137412Z [36;1m  echo "" >> $GITHUB_STEP_SUMMARY[0m
2025-06-14T04:03:35.1137925Z [36;1m  echo "Your application meets all accessibility standards and is ready for users with disabilities!" >> $GITHUB_STEP_SUMMARY[0m
2025-06-14T04:03:35.1138425Z [36;1melse[0m
2025-06-14T04:03:35.1138641Z [36;1m  echo "## ðŸŽ¯ Next Steps" >> $GITHUB_STEP_SUMMARY[0m
2025-06-14T04:03:35.1139133Z [36;1m  echo "" >> $GITHUB_STEP_SUMMARY[0m
2025-06-14T04:03:35.1139619Z [36;1m  echo "1. **Download Reports:** Get the \`unified-accessibility-evaluation.zip\` artifact" >> $GITHUB_STEP_SUMMARY[0m
2025-06-14T04:03:35.1140316Z [36;1m  echo "2. **Review Dashboard:** Open \`accessibility-dashboard.html\` for visual overview" >> $GITHUB_STEP_SUMMARY[0m
2025-06-14T04:03:35.1140997Z [36;1m  echo "3. **Fix Critical Issues:** Address WCAG violations first ($AXCORE_ISSUES found)" >> $GITHUB_STEP_SUMMARY[0m
2025-06-14T04:03:35.1141612Z [36;1m  echo "4. **Improve Navigation:** Fix keyboard and screen reader issues" >> $GITHUB_STEP_SUMMARY[0m
2025-06-14T04:03:35.1142131Z [36;1m  echo "5. **Re-scan:** Run this workflow again after fixes" >> $GITHUB_STEP_SUMMARY[0m
2025-06-14T04:03:35.1142479Z [36;1mfi[0m
2025-06-14T04:03:35.1142643Z [36;1m[0m
2025-06-14T04:03:35.1142813Z [36;1mecho "" >> $GITHUB_STEP_SUMMARY[0m
2025-06-14T04:03:35.1143331Z [36;1mecho "**ðŸ“‹ Complete Reports Available:** Download the workflow artifact for detailed technical reports" >> $GITHUB_STEP_SUMMARY[0m
2025-06-14T04:03:35.1193550Z shell: /usr/bin/bash -e {0}
2025-06-14T04:03:35.1193781Z env:
2025-06-14T04:03:35.1194037Z   ACCESSIBILITY_CONFIG_PATH: .github/accessibility-config.yml
2025-06-14T04:03:35.1194434Z   DEFAULT_TARGET_URL: https://ncaa-d1-softball.netlify.app/
2025-06-14T04:03:35.1194757Z   NODE_VERSION: 20
2025-06-14T04:03:35.1194971Z   REPORT_DIR: accessibility-reports
2025-06-14T04:03:35.1195212Z ##[endgroup]
2025-06-14T04:03:35.1509071Z /home/runner/work/_temp/863a1ec3-db10-43fd-9a17-3cd017f7701c.sh: line 16: 4
2025-06-14T04:03:35.1510192Z 0: syntax error in expression (error token is "0")
2025-06-14T04:03:35.1522123Z /home/runner/work/_temp/863a1ec3-db10-43fd-9a17-3cd017f7701c.sh: line 25: [: : integer expression expected
2025-06-14T04:03:35.2139327Z /home/runner/work/_temp/863a1ec3-db10-43fd-9a17-3cd017f7701c.sh: line 49: [: : integer expression expected
2025-06-14T04:03:35.2227182Z Post job cleanup.
2025-06-14T04:03:35.3153153Z [command]/usr/bin/git version
2025-06-14T04:03:35.3188611Z git version 2.49.0
2025-06-14T04:03:35.3230749Z Temporarily overriding HOME='/home/runner/work/_temp/fa2702ab-71ed-4be2-a82f-cbe756e7429d' before making global git config changes
2025-06-14T04:03:35.3231640Z Adding repository directory to the temporary git global config as a safe directory
2025-06-14T04:03:35.3236279Z [command]/usr/bin/git config --global --add safe.directory /home/runner/work/NCAA-D1-Softball-WebApp/NCAA-D1-Softball-WebApp
2025-06-14T04:03:35.3277264Z [command]/usr/bin/git config --local --name-only --get-regexp core\.sshCommand
2025-06-14T04:03:35.3309712Z [command]/usr/bin/git submodule foreach --recursive sh -c "git config --local --name-only --get-regexp 'core\.sshCommand' && git config --local --unset-all 'core.sshCommand' || :"
2025-06-14T04:03:35.3535785Z [command]/usr/bin/git config --local --name-only --get-regexp http\.https\:\/\/github\.com\/\.extraheader
2025-06-14T04:03:35.3556879Z http.https://github.com/.extraheader
2025-06-14T04:03:35.3570940Z [command]/usr/bin/git config --local --unset-all http.https://github.com/.extraheader
2025-06-14T04:03:35.3603373Z [command]/usr/bin/git submodule foreach --recursive sh -c "git config --local --name-only --get-regexp 'http\.https\:\/\/github\.com\/\.extraheader' && git config --local --unset-all 'http.https://github.com/.extraheader' || :"
2025-06-14T04:03:35.3922426Z Cleaning up orphan processes