2025-06-14T04:16:53.5204740Z Current runner version: '2.325.0'
2025-06-14T04:16:53.5228808Z ##[group]Runner Image Provisioner
2025-06-14T04:16:53.5229645Z Hosted Compute Agent
2025-06-14T04:16:53.5230234Z Version: 20250529.345
2025-06-14T04:16:53.5230845Z Commit: 22237e57af968c281070ffa8ed912c1b754f9a23
2025-06-14T04:16:53.5231494Z Build Date: 2025-05-29T20:18:30Z
2025-06-14T04:16:53.5232482Z ##[endgroup]
2025-06-14T04:16:53.5233009Z ##[group]Operating System
2025-06-14T04:16:53.5233589Z Ubuntu
2025-06-14T04:16:53.5234132Z 24.04.2
2025-06-14T04:16:53.5234565Z LTS
2025-06-14T04:16:53.5235029Z ##[endgroup]
2025-06-14T04:16:53.5235824Z ##[group]Runner Image
2025-06-14T04:16:53.5236460Z Image: ubuntu-24.04
2025-06-14T04:16:53.5236943Z Version: 20250602.3.0
2025-06-14T04:16:53.5237993Z Included Software: https://github.com/actions/runner-images/blob/ubuntu24/20250602.3/images/ubuntu/Ubuntu2404-Readme.md
2025-06-14T04:16:53.5239500Z Image Release: https://github.com/actions/runner-images/releases/tag/ubuntu24%2F20250602.3
2025-06-14T04:16:53.5240524Z ##[endgroup]
2025-06-14T04:16:53.5241604Z ##[group]GITHUB_TOKEN Permissions
2025-06-14T04:16:53.5243670Z Contents: read
2025-06-14T04:16:53.5244335Z Metadata: read
2025-06-14T04:16:53.5244808Z Packages: read
2025-06-14T04:16:53.5245292Z ##[endgroup]
2025-06-14T04:16:53.5247738Z Secret source: Actions
2025-06-14T04:16:53.5248823Z Prepare workflow directory
2025-06-14T04:16:53.5635283Z Prepare all required actions
2025-06-14T04:16:53.5673302Z Getting action download info
2025-06-14T04:16:53.8865166Z ##[group]Download immutable action package 'actions/checkout@v4'
2025-06-14T04:16:53.8866503Z Version: 4.2.2
2025-06-14T04:16:53.8867517Z Digest: sha256:ccb2698953eaebd21c7bf6268a94f9c26518a7e38e27e0b83c1fe1ad049819b1
2025-06-14T04:16:53.8868674Z Source commit SHA: 11bd71901bbe5b1630ceea73d27597364c9af683
2025-06-14T04:16:53.8869343Z ##[endgroup]
2025-06-14T04:16:53.9699095Z ##[group]Download immutable action package 'actions/setup-node@v4'
2025-06-14T04:16:53.9699899Z Version: 4.4.0
2025-06-14T04:16:53.9700659Z Digest: sha256:9427cefe82346e992fb5b949e3569b39d537ae41aa3086483b14eceebfc16bc1
2025-06-14T04:16:53.9701659Z Source commit SHA: 49933ea5288caeca8642d1e84afbd3f7d6820020
2025-06-14T04:16:53.9702352Z ##[endgroup]
2025-06-14T04:16:54.1036610Z ##[group]Download immutable action package 'actions/upload-artifact@v4'
2025-06-14T04:16:54.1037566Z Version: 4.6.2
2025-06-14T04:16:54.1038278Z Digest: sha256:290722aa3281d5caf23d0acdc3dbeb3424786a1a01a9cc97e72f147225e37c38
2025-06-14T04:16:54.1039230Z Source commit SHA: ea165f8d65b6e75b540449e92b4886f43607fa02
2025-06-14T04:16:54.1039955Z ##[endgroup]
2025-06-14T04:16:54.2880597Z Complete job name: Comprehensive Accessibility Scan
2025-06-14T04:16:54.3629517Z ##[group]Run actions/checkout@v4
2025-06-14T04:16:54.3630343Z with:
2025-06-14T04:16:54.3630805Z   repository: seanmac5291/NCAA-D1-Softball-WebApp
2025-06-14T04:16:54.3631537Z   token: ***
2025-06-14T04:16:54.3631907Z   ssh-strict: true
2025-06-14T04:16:54.3632283Z   ssh-user: git
2025-06-14T04:16:54.3632681Z   persist-credentials: true
2025-06-14T04:16:54.3633141Z   clean: true
2025-06-14T04:16:54.3633540Z   sparse-checkout-cone-mode: true
2025-06-14T04:16:54.3634009Z   fetch-depth: 1
2025-06-14T04:16:54.3634382Z   fetch-tags: false
2025-06-14T04:16:54.3634768Z   show-progress: true
2025-06-14T04:16:54.3635147Z   lfs: false
2025-06-14T04:16:54.3635674Z   submodules: false
2025-06-14T04:16:54.3636064Z   set-safe-directory: true
2025-06-14T04:16:54.3636737Z env:
2025-06-14T04:16:54.3637282Z   ACCESSIBILITY_CONFIG_PATH: .github/accessibility-config.yml
2025-06-14T04:16:54.3638076Z   DEFAULT_TARGET_URL: https://ncaa-d1-softball.netlify.app/
2025-06-14T04:16:54.3638761Z   NODE_VERSION: 20
2025-06-14T04:16:54.3639167Z   REPORT_DIR: accessibility-reports
2025-06-14T04:16:54.3639639Z ##[endgroup]
2025-06-14T04:16:54.4701726Z Syncing repository: seanmac5291/NCAA-D1-Softball-WebApp
2025-06-14T04:16:54.4703422Z ##[group]Getting Git version info
2025-06-14T04:16:54.4704269Z Working directory is '/home/runner/work/NCAA-D1-Softball-WebApp/NCAA-D1-Softball-WebApp'
2025-06-14T04:16:54.4706020Z [command]/usr/bin/git version
2025-06-14T04:16:54.4742435Z git version 2.49.0
2025-06-14T04:16:54.4768229Z ##[endgroup]
2025-06-14T04:16:54.4782421Z Temporarily overriding HOME='/home/runner/work/_temp/d726ca4a-1c83-4872-9365-2037fd56c988' before making global git config changes
2025-06-14T04:16:54.4783778Z Adding repository directory to the temporary git global config as a safe directory
2025-06-14T04:16:54.4794825Z [command]/usr/bin/git config --global --add safe.directory /home/runner/work/NCAA-D1-Softball-WebApp/NCAA-D1-Softball-WebApp
2025-06-14T04:16:54.4827102Z Deleting the contents of '/home/runner/work/NCAA-D1-Softball-WebApp/NCAA-D1-Softball-WebApp'
2025-06-14T04:16:54.4830254Z ##[group]Initializing the repository
2025-06-14T04:16:54.4834448Z [command]/usr/bin/git init /home/runner/work/NCAA-D1-Softball-WebApp/NCAA-D1-Softball-WebApp
2025-06-14T04:16:54.4889233Z hint: Using 'master' as the name for the initial branch. This default branch name
2025-06-14T04:16:54.4890762Z hint: is subject to change. To configure the initial branch name to use in all
2025-06-14T04:16:54.4892154Z hint: of your new repositories, which will suppress this warning, call:
2025-06-14T04:16:54.4893284Z hint:
2025-06-14T04:16:54.4894044Z hint: 	git config --global init.defaultBranch <name>
2025-06-14T04:16:54.4894938Z hint:
2025-06-14T04:16:54.4895963Z hint: Names commonly chosen instead of 'master' are 'main', 'trunk' and
2025-06-14T04:16:54.4897068Z hint: 'development'. The just-created branch can be renamed via this command:
2025-06-14T04:16:54.4897756Z hint:
2025-06-14T04:16:54.4898115Z hint: 	git branch -m <name>
2025-06-14T04:16:54.4899018Z Initialized empty Git repository in /home/runner/work/NCAA-D1-Softball-WebApp/NCAA-D1-Softball-WebApp/.git/
2025-06-14T04:16:54.4906098Z [command]/usr/bin/git remote add origin https://github.com/seanmac5291/NCAA-D1-Softball-WebApp
2025-06-14T04:16:54.4940010Z ##[endgroup]
2025-06-14T04:16:54.4941234Z ##[group]Disabling automatic garbage collection
2025-06-14T04:16:54.4944219Z [command]/usr/bin/git config --local gc.auto 0
2025-06-14T04:16:54.4975261Z ##[endgroup]
2025-06-14T04:16:54.4976604Z ##[group]Setting up auth
2025-06-14T04:16:54.4983282Z [command]/usr/bin/git config --local --name-only --get-regexp core\.sshCommand
2025-06-14T04:16:54.5016351Z [command]/usr/bin/git submodule foreach --recursive sh -c "git config --local --name-only --get-regexp 'core\.sshCommand' && git config --local --unset-all 'core.sshCommand' || :"
2025-06-14T04:16:54.5284107Z [command]/usr/bin/git config --local --name-only --get-regexp http\.https\:\/\/github\.com\/\.extraheader
2025-06-14T04:16:54.5316948Z [command]/usr/bin/git submodule foreach --recursive sh -c "git config --local --name-only --get-regexp 'http\.https\:\/\/github\.com\/\.extraheader' && git config --local --unset-all 'http.https://github.com/.extraheader' || :"
2025-06-14T04:16:54.5553926Z [command]/usr/bin/git config --local http.https://github.com/.extraheader AUTHORIZATION: basic ***
2025-06-14T04:16:54.5600512Z ##[endgroup]
2025-06-14T04:16:54.5601839Z ##[group]Fetching the repository
2025-06-14T04:16:54.5610396Z [command]/usr/bin/git -c protocol.version=2 fetch --no-tags --prune --no-recurse-submodules --depth=1 origin +81e3e382d6b38bbdbf751d09447ec0ed4d75fd51:refs/remotes/origin/main
2025-06-14T04:16:54.9845215Z From https://github.com/seanmac5291/NCAA-D1-Softball-WebApp
2025-06-14T04:16:54.9846681Z  * [new ref]         81e3e382d6b38bbdbf751d09447ec0ed4d75fd51 -> origin/main
2025-06-14T04:16:54.9877778Z ##[endgroup]
2025-06-14T04:16:54.9878563Z ##[group]Determining the checkout info
2025-06-14T04:16:54.9881011Z ##[endgroup]
2025-06-14T04:16:54.9888088Z [command]/usr/bin/git sparse-checkout disable
2025-06-14T04:16:54.9930241Z [command]/usr/bin/git config --local --unset-all extensions.worktreeConfig
2025-06-14T04:16:54.9959877Z ##[group]Checking out the ref
2025-06-14T04:16:54.9964667Z [command]/usr/bin/git checkout --progress --force -B main refs/remotes/origin/main
2025-06-14T04:16:55.0100196Z Switched to a new branch 'main'
2025-06-14T04:16:55.0101706Z branch 'main' set up to track 'origin/main'.
2025-06-14T04:16:55.0107741Z ##[endgroup]
2025-06-14T04:16:55.0140985Z [command]/usr/bin/git log -1 --format=%H
2025-06-14T04:16:55.0162703Z 81e3e382d6b38bbdbf751d09447ec0ed4d75fd51
2025-06-14T04:16:55.0442505Z ##[group]Run actions/setup-node@v4
2025-06-14T04:16:55.0443547Z with:
2025-06-14T04:16:55.0444217Z   node-version: 20
2025-06-14T04:16:55.0445035Z   cache: npm
2025-06-14T04:16:55.0446137Z   always-auth: false
2025-06-14T04:16:55.0446959Z   check-latest: false
2025-06-14T04:16:55.0448052Z   token: ***
2025-06-14T04:16:55.0448741Z env:
2025-06-14T04:16:55.0449743Z   ACCESSIBILITY_CONFIG_PATH: .github/accessibility-config.yml
2025-06-14T04:16:55.0451440Z   DEFAULT_TARGET_URL: https://ncaa-d1-softball.netlify.app/
2025-06-14T04:16:55.0452807Z   NODE_VERSION: 20
2025-06-14T04:16:55.0453660Z   REPORT_DIR: accessibility-reports
2025-06-14T04:16:55.0454681Z ##[endgroup]
2025-06-14T04:16:55.2194007Z Found in cache @ /opt/hostedtoolcache/node/20.19.2/x64
2025-06-14T04:16:55.2198668Z ##[group]Environment details
2025-06-14T04:16:57.6118743Z node: v20.19.2
2025-06-14T04:16:57.6119552Z npm: 10.8.2
2025-06-14T04:16:57.6119975Z yarn: 1.22.22
2025-06-14T04:16:57.6122017Z ##[endgroup]
2025-06-14T04:16:57.6144639Z [command]/opt/hostedtoolcache/node/20.19.2/x64/bin/npm config get cache
2025-06-14T04:16:58.0109057Z /home/runner/.npm
2025-06-14T04:16:58.1059094Z Cache hit for: node-cache-Linux-x64-npm-f9e8e639531977583d10b932bc63d8916463b1edc06cbf7427c261d49aa5e588
2025-06-14T04:16:58.6161894Z Received 68166020 of 68166020 (100.0%), 143.8 MBs/sec
2025-06-14T04:16:58.6162711Z Cache Size: ~65 MB (68166020 B)
2025-06-14T04:16:58.6229489Z [command]/usr/bin/tar -xf /home/runner/work/_temp/381fa0bf-b4ac-413b-8442-8ce58e9fc0c9/cache.tzst -P -C /home/runner/work/NCAA-D1-Softball-WebApp/NCAA-D1-Softball-WebApp --use-compress-program unzstd
2025-06-14T04:16:58.9476768Z Cache restored successfully
2025-06-14T04:16:58.9624495Z Cache restored from key: node-cache-Linux-x64-npm-f9e8e639531977583d10b932bc63d8916463b1edc06cbf7427c261d49aa5e588
2025-06-14T04:16:58.9836766Z ##[group]Run npm ci
2025-06-14T04:16:58.9837071Z [36;1mnpm ci[0m
2025-06-14T04:16:58.9904474Z shell: /usr/bin/bash -e {0}
2025-06-14T04:16:58.9904749Z env:
2025-06-14T04:16:58.9905031Z   ACCESSIBILITY_CONFIG_PATH: .github/accessibility-config.yml
2025-06-14T04:16:58.9905743Z   DEFAULT_TARGET_URL: https://ncaa-d1-softball.netlify.app/
2025-06-14T04:16:58.9906099Z   NODE_VERSION: 20
2025-06-14T04:16:58.9906315Z   REPORT_DIR: accessibility-reports
2025-06-14T04:16:58.9906564Z ##[endgroup]
2025-06-14T04:17:02.0477054Z 
2025-06-14T04:17:02.0484505Z added 249 packages, and audited 250 packages in 3s
2025-06-14T04:17:02.0484823Z 
2025-06-14T04:17:02.0485013Z 50 packages are looking for funding
2025-06-14T04:17:02.0485317Z   run `npm fund` for details
2025-06-14T04:17:02.0493228Z 
2025-06-14T04:17:02.0493503Z 1 low severity vulnerability
2025-06-14T04:17:02.0493800Z 
2025-06-14T04:17:02.0494001Z To address all issues, run:
2025-06-14T04:17:02.0494362Z   npm audit fix
2025-06-14T04:17:02.0494549Z 
2025-06-14T04:17:02.0494670Z Run `npm audit` for details.
2025-06-14T04:17:02.0724881Z ##[group]Run mkdir -p accessibility-reports
2025-06-14T04:17:02.0725274Z [36;1mmkdir -p accessibility-reports[0m
2025-06-14T04:17:02.0778566Z shell: /usr/bin/bash -e {0}
2025-06-14T04:17:02.0778806Z env:
2025-06-14T04:17:02.0779061Z   ACCESSIBILITY_CONFIG_PATH: .github/accessibility-config.yml
2025-06-14T04:17:02.0779491Z   DEFAULT_TARGET_URL: https://ncaa-d1-softball.netlify.app/
2025-06-14T04:17:02.0779805Z   NODE_VERSION: 20
2025-06-14T04:17:02.0780038Z   REPORT_DIR: accessibility-reports
2025-06-14T04:17:02.0780268Z ##[endgroup]
2025-06-14T04:17:02.0886918Z ##[group]Run echo "Installing global accessibility tools..."
2025-06-14T04:17:02.0887359Z [36;1mecho "Installing global accessibility tools..."[0m
2025-06-14T04:17:02.0887709Z [36;1mnpm install -g pa11y @axe-core/cli lighthouse[0m
2025-06-14T04:17:02.0888208Z [36;1m[0m
2025-06-14T04:17:02.0888431Z [36;1mecho "Installing Playwright dependencies..."[0m
2025-06-14T04:17:02.0888793Z [36;1mnpm install @axe-core/playwright --save-dev --no-save[0m
2025-06-14T04:17:02.0889097Z [36;1m[0m
2025-06-14T04:17:02.0889319Z [36;1mecho "Verifying Playwright installation..."[0m
2025-06-14T04:17:02.0889673Z [36;1mif npm list @axe-core/playwright >/dev/null 2>&1; then[0m
2025-06-14T04:17:02.0890054Z [36;1m  echo "âœ… @axe-core/playwright installed successfully"[0m
2025-06-14T04:17:02.0890347Z [36;1melse[0m
2025-06-14T04:17:02.0890583Z [36;1m  echo "âŒ @axe-core/playwright installation failed"[0m
2025-06-14T04:17:02.0890854Z [36;1mfi[0m
2025-06-14T04:17:02.0937719Z shell: /usr/bin/bash -e {0}
2025-06-14T04:17:02.0937951Z env:
2025-06-14T04:17:02.0938209Z   ACCESSIBILITY_CONFIG_PATH: .github/accessibility-config.yml
2025-06-14T04:17:02.0938617Z   DEFAULT_TARGET_URL: https://ncaa-d1-softball.netlify.app/
2025-06-14T04:17:02.0938924Z   NODE_VERSION: 20
2025-06-14T04:17:02.0939143Z   REPORT_DIR: accessibility-reports
2025-06-14T04:17:02.0939381Z ##[endgroup]
2025-06-14T04:17:02.1004785Z Installing global accessibility tools...
2025-06-14T04:17:15.8603855Z 
2025-06-14T04:17:15.8604451Z added 382 packages in 14s
2025-06-14T04:17:15.8604794Z 
2025-06-14T04:17:15.8605165Z 18 packages are looking for funding
2025-06-14T04:17:15.8605789Z   run `npm fund` for details
2025-06-14T04:17:15.8928142Z Installing Playwright dependencies...
2025-06-14T04:17:16.8916523Z 
2025-06-14T04:17:16.8917350Z up to date, audited 250 packages in 942ms
2025-06-14T04:17:16.8917787Z 
2025-06-14T04:17:16.8918430Z 50 packages are looking for funding
2025-06-14T04:17:16.8918921Z   run `npm fund` for details
2025-06-14T04:17:16.8933004Z 
2025-06-14T04:17:16.8933385Z 1 low severity vulnerability
2025-06-14T04:17:16.8933696Z 
2025-06-14T04:17:16.8933910Z To address all issues, run:
2025-06-14T04:17:16.8934327Z   npm audit fix
2025-06-14T04:17:16.8934544Z 
2025-06-14T04:17:16.8934783Z Run `npm audit` for details.
2025-06-14T04:17:16.9041043Z Verifying Playwright installation...
2025-06-14T04:17:17.3571971Z âœ… @axe-core/playwright installed successfully
2025-06-14T04:17:17.3604247Z ##[group]Run npx playwright install chromium --with-deps || echo "Browser installation failed, continuing with other tools"
2025-06-14T04:17:17.3605060Z [36;1mnpx playwright install chromium --with-deps || echo "Browser installation failed, continuing with other tools"[0m
2025-06-14T04:17:17.3656935Z shell: /usr/bin/bash -e {0}
2025-06-14T04:17:17.3657179Z env:
2025-06-14T04:17:17.3657436Z   ACCESSIBILITY_CONFIG_PATH: .github/accessibility-config.yml
2025-06-14T04:17:17.3657833Z   DEFAULT_TARGET_URL: https://ncaa-d1-softball.netlify.app/
2025-06-14T04:17:17.3658149Z   NODE_VERSION: 20
2025-06-14T04:17:17.3658361Z   REPORT_DIR: accessibility-reports
2025-06-14T04:17:17.3658598Z ##[endgroup]
2025-06-14T04:17:18.1708559Z Installing dependencies...
2025-06-14T04:17:18.1780388Z Switching to root user to install dependencies...
2025-06-14T04:17:18.3276762Z Get:1 file:/etc/apt/apt-mirrors.txt Mirrorlist [144 B]
2025-06-14T04:17:18.3465838Z Get:6 https://packages.microsoft.com/repos/azure-cli noble InRelease [3564 B]
2025-06-14T04:17:18.3712612Z Get:7 https://packages.microsoft.com/ubuntu/24.04/prod noble InRelease [3600 B]
2025-06-14T04:17:18.4358772Z Hit:2 http://azure.archive.ubuntu.com/ubuntu noble InRelease
2025-06-14T04:17:18.4371372Z Get:3 http://azure.archive.ubuntu.com/ubuntu noble-updates InRelease [126 kB]
2025-06-14T04:17:18.4449738Z Get:4 http://azure.archive.ubuntu.com/ubuntu noble-backports InRelease [126 kB]
2025-06-14T04:17:18.4508375Z Get:5 http://azure.archive.ubuntu.com/ubuntu noble-security InRelease [126 kB]
2025-06-14T04:17:18.4681481Z Get:8 https://packages.microsoft.com/repos/azure-cli noble/main amd64 Packages [1377 B]
2025-06-14T04:17:18.5178567Z Get:9 https://packages.microsoft.com/ubuntu/24.04/prod noble/main arm64 Packages [21.7 kB]
2025-06-14T04:17:18.5204743Z Get:10 https://packages.microsoft.com/ubuntu/24.04/prod noble/main amd64 Packages [34.5 kB]
2025-06-14T04:17:18.5228230Z Get:11 https://packages.microsoft.com/ubuntu/24.04/prod noble/main armhf Packages [8545 B]
2025-06-14T04:17:18.6309335Z Get:12 http://azure.archive.ubuntu.com/ubuntu noble-updates/main amd64 Packages [1118 kB]
2025-06-14T04:17:18.6375570Z Get:13 http://azure.archive.ubuntu.com/ubuntu noble-updates/main Translation-en [238 kB]
2025-06-14T04:17:18.6399517Z Get:14 http://azure.archive.ubuntu.com/ubuntu noble-updates/main amd64 Components [161 kB]
2025-06-14T04:17:18.6419797Z Get:15 http://azure.archive.ubuntu.com/ubuntu noble-updates/universe amd64 Packages [1080 kB]
2025-06-14T04:17:18.6525521Z Get:16 http://azure.archive.ubuntu.com/ubuntu noble-updates/universe Translation-en [274 kB]
2025-06-14T04:17:18.6581857Z Get:17 http://azure.archive.ubuntu.com/ubuntu noble-updates/universe amd64 Components [376 kB]
2025-06-14T04:17:18.6617682Z Get:18 http://azure.archive.ubuntu.com/ubuntu noble-updates/restricted amd64 Packages [1179 kB]
2025-06-14T04:17:18.6698275Z Get:19 http://azure.archive.ubuntu.com/ubuntu noble-updates/restricted Translation-en [245 kB]
2025-06-14T04:17:18.6725253Z Get:20 http://azure.archive.ubuntu.com/ubuntu noble-updates/restricted amd64 Components [212 B]
2025-06-14T04:17:18.6736574Z Get:21 http://azure.archive.ubuntu.com/ubuntu noble-updates/multiverse amd64 Components [940 B]
2025-06-14T04:17:18.7265790Z Get:22 http://azure.archive.ubuntu.com/ubuntu noble-backports/main amd64 Components [7064 B]
2025-06-14T04:17:18.7313173Z Get:23 http://azure.archive.ubuntu.com/ubuntu noble-backports/universe amd64 Components [16.4 kB]
2025-06-14T04:17:18.7314535Z Get:24 http://azure.archive.ubuntu.com/ubuntu noble-backports/restricted amd64 Components [216 B]
2025-06-14T04:17:18.7316958Z Get:25 http://azure.archive.ubuntu.com/ubuntu noble-backports/multiverse amd64 Components [212 B]
2025-06-14T04:17:18.7328365Z Get:26 http://azure.archive.ubuntu.com/ubuntu noble-security/main amd64 Packages [868 kB]
2025-06-14T04:17:18.7389384Z Get:27 http://azure.archive.ubuntu.com/ubuntu noble-security/main Translation-en [160 kB]
2025-06-14T04:17:18.7408179Z Get:28 http://azure.archive.ubuntu.com/ubuntu noble-security/main amd64 Components [21.5 kB]
2025-06-14T04:17:18.7418762Z Get:29 http://azure.archive.ubuntu.com/ubuntu noble-security/universe amd64 Packages [851 kB]
2025-06-14T04:17:18.7467438Z Get:30 http://azure.archive.ubuntu.com/ubuntu noble-security/universe Translation-en [187 kB]
2025-06-14T04:17:18.7489973Z Get:31 http://azure.archive.ubuntu.com/ubuntu noble-security/universe amd64 Components [52.3 kB]
2025-06-14T04:17:18.7501509Z Get:32 http://azure.archive.ubuntu.com/ubuntu noble-security/restricted amd64 Components [212 B]
2025-06-14T04:17:18.7513512Z Get:33 http://azure.archive.ubuntu.com/ubuntu noble-security/multiverse amd64 Components [212 B]
2025-06-14T04:17:25.5201106Z Fetched 7287 kB in 1s (7023 kB/s)
2025-06-14T04:17:26.2076384Z Reading package lists...
2025-06-14T04:17:26.2329178Z Reading package lists...
2025-06-14T04:17:26.4223222Z Building dependency tree...
2025-06-14T04:17:26.4230570Z Reading state information...
2025-06-14T04:17:26.5797038Z libasound2t64 is already the newest version (1.2.11-1build2).
2025-06-14T04:17:26.5797975Z libasound2t64 set to manually installed.
2025-06-14T04:17:26.5799050Z libatk-bridge2.0-0t64 is already the newest version (2.52.0-1build1).
2025-06-14T04:17:26.5800120Z libatk-bridge2.0-0t64 set to manually installed.
2025-06-14T04:17:26.5801215Z libatk1.0-0t64 is already the newest version (2.52.0-1build1).
2025-06-14T04:17:26.5801926Z libatk1.0-0t64 set to manually installed.
2025-06-14T04:17:26.5802856Z libatspi2.0-0t64 is already the newest version (2.52.0-1build1).
2025-06-14T04:17:26.5803637Z libatspi2.0-0t64 set to manually installed.
2025-06-14T04:17:26.5804395Z libcairo2 is already the newest version (1.18.0-3build1).
2025-06-14T04:17:26.5805218Z libcairo2 set to manually installed.
2025-06-14T04:17:26.5806239Z libcups2t64 is already the newest version (2.4.7-1.2ubuntu7.3).
2025-06-14T04:17:26.5807527Z libcups2t64 set to manually installed.
2025-06-14T04:17:26.5808318Z libdbus-1-3 is already the newest version (1.14.10-4ubuntu4.1).
2025-06-14T04:17:26.5809087Z libdbus-1-3 set to manually installed.
2025-06-14T04:17:26.5809879Z libdrm2 is already the newest version (2.4.122-1~ubuntu0.24.04.1).
2025-06-14T04:17:26.5810552Z libdrm2 set to manually installed.
2025-06-14T04:17:26.5811043Z libgbm1 is already the newest version (24.2.8-1ubuntu1~24.04.1).
2025-06-14T04:17:26.5811515Z libgbm1 set to manually installed.
2025-06-14T04:17:26.5811919Z libnspr4 is already the newest version (2:4.35-1.1build1).
2025-06-14T04:17:26.5812280Z libnspr4 set to manually installed.
2025-06-14T04:17:26.5812689Z libnss3 is already the newest version (2:3.98-1build1).
2025-06-14T04:17:26.5813028Z libnss3 set to manually installed.
2025-06-14T04:17:26.5813394Z libpango-1.0-0 is already the newest version (1.52.1+ds-1build1).
2025-06-14T04:17:26.5813775Z libpango-1.0-0 set to manually installed.
2025-06-14T04:17:26.5814365Z libx11-6 is already the newest version (2:1.8.7-1build1).
2025-06-14T04:17:26.5814945Z libx11-6 set to manually installed.
2025-06-14T04:17:26.5815729Z libxcb1 is already the newest version (1.15-1ubuntu2).
2025-06-14T04:17:26.5816502Z libxcb1 set to manually installed.
2025-06-14T04:17:26.5817150Z libxcomposite1 is already the newest version (1:0.4.5-1build3).
2025-06-14T04:17:26.5817816Z libxcomposite1 set to manually installed.
2025-06-14T04:17:26.5818206Z libxdamage1 is already the newest version (1:1.1.6-1build1).
2025-06-14T04:17:26.5818550Z libxdamage1 set to manually installed.
2025-06-14T04:17:26.5818899Z libxext6 is already the newest version (2:1.3.4-1build2).
2025-06-14T04:17:26.5819224Z libxext6 set to manually installed.
2025-06-14T04:17:26.5819603Z libxfixes3 is already the newest version (1:6.0.0-2build1).
2025-06-14T04:17:26.5819947Z libxfixes3 set to manually installed.
2025-06-14T04:17:26.5820306Z libxkbcommon0 is already the newest version (1.6.0-1build1).
2025-06-14T04:17:26.5820670Z libxkbcommon0 set to manually installed.
2025-06-14T04:17:26.5821037Z libxrandr2 is already the newest version (2:1.5.2-2build1).
2025-06-14T04:17:26.5821617Z libxrandr2 set to manually installed.
2025-06-14T04:17:26.5821999Z xvfb is already the newest version (2:21.1.12-1ubuntu1.3).
2025-06-14T04:17:26.5822484Z fonts-noto-color-emoji is already the newest version (2.047-0ubuntu0.24.04.1).
2025-06-14T04:17:26.5822987Z libfontconfig1 is already the newest version (2.15.0-1.1ubuntu2).
2025-06-14T04:17:26.5823364Z libfontconfig1 set to manually installed.
2025-06-14T04:17:26.5823751Z libfreetype6 is already the newest version (2.13.2+dfsg-1build3).
2025-06-14T04:17:26.5824127Z libfreetype6 set to manually installed.
2025-06-14T04:17:26.5824517Z fonts-liberation is already the newest version (1:2.1.5-3).
2025-06-14T04:17:26.5824887Z fonts-liberation set to manually installed.
2025-06-14T04:17:26.5825245Z The following additional packages will be installed:
2025-06-14T04:17:26.5825951Z   gir1.2-glib-2.0 libglib2.0-bin libglib2.0-data xfonts-encodings xfonts-utils
2025-06-14T04:17:26.5826334Z Suggested packages:
2025-06-14T04:17:26.5826545Z   low-memory-monitor
2025-06-14T04:17:26.5826768Z Recommended packages:
2025-06-14T04:17:26.5827009Z   fonts-ipafont-mincho fonts-tlwg-loma
2025-06-14T04:17:26.6211714Z The following NEW packages will be installed:
2025-06-14T04:17:26.6212534Z   fonts-freefont-ttf fonts-ipafont-gothic fonts-tlwg-loma-otf fonts-unifont
2025-06-14T04:17:26.6222027Z   fonts-wqy-zenhei xfonts-cyrillic xfonts-encodings xfonts-scalable
2025-06-14T04:17:26.6222738Z   xfonts-utils
2025-06-14T04:17:26.6226574Z The following packages will be upgraded:
2025-06-14T04:17:26.6232960Z   gir1.2-glib-2.0 libglib2.0-0t64 libglib2.0-bin libglib2.0-data
2025-06-14T04:17:26.6409842Z 4 upgraded, 9 newly installed, 0 to remove and 45 not upgraded.
2025-06-14T04:17:26.6410385Z Need to get 23.0 MB of archives.
2025-06-14T04:17:26.6411032Z After this operation, 79.5 MB of additional disk space will be used.
2025-06-14T04:17:26.6412172Z Get:1 file:/etc/apt/apt-mirrors.txt Mirrorlist [144 B]
2025-06-14T04:17:26.6758131Z Get:2 http://azure.archive.ubuntu.com/ubuntu noble/universe amd64 fonts-ipafont-gothic all 00303-21ubuntu1 [3513 kB]
2025-06-14T04:17:26.7289973Z Get:3 http://azure.archive.ubuntu.com/ubuntu noble-updates/main amd64 libglib2.0-data all 2.80.0-6ubuntu3.4 [48.7 kB]
2025-06-14T04:17:26.7468990Z Get:4 http://azure.archive.ubuntu.com/ubuntu noble-updates/main amd64 libglib2.0-bin amd64 2.80.0-6ubuntu3.4 [97.9 kB]
2025-06-14T04:17:26.7656354Z Get:5 http://azure.archive.ubuntu.com/ubuntu noble-updates/main amd64 gir1.2-glib-2.0 amd64 2.80.0-6ubuntu3.4 [183 kB]
2025-06-14T04:17:26.7853046Z Get:6 http://azure.archive.ubuntu.com/ubuntu noble-updates/main amd64 libglib2.0-0t64 amd64 2.80.0-6ubuntu3.4 [1544 kB]
2025-06-14T04:17:26.8243283Z Get:7 http://azure.archive.ubuntu.com/ubuntu noble/main amd64 fonts-freefont-ttf all 20211204+svn4273-2 [5641 kB]
2025-06-14T04:17:26.9159251Z Get:8 http://azure.archive.ubuntu.com/ubuntu noble/universe amd64 fonts-tlwg-loma-otf all 1:0.7.3-1 [107 kB]
2025-06-14T04:17:26.9347272Z Get:9 http://azure.archive.ubuntu.com/ubuntu noble/universe amd64 fonts-unifont all 1:15.1.01-1build1 [2993 kB]
2025-06-14T04:17:27.0063370Z Get:10 http://azure.archive.ubuntu.com/ubuntu noble/universe amd64 fonts-wqy-zenhei all 0.9.45-8 [7472 kB]
2025-06-14T04:17:27.1076671Z Get:11 http://azure.archive.ubuntu.com/ubuntu noble/main amd64 xfonts-encodings all 1:1.0.5-0ubuntu2 [578 kB]
2025-06-14T04:17:27.1425886Z Get:12 http://azure.archive.ubuntu.com/ubuntu noble/main amd64 xfonts-utils amd64 1:7.7+6build3 [94.4 kB]
2025-06-14T04:17:27.1622185Z Get:13 http://azure.archive.ubuntu.com/ubuntu noble/universe amd64 xfonts-cyrillic all 1:1.0.5+nmu1 [384 kB]
2025-06-14T04:17:27.1835225Z Get:14 http://azure.archive.ubuntu.com/ubuntu noble/main amd64 xfonts-scalable all 1:1.0.3-1.3 [304 kB]
2025-06-14T04:17:27.5957364Z Fetched 23.0 MB in 1s (41.3 MB/s)
2025-06-14T04:17:27.8222601Z Selecting previously unselected package fonts-ipafont-gothic.
2025-06-14T04:17:28.6349343Z (Reading database ... 
2025-06-14T04:17:28.6349831Z (Reading database ... 5%
2025-06-14T04:17:28.6350377Z (Reading database ... 10%
2025-06-14T04:17:28.6350888Z (Reading database ... 15%
2025-06-14T04:17:28.6351279Z (Reading database ... 20%
2025-06-14T04:17:28.6351673Z (Reading database ... 25%
2025-06-14T04:17:28.6351923Z (Reading database ... 30%
2025-06-14T04:17:28.6352430Z (Reading database ... 35%
2025-06-14T04:17:28.6352888Z (Reading database ... 40%
2025-06-14T04:17:28.6353240Z (Reading database ... 45%
2025-06-14T04:17:28.6353605Z (Reading database ... 50%
2025-06-14T04:17:28.7741744Z (Reading database ... 55%
2025-06-14T04:17:29.1700357Z (Reading database ... 60%
2025-06-14T04:17:29.3529480Z (Reading database ... 65%
2025-06-14T04:17:29.4699158Z (Reading database ... 70%
2025-06-14T04:17:29.7554089Z (Reading database ... 75%
2025-06-14T04:17:30.0957744Z (Reading database ... 80%
2025-06-14T04:17:30.6384250Z (Reading database ... 85%
2025-06-14T04:17:31.3302725Z (Reading database ... 90%
2025-06-14T04:17:31.8485608Z (Reading database ... 95%
2025-06-14T04:17:31.8486102Z (Reading database ... 100%
2025-06-14T04:17:31.8486750Z (Reading database ... 219155 files and directories currently installed.)
2025-06-14T04:17:31.8536633Z Preparing to unpack .../00-fonts-ipafont-gothic_00303-21ubuntu1_all.deb ...
2025-06-14T04:17:31.8640631Z Unpacking fonts-ipafont-gothic (00303-21ubuntu1) ...
2025-06-14T04:17:32.1111585Z Preparing to unpack .../01-libglib2.0-data_2.80.0-6ubuntu3.4_all.deb ...
2025-06-14T04:17:32.1144246Z Unpacking libglib2.0-data (2.80.0-6ubuntu3.4) over (2.80.0-6ubuntu3.2) ...
2025-06-14T04:17:32.1566930Z Preparing to unpack .../02-libglib2.0-bin_2.80.0-6ubuntu3.4_amd64.deb ...
2025-06-14T04:17:32.1600178Z Unpacking libglib2.0-bin (2.80.0-6ubuntu3.4) over (2.80.0-6ubuntu3.2) ...
2025-06-14T04:17:32.2840437Z Preparing to unpack .../03-gir1.2-glib-2.0_2.80.0-6ubuntu3.4_amd64.deb ...
2025-06-14T04:17:32.2875737Z Unpacking gir1.2-glib-2.0:amd64 (2.80.0-6ubuntu3.4) over (2.80.0-6ubuntu3.2) ...
2025-06-14T04:17:32.3325616Z Preparing to unpack .../04-libglib2.0-0t64_2.80.0-6ubuntu3.4_amd64.deb ...
2025-06-14T04:17:32.3450311Z Unpacking libglib2.0-0t64:amd64 (2.80.0-6ubuntu3.4) over (2.80.0-6ubuntu3.2) ...
2025-06-14T04:17:32.3943937Z Selecting previously unselected package fonts-freefont-ttf.
2025-06-14T04:17:32.4087835Z Preparing to unpack .../05-fonts-freefont-ttf_20211204+svn4273-2_all.deb ...
2025-06-14T04:17:32.4099464Z Unpacking fonts-freefont-ttf (20211204+svn4273-2) ...
2025-06-14T04:17:32.5070222Z Selecting previously unselected package fonts-tlwg-loma-otf.
2025-06-14T04:17:32.5209675Z Preparing to unpack .../06-fonts-tlwg-loma-otf_1%3a0.7.3-1_all.deb ...
2025-06-14T04:17:32.5220434Z Unpacking fonts-tlwg-loma-otf (1:0.7.3-1) ...
2025-06-14T04:17:32.5450436Z Selecting previously unselected package fonts-unifont.
2025-06-14T04:17:32.5588455Z Preparing to unpack .../07-fonts-unifont_1%3a15.1.01-1build1_all.deb ...
2025-06-14T04:17:32.5598469Z Unpacking fonts-unifont (1:15.1.01-1build1) ...
2025-06-14T04:17:32.6842331Z Selecting previously unselected package fonts-wqy-zenhei.
2025-06-14T04:17:32.6986025Z Preparing to unpack .../08-fonts-wqy-zenhei_0.9.45-8_all.deb ...
2025-06-14T04:17:32.7094131Z Unpacking fonts-wqy-zenhei (0.9.45-8) ...
2025-06-14T04:17:33.1745529Z Selecting previously unselected package xfonts-encodings.
2025-06-14T04:17:33.1885756Z Preparing to unpack .../09-xfonts-encodings_1%3a1.0.5-0ubuntu2_all.deb ...
2025-06-14T04:17:33.1897691Z Unpacking xfonts-encodings (1:1.0.5-0ubuntu2) ...
2025-06-14T04:17:33.2223761Z Selecting previously unselected package xfonts-utils.
2025-06-14T04:17:33.2363726Z Preparing to unpack .../10-xfonts-utils_1%3a7.7+6build3_amd64.deb ...
2025-06-14T04:17:33.2375692Z Unpacking xfonts-utils (1:7.7+6build3) ...
2025-06-14T04:17:33.3074407Z Selecting previously unselected package xfonts-cyrillic.
2025-06-14T04:17:33.3219227Z Preparing to unpack .../11-xfonts-cyrillic_1%3a1.0.5+nmu1_all.deb ...
2025-06-14T04:17:33.3231504Z Unpacking xfonts-cyrillic (1:1.0.5+nmu1) ...
2025-06-14T04:17:33.3615093Z Selecting previously unselected package xfonts-scalable.
2025-06-14T04:17:33.3755570Z Preparing to unpack .../12-xfonts-scalable_1%3a1.0.3-1.3_all.deb ...
2025-06-14T04:17:33.3767427Z Unpacking xfonts-scalable (1:1.0.3-1.3) ...
2025-06-14T04:17:33.4208533Z Setting up fonts-wqy-zenhei (0.9.45-8) ...
2025-06-14T04:17:33.4361407Z Setting up fonts-freefont-ttf (20211204+svn4273-2) ...
2025-06-14T04:17:33.4388126Z Setting up libglib2.0-0t64:amd64 (2.80.0-6ubuntu3.4) ...
2025-06-14T04:17:33.4629925Z Setting up libglib2.0-data (2.80.0-6ubuntu3.4) ...
2025-06-14T04:17:33.4654352Z Setting up fonts-tlwg-loma-otf (1:0.7.3-1) ...
2025-06-14T04:17:33.4678368Z Setting up xfonts-encodings (1:1.0.5-0ubuntu2) ...
2025-06-14T04:17:33.4700779Z Setting up gir1.2-glib-2.0:amd64 (2.80.0-6ubuntu3.4) ...
2025-06-14T04:17:33.4723281Z Setting up fonts-ipafont-gothic (00303-21ubuntu1) ...
2025-06-14T04:17:33.4791614Z update-alternatives: using /usr/share/fonts/opentype/ipafont-gothic/ipag.ttf to provide /usr/share/fonts/truetype/fonts-japanese-gothic.ttf (fonts-japanese-gothic.ttf) in auto mode
2025-06-14T04:17:33.4824527Z Setting up fonts-unifont (1:15.1.01-1build1) ...
2025-06-14T04:17:33.4849258Z Setting up libglib2.0-bin (2.80.0-6ubuntu3.4) ...
2025-06-14T04:17:33.4872823Z Setting up xfonts-utils (1:7.7+6build3) ...
2025-06-14T04:17:33.4915199Z Setting up xfonts-cyrillic (1:1.0.5+nmu1) ...
2025-06-14T04:17:33.5511379Z Setting up xfonts-scalable (1:1.0.3-1.3) ...
2025-06-14T04:17:33.5871368Z Processing triggers for libc-bin (2.39-0ubuntu8.4) ...
2025-06-14T04:17:33.6548479Z Processing triggers for man-db (2.12.0-4build2) ...
2025-06-14T04:18:30.3211216Z Processing triggers for fontconfig (2.15.0-1.1ubuntu2) ...
2025-06-14T04:18:31.5053648Z 
2025-06-14T04:18:31.5054246Z Running kernel seems to be up-to-date.
2025-06-14T04:18:31.5054535Z 
2025-06-14T04:18:31.5054667Z Restarting services...
2025-06-14T04:18:31.5538576Z  systemctl restart packagekit.service php8.3-fpm.service polkit.service udisks2.service
2025-06-14T04:18:31.6850841Z 
2025-06-14T04:18:31.6851613Z Service restarts being deferred:
2025-06-14T04:18:31.6852207Z  systemctl restart ModemManager.service
2025-06-14T04:18:31.6852749Z  systemctl restart hosted-compute-agent.service
2025-06-14T04:18:31.6853359Z  systemctl restart networkd-dispatcher.service
2025-06-14T04:18:31.6853724Z 
2025-06-14T04:18:31.6853978Z No containers need to be restarted.
2025-06-14T04:18:31.6854282Z 
2025-06-14T04:18:31.6854579Z No user sessions are running outdated binaries.
2025-06-14T04:18:31.6854912Z 
2025-06-14T04:18:31.6855595Z No VM guests are running outdated hypervisor (qemu) binaries on this host.
2025-06-14T04:18:32.5165901Z Downloading Chromium 138.0.7204.15 (playwright build v1178) from https://cdn.playwright.dev/dbazure/download/playwright/builds/chromium/1178/chromium-linux.zip
2025-06-14T04:18:32.8545143Z |                                                                                |   0% of 171.6 MiB
2025-06-14T04:18:33.0324257Z |â– â– â– â– â– â– â– â–                                                                         |  10% of 171.6 MiB
2025-06-14T04:18:33.1311855Z |â– â– â– â– â– â– â– â– â– â– â– â– â– â– â– â–                                                                 |  20% of 171.6 MiB
2025-06-14T04:18:33.2208771Z |â– â– â– â– â– â– â– â– â– â– â– â– â– â– â– â– â– â– â– â– â– â– â– â–                                                         |  30% of 171.6 MiB
2025-06-14T04:18:33.3141401Z |â– â– â– â– â– â– â– â– â– â– â– â– â– â– â– â– â– â– â– â– â– â– â– â– â– â– â– â– â– â– â– â–                                                 |  40% of 171.6 MiB
2025-06-14T04:18:33.3960842Z |â– â– â– â– â– â– â– â– â– â– â– â– â– â– â– â– â– â– â– â– â– â– â– â– â– â– â– â– â– â– â– â– â– â– â– â– â– â– â– â–                                         |  50% of 171.6 MiB
2025-06-14T04:18:33.4780091Z |â– â– â– â– â– â– â– â– â– â– â– â– â– â– â– â– â– â– â– â– â– â– â– â– â– â– â– â– â– â– â– â– â– â– â– â– â– â– â– â– â– â– â– â– â– â– â– â–                                 |  60% of 171.6 MiB
2025-06-14T04:18:33.5560824Z |â– â– â– â– â– â– â– â– â– â– â– â– â– â– â– â– â– â– â– â– â– â– â– â– â– â– â– â– â– â– â– â– â– â– â– â– â– â– â– â– â– â– â– â– â– â– â– â– â– â– â– â– â– â– â– â–                         |  70% of 171.6 MiB
2025-06-14T04:18:33.6294468Z |â– â– â– â– â– â– â– â– â– â– â– â– â– â– â– â– â– â– â– â– â– â– â– â– â– â– â– â– â– â– â– â– â– â– â– â– â– â– â– â– â– â– â– â– â– â– â– â– â– â– â– â– â– â– â– â– â– â– â– â– â– â– â– â–                 |  80% of 171.6 MiB
2025-06-14T04:18:33.7106112Z |â– â– â– â– â– â– â– â– â– â– â– â– â– â– â– â– â– â– â– â– â– â– â– â– â– â– â– â– â– â– â– â– â– â– â– â– â– â– â– â– â– â– â– â– â– â– â– â– â– â– â– â– â– â– â– â– â– â– â– â– â– â– â– â– â– â– â– â– â– â– â– â–         |  90% of 171.6 MiB
2025-06-14T04:18:33.7823821Z |â– â– â– â– â– â– â– â– â– â– â– â– â– â– â– â– â– â– â– â– â– â– â– â– â– â– â– â– â– â– â– â– â– â– â– â– â– â– â– â– â– â– â– â– â– â– â– â– â– â– â– â– â– â– â– â– â– â– â– â– â– â– â– â– â– â– â– â– â– â– â– â– â– â– â– â– â– â– â– â– | 100% of 171.6 MiB
2025-06-14T04:18:37.3773995Z Chromium 138.0.7204.15 (playwright build v1178) downloaded to /home/runner/.cache/ms-playwright/chromium-1178
2025-06-14T04:18:37.3776270Z Downloading FFMPEG playwright build v1011 from https://cdn.playwright.dev/dbazure/download/playwright/builds/ffmpeg/1011/ffmpeg-linux.zip
2025-06-14T04:18:37.5604904Z |                                                                                |   0% of 2.3 MiB
2025-06-14T04:18:37.5754981Z |â– â– â– â– â– â– â– â–                                                                         |  10% of 2.3 MiB
2025-06-14T04:18:37.5806785Z |â– â– â– â– â– â– â– â– â– â– â– â– â– â– â– â–                                                                 |  20% of 2.3 MiB
2025-06-14T04:18:37.5850631Z |â– â– â– â– â– â– â– â– â– â– â– â– â– â– â– â– â– â– â– â– â– â– â– â–                                                         |  30% of 2.3 MiB
2025-06-14T04:18:37.5877567Z |â– â– â– â– â– â– â– â– â– â– â– â– â– â– â– â– â– â– â– â– â– â– â– â– â– â– â– â– â– â– â– â–                                                 |  40% of 2.3 MiB
2025-06-14T04:18:37.5908471Z |â– â– â– â– â– â– â– â– â– â– â– â– â– â– â– â– â– â– â– â– â– â– â– â– â– â– â– â– â– â– â– â– â– â– â– â– â– â– â– â–                                         |  50% of 2.3 MiB
2025-06-14T04:18:37.5935700Z |â– â– â– â– â– â– â– â– â– â– â– â– â– â– â– â– â– â– â– â– â– â– â– â– â– â– â– â– â– â– â– â– â– â– â– â– â– â– â– â– â– â– â– â– â– â– â– â–                                 |  60% of 2.3 MiB
2025-06-14T04:18:37.5970563Z |â– â– â– â– â– â– â– â– â– â– â– â– â– â– â– â– â– â– â– â– â– â– â– â– â– â– â– â– â– â– â– â– â– â– â– â– â– â– â– â– â– â– â– â– â– â– â– â– â– â– â– â– â– â– â– â–                         |  70% of 2.3 MiB
2025-06-14T04:18:37.5998981Z |â– â– â– â– â– â– â– â– â– â– â– â– â– â– â– â– â– â– â– â– â– â– â– â– â– â– â– â– â– â– â– â– â– â– â– â– â– â– â– â– â– â– â– â– â– â– â– â– â– â– â– â– â– â– â– â– â– â– â– â– â– â– â– â–                 |  80% of 2.3 MiB
2025-06-14T04:18:37.6021944Z |â– â– â– â– â– â– â– â– â– â– â– â– â– â– â– â– â– â– â– â– â– â– â– â– â– â– â– â– â– â– â– â– â– â– â– â– â– â– â– â– â– â– â– â– â– â– â– â– â– â– â– â– â– â– â– â– â– â– â– â– â– â– â– â– â– â– â– â– â– â– â– â–         |  90% of 2.3 MiB
2025-06-14T04:18:37.6048904Z |â– â– â– â– â– â– â– â– â– â– â– â– â– â– â– â– â– â– â– â– â– â– â– â– â– â– â– â– â– â– â– â– â– â– â– â– â– â– â– â– â– â– â– â– â– â– â– â– â– â– â– â– â– â– â– â– â– â– â– â– â– â– â– â– â– â– â– â– â– â– â– â– â– â– â– â– â– â– â– â– | 100% of 2.3 MiB
2025-06-14T04:18:37.6706225Z FFMPEG playwright build v1011 downloaded to /home/runner/.cache/ms-playwright/ffmpeg-1011
2025-06-14T04:18:37.6708722Z Downloading Chromium Headless Shell 138.0.7204.15 (playwright build v1178) from https://cdn.playwright.dev/dbazure/download/playwright/builds/chromium/1178/chromium-headless-shell-linux.zip
2025-06-14T04:18:37.9704549Z |                                                                                |   0% of 104.5 MiB
2025-06-14T04:18:38.1270207Z |â– â– â– â– â– â– â– â–                                                                         |  10% of 104.5 MiB
2025-06-14T04:18:38.2167209Z |â– â– â– â– â– â– â– â– â– â– â– â– â– â– â– â–                                                                 |  20% of 104.5 MiB
2025-06-14T04:18:38.2941949Z |â– â– â– â– â– â– â– â– â– â– â– â– â– â– â– â– â– â– â– â– â– â– â– â–                                                         |  30% of 104.5 MiB
2025-06-14T04:18:38.3676385Z |â– â– â– â– â– â– â– â– â– â– â– â– â– â– â– â– â– â– â– â– â– â– â– â– â– â– â– â– â– â– â– â–                                                 |  40% of 104.5 MiB
2025-06-14T04:18:38.4752111Z |â– â– â– â– â– â– â– â– â– â– â– â– â– â– â– â– â– â– â– â– â– â– â– â– â– â– â– â– â– â– â– â– â– â– â– â– â– â– â– â–                                         |  50% of 104.5 MiB
2025-06-14T04:18:38.5343705Z |â– â– â– â– â– â– â– â– â– â– â– â– â– â– â– â– â– â– â– â– â– â– â– â– â– â– â– â– â– â– â– â– â– â– â– â– â– â– â– â– â– â– â– â– â– â– â– â–                                 |  60% of 104.5 MiB
2025-06-14T04:18:38.6340755Z |â– â– â– â– â– â– â– â– â– â– â– â– â– â– â– â– â– â– â– â– â– â– â– â– â– â– â– â– â– â– â– â– â– â– â– â– â– â– â– â– â– â– â– â– â– â– â– â– â– â– â– â– â– â– â– â–                         |  70% of 104.5 MiB
2025-06-14T04:18:38.6918705Z |â– â– â– â– â– â– â– â– â– â– â– â– â– â– â– â– â– â– â– â– â– â– â– â– â– â– â– â– â– â– â– â– â– â– â– â– â– â– â– â– â– â– â– â– â– â– â– â– â– â– â– â– â– â– â– â– â– â– â– â– â– â– â– â–                 |  80% of 104.5 MiB
2025-06-14T04:18:38.7485789Z |â– â– â– â– â– â– â– â– â– â– â– â– â– â– â– â– â– â– â– â– â– â– â– â– â– â– â– â– â– â– â– â– â– â– â– â– â– â– â– â– â– â– â– â– â– â– â– â– â– â– â– â– â– â– â– â– â– â– â– â– â– â– â– â– â– â– â– â– â– â– â– â–         |  90% of 104.5 MiB
2025-06-14T04:18:38.8035055Z |â– â– â– â– â– â– â– â– â– â– â– â– â– â– â– â– â– â– â– â– â– â– â– â– â– â– â– â– â– â– â– â– â– â– â– â– â– â– â– â– â– â– â– â– â– â– â– â– â– â– â– â– â– â– â– â– â– â– â– â– â– â– â– â– â– â– â– â– â– â– â– â– â– â– â– â– â– â– â– â– | 100% of 104.5 MiB
2025-06-14T04:18:40.8701402Z Chromium Headless Shell 138.0.7204.15 (playwright build v1178) downloaded to /home/runner/.cache/ms-playwright/chromium_headless_shell-1178
2025-06-14T04:18:41.3867332Z ##[group]Run cat > pa11y.json << 'EOF'
2025-06-14T04:18:41.3867645Z [36;1mcat > pa11y.json << 'EOF'[0m
2025-06-14T04:18:41.3867867Z [36;1m{[0m
2025-06-14T04:18:41.3868236Z [36;1m  "chromeLaunchConfig": {[0m
2025-06-14T04:18:41.3868456Z [36;1m    "args": [[0m
2025-06-14T04:18:41.3868654Z [36;1m      "--no-sandbox",[0m
2025-06-14T04:18:41.3868886Z [36;1m      "--disable-dev-shm-usage",[0m
2025-06-14T04:18:41.3869135Z [36;1m      "--disable-gpu",[0m
2025-06-14T04:18:41.3869346Z [36;1m      "--headless"[0m
2025-06-14T04:18:41.3869543Z [36;1m    ][0m
2025-06-14T04:18:41.3869706Z [36;1m  },[0m
2025-06-14T04:18:41.3869871Z [36;1m  "timeout": 30000,[0m
2025-06-14T04:18:41.3870073Z [36;1m  "wait": 3000,[0m
2025-06-14T04:18:41.3870276Z [36;1m  "standard": "WCAG2AA",[0m
2025-06-14T04:18:41.3870495Z [36;1m  "runners": ["htmlcs"],[0m
2025-06-14T04:18:41.3870707Z [36;1m  "ignore": [][0m
2025-06-14T04:18:41.3870892Z [36;1m}[0m
2025-06-14T04:18:41.3871072Z [36;1mEOF[0m
2025-06-14T04:18:41.3922604Z shell: /usr/bin/bash -e {0}
2025-06-14T04:18:41.3922830Z env:
2025-06-14T04:18:41.3923079Z   ACCESSIBILITY_CONFIG_PATH: .github/accessibility-config.yml
2025-06-14T04:18:41.3923505Z   DEFAULT_TARGET_URL: https://ncaa-d1-softball.netlify.app/
2025-06-14T04:18:41.3923819Z   NODE_VERSION: 20
2025-06-14T04:18:41.3924018Z   REPORT_DIR: accessibility-reports
2025-06-14T04:18:41.3924250Z ##[endgroup]
2025-06-14T04:18:41.4043781Z ##[group]Run echo "Running Axe-core scan..."
2025-06-14T04:18:41.4044115Z [36;1mecho "Running Axe-core scan..."[0m
2025-06-14T04:18:41.4044444Z [36;1mTARGET_URL="https://ncaa-d1-softball.netlify.app/"[0m
2025-06-14T04:18:41.4044747Z [36;1m[0m
2025-06-14T04:18:41.4044936Z [36;1m# Run axe scan with custom configuration[0m
2025-06-14T04:18:41.4045780Z [36;1mnpx @axe-core/cli --stdout --save accessibility-reports/axe-report.json "$TARGET_URL" || echo "Axe scan completed with issues"[0m
2025-06-14T04:18:41.4046301Z [36;1m[0m
2025-06-14T04:18:41.4046469Z [36;1m# Create metrics file[0m
2025-06-14T04:18:41.4046752Z [36;1mif [ -f "accessibility-reports/axe-report.json" ]; then[0m
2025-06-14T04:18:41.4047077Z [36;1m  echo "Processing axe results..."[0m
2025-06-14T04:18:41.4047334Z [36;1m  node -e "[0m
2025-06-14T04:18:41.4047524Z [36;1m    const fs = require('fs');[0m
2025-06-14T04:18:41.4047961Z [36;1m    const data = JSON.parse(fs.readFileSync('accessibility-reports/axe-report.json', 'utf8'));[0m
2025-06-14T04:18:41.4048403Z [36;1m    const violations = data.violations || [];[0m
2025-06-14T04:18:41.4048666Z [36;1m    const metrics = {[0m
2025-06-14T04:18:41.4048895Z [36;1m      total: violations.length,[0m
2025-06-14T04:18:41.4049313Z [36;1m      byImpact: violations.reduce((acc, v) => { acc[v.impact] = (acc[v.impact] || 0) + 1; return acc; }, {}),[0m
2025-06-14T04:18:41.4049879Z [36;1m      colorContrastFailures: violations.filter(v => v.id === 'color-contrast').length,[0m
2025-06-14T04:18:41.4050296Z [36;1m      passes: (data.passes || []).length,[0m
2025-06-14T04:18:41.4050597Z [36;1m      incomplete: (data.incomplete || []).length,[0m
2025-06-14T04:18:41.4050863Z [36;1m    };[0m
2025-06-14T04:18:41.4051239Z [36;1m    fs.writeFileSync('accessibility-reports/axe-metrics.json', JSON.stringify(metrics, null, 2));[0m
2025-06-14T04:18:41.4051695Z [36;1m    console.log('Axe metrics created');[0m
2025-06-14T04:18:41.4051972Z [36;1m  " || echo "Axe metrics creation failed"[0m
2025-06-14T04:18:41.4052205Z [36;1mfi[0m
2025-06-14T04:18:41.4098595Z shell: /usr/bin/bash -e {0}
2025-06-14T04:18:41.4098818Z env:
2025-06-14T04:18:41.4099076Z   ACCESSIBILITY_CONFIG_PATH: .github/accessibility-config.yml
2025-06-14T04:18:41.4099487Z   DEFAULT_TARGET_URL: https://ncaa-d1-softball.netlify.app/
2025-06-14T04:18:41.4099798Z   NODE_VERSION: 20
2025-06-14T04:18:41.4099998Z   REPORT_DIR: accessibility-reports
2025-06-14T04:18:41.4100233Z ##[endgroup]
2025-06-14T04:18:41.4165023Z Running Axe-core scan...
2025-06-14T04:18:58.0400942Z [
2025-06-14T04:18:58.0401299Z   {
2025-06-14T04:18:58.0401656Z     "testEngine": {
2025-06-14T04:18:58.0402085Z       "name": "axe-core",
2025-06-14T04:18:58.0402536Z       "version": "4.10.3"
2025-06-14T04:18:58.0403212Z     },
2025-06-14T04:18:58.0403560Z     "testRunner": {
2025-06-14T04:18:58.0403942Z       "name": "axe"
2025-06-14T04:18:58.0404305Z     },
2025-06-14T04:18:58.0404607Z     "testEnvironment": {
2025-06-14T04:18:58.0405669Z       "userAgent": "Mozilla/5.0 (X11; Linux x86_64) AppleWebKit/537.36 (KHTML, like Gecko) HeadlessChrome/137.0.0.0 Safari/537.36",
2025-06-14T04:18:58.0406540Z       "windowWidth": 780,
2025-06-14T04:18:58.0406930Z       "windowHeight": 441,
2025-06-14T04:18:58.0407279Z       "orientationAngle": 0,
2025-06-14T04:18:58.0407699Z       "orientationType": "landscape-primary"
2025-06-14T04:18:58.0408082Z     },
2025-06-14T04:18:58.0408488Z     "timestamp": "2025-06-14T04:18:57.604Z",
2025-06-14T04:18:58.0409100Z     "url": "https://ncaa-d1-softball.netlify.app/",
2025-06-14T04:18:58.0409592Z     "toolOptions": {
2025-06-14T04:18:58.0409948Z       "reporter": "v1"
2025-06-14T04:18:58.0410310Z     },
2025-06-14T04:18:58.0410654Z     "inapplicable": [
2025-06-14T04:18:58.0411005Z       {
2025-06-14T04:18:58.0411278Z         "id": "accesskeys",
2025-06-14T04:18:58.0411642Z         "impact": null,
2025-06-14T04:18:58.0411978Z         "tags": [
2025-06-14T04:18:58.0412272Z           "cat.keyboard",
2025-06-14T04:18:58.0412932Z           "best-practice"
2025-06-14T04:18:58.0413303Z         ],
2025-06-14T04:18:58.0414109Z         "description": "Ensure every accesskey attribute value is unique",
2025-06-14T04:18:58.0414785Z         "help": "accesskey attribute value should be unique",
2025-06-14T04:18:58.0415983Z         "helpUrl": "https://dequeuniversity.com/rules/axe/4.10/accesskeys?application=webdriverjs",
2025-06-14T04:18:58.0416776Z         "nodes": []
2025-06-14T04:18:58.0417081Z       },
2025-06-14T04:18:58.0417347Z       {
2025-06-14T04:18:58.0417645Z         "id": "area-alt",
2025-06-14T04:18:58.0417991Z         "impact": null,
2025-06-14T04:18:58.0418315Z         "tags": [
2025-06-14T04:18:58.0418674Z           "cat.text-alternatives",
2025-06-14T04:18:58.0419064Z           "wcag2a",
2025-06-14T04:18:58.0419349Z           "wcag244",
2025-06-14T04:18:58.0419649Z           "wcag412",
2025-06-14T04:18:58.0419940Z           "section508",
2025-06-14T04:18:58.0420258Z           "section508.22.a",
2025-06-14T04:18:58.0420594Z           "TTv5",
2025-06-14T04:18:58.0420774Z           "TT6.a",
2025-06-14T04:18:58.0420958Z           "EN-301-549",
2025-06-14T04:18:58.0421147Z           "EN-9.2.4.4",
2025-06-14T04:18:58.0421326Z           "EN-9.4.1.2",
2025-06-14T04:18:58.0421501Z           "ACT"
2025-06-14T04:18:58.0421664Z         ],
2025-06-14T04:18:58.0422004Z         "description": "Ensure <area> elements of image maps have alternative text",
2025-06-14T04:18:58.0422461Z         "help": "Active <area> elements must have alternative text",
2025-06-14T04:18:58.0422973Z         "helpUrl": "https://dequeuniversity.com/rules/axe/4.10/area-alt?application=webdriverjs",
2025-06-14T04:18:58.0423384Z         "nodes": []
2025-06-14T04:18:58.0423569Z       },
2025-06-14T04:18:58.0423730Z       {
2025-06-14T04:18:58.0423926Z         "id": "aria-allowed-attr",
2025-06-14T04:18:58.0424154Z         "impact": null,
2025-06-14T04:18:58.0424343Z         "tags": [
2025-06-14T04:18:58.0424521Z           "cat.aria",
2025-06-14T04:18:58.0424709Z           "wcag2a",
2025-06-14T04:18:58.0424872Z           "wcag412",
2025-06-14T04:18:58.0425050Z           "EN-301-549",
2025-06-14T04:18:58.0425229Z           "EN-9.4.1.2"
2025-06-14T04:18:58.0425630Z         ],
2025-06-14T04:18:58.0425958Z         "description": "Ensure an element's role supports its ARIA attributes",
2025-06-14T04:18:58.0426394Z         "help": "Elements must only use supported ARIA attributes",
2025-06-14T04:18:58.0426938Z         "helpUrl": "https://dequeuniversity.com/rules/axe/4.10/aria-allowed-attr?application=webdriverjs",
2025-06-14T04:18:58.0427360Z         "nodes": []
2025-06-14T04:18:58.0427531Z       },
2025-06-14T04:18:58.0427680Z       {
2025-06-14T04:18:58.0427871Z         "id": "aria-allowed-role",
2025-06-14T04:18:58.0428561Z         "impact": null,
2025-06-14T04:18:58.0428759Z         "tags": [
2025-06-14T04:18:58.0428935Z           "cat.aria",
2025-06-14T04:18:58.0429129Z           "best-practice"
2025-06-14T04:18:58.0429323Z         ],
2025-06-14T04:18:58.0429676Z         "description": "Ensure role attribute has an appropriate value for the element",
2025-06-14T04:18:58.0430122Z         "help": "ARIA role should be appropriate for the element",
2025-06-14T04:18:58.0430661Z         "helpUrl": "https://dequeuniversity.com/rules/axe/4.10/aria-allowed-role?application=webdriverjs",
2025-06-14T04:18:58.0431081Z         "nodes": []
2025-06-14T04:18:58.0431257Z       },
2025-06-14T04:18:58.0431499Z       {
2025-06-14T04:18:58.0431836Z         "id": "aria-braille-equivalent",
2025-06-14T04:18:58.0432257Z         "impact": null,
2025-06-14T04:18:58.0432539Z         "tags": [
2025-06-14T04:18:58.0432719Z           "cat.aria",
2025-06-14T04:18:58.0432892Z           "wcag2a",
2025-06-14T04:18:58.0433063Z           "wcag412",
2025-06-14T04:18:58.0433250Z           "EN-301-549",
2025-06-14T04:18:58.0433430Z           "EN-9.4.1.2"
2025-06-14T04:18:58.0433597Z         ],
2025-06-14T04:18:58.0434190Z         "description": "Ensure aria-braillelabel and aria-brailleroledescription have a non-braille equivalent",
2025-06-14T04:18:58.0434777Z         "help": "aria-braille attributes must have a non-braille equivalent",
2025-06-14T04:18:58.0435569Z         "helpUrl": "https://dequeuniversity.com/rules/axe/4.10/aria-braille-equivalent?application=webdriverjs",
2025-06-14T04:18:58.0436029Z         "nodes": []
2025-06-14T04:18:58.0436197Z       },
2025-06-14T04:18:58.0436351Z       {
2025-06-14T04:18:58.0436544Z         "id": "aria-command-name",
2025-06-14T04:18:58.0436773Z         "impact": null,
2025-06-14T04:18:58.0436955Z         "tags": [
2025-06-14T04:18:58.0437129Z           "cat.aria",
2025-06-14T04:18:58.0437308Z           "wcag2a",
2025-06-14T04:18:58.0437477Z           "wcag412",
2025-06-14T04:18:58.0437646Z           "TTv5",
2025-06-14T04:18:58.0437819Z           "TT6.a",
2025-06-14T04:18:58.0437991Z           "EN-301-549",
2025-06-14T04:18:58.0438173Z           "EN-9.4.1.2",
2025-06-14T04:18:58.0438344Z           "ACT"
2025-06-14T04:18:58.0438508Z         ],
2025-06-14T04:18:58.0438920Z         "description": "Ensure every ARIA button, link and menuitem has an accessible name",
2025-06-14T04:18:58.0439693Z         "help": "ARIA commands must have an accessible name",
2025-06-14T04:18:58.0440612Z         "helpUrl": "https://dequeuniversity.com/rules/axe/4.10/aria-command-name?application=webdriverjs",
2025-06-14T04:18:58.0441336Z         "nodes": []
2025-06-14T04:18:58.0441623Z       },
2025-06-14T04:18:58.0441886Z       {
2025-06-14T04:18:58.0442211Z         "id": "aria-conditional-attr",
2025-06-14T04:18:58.0442620Z         "impact": null,
2025-06-14T04:18:58.0442937Z         "tags": [
2025-06-14T04:18:58.0443234Z           "cat.aria",
2025-06-14T04:18:58.0443536Z           "wcag2a",
2025-06-14T04:18:58.0443823Z           "wcag412",
2025-06-14T04:18:58.0444132Z           "EN-301-549",
2025-06-14T04:18:58.0444441Z           "EN-9.4.1.2"
2025-06-14T04:18:58.0444737Z         ],
2025-06-14T04:18:58.0445606Z         "description": "Ensure ARIA attributes are used as described in the specification of the element's role",
2025-06-14T04:18:58.0446667Z         "help": "ARIA attributes must be used as specified for the element's role",
2025-06-14T04:18:58.0447706Z         "helpUrl": "https://dequeuniversity.com/rules/axe/4.10/aria-conditional-attr?application=webdriverjs",
2025-06-14T04:18:58.0448547Z         "nodes": []
2025-06-14T04:18:58.0448846Z       },
2025-06-14T04:18:58.0449132Z       {
2025-06-14T04:18:58.0449458Z         "id": "aria-deprecated-role",
2025-06-14T04:18:58.0449847Z         "impact": null,
2025-06-14T04:18:58.0450166Z         "tags": [
2025-06-14T04:18:58.0450467Z           "cat.aria",
2025-06-14T04:18:58.0450778Z           "wcag2a",
2025-06-14T04:18:58.0451067Z           "wcag412",
2025-06-14T04:18:58.0451374Z           "EN-301-549",
2025-06-14T04:18:58.0451845Z           "EN-9.4.1.2"
2025-06-14T04:18:58.0452128Z         ],
2025-06-14T04:18:58.0452615Z         "description": "Ensure elements do not use deprecated roles",
2025-06-14T04:18:58.0453234Z         "help": "Deprecated ARIA roles must not be used",
2025-06-14T04:18:58.0454136Z         "helpUrl": "https://dequeuniversity.com/rules/axe/4.10/aria-deprecated-role?application=webdriverjs",
2025-06-14T04:18:58.0454870Z         "nodes": []
2025-06-14T04:18:58.0455152Z       },
2025-06-14T04:18:58.0455755Z       {
2025-06-14T04:18:58.0456107Z         "id": "aria-dialog-name",
2025-06-14T04:18:58.0456502Z         "impact": null,
2025-06-14T04:18:58.0456814Z         "tags": [
2025-06-14T04:18:58.0457112Z           "cat.aria",
2025-06-14T04:18:58.0457435Z           "best-practice"
2025-06-14T04:18:58.0457760Z         ],
2025-06-14T04:18:58.0458369Z         "description": "Ensure every ARIA dialog and alertdialog node has an accessible name",
2025-06-14T04:18:58.0459263Z         "help": "ARIA dialog and alertdialog nodes should have an accessible name",
2025-06-14T04:18:58.0460167Z         "helpUrl": "https://dequeuniversity.com/rules/axe/4.10/aria-dialog-name?application=webdriverjs",
2025-06-14T04:18:58.0460592Z         "nodes": []
2025-06-14T04:18:58.0460916Z       },
2025-06-14T04:18:58.0461075Z       {
2025-06-14T04:18:58.0461266Z         "id": "aria-hidden-focus",
2025-06-14T04:18:58.0461494Z         "impact": null,
2025-06-14T04:18:58.0461812Z         "tags": [
2025-06-14T04:18:58.0462145Z           "cat.name-role-value",
2025-06-14T04:18:58.0462480Z           "wcag2a",
2025-06-14T04:18:58.0462764Z           "wcag412",
2025-06-14T04:18:58.0463057Z           "TTv5",
2025-06-14T04:18:58.0463369Z           "TT6.a",
2025-06-14T04:18:58.0463676Z           "EN-301-549",
2025-06-14T04:18:58.0463970Z           "EN-9.4.1.2"
2025-06-14T04:18:58.0464251Z         ],
2025-06-14T04:18:58.0464894Z         "description": "Ensure aria-hidden elements are not focusable nor contain focusable elements",
2025-06-14T04:18:58.0466172Z         "help": "ARIA hidden element must not be focusable or contain focusable elements",
2025-06-14T04:18:58.0467288Z         "helpUrl": "https://dequeuniversity.com/rules/axe/4.10/aria-hidden-focus?application=webdriverjs",
2025-06-14T04:18:58.0468068Z         "nodes": []
2025-06-14T04:18:58.0468384Z       },
2025-06-14T04:18:58.0468661Z       {
2025-06-14T04:18:58.0469137Z         "id": "aria-input-field-name",
2025-06-14T04:18:58.0469578Z         "impact": null,
2025-06-14T04:18:58.0469921Z         "tags": [
2025-06-14T04:18:58.0470233Z           "cat.aria",
2025-06-14T04:18:58.0470555Z           "wcag2a",
2025-06-14T04:18:58.0470861Z           "wcag412",
2025-06-14T04:18:58.0471197Z           "TTv5",
2025-06-14T04:18:58.0471495Z           "TT5.c",
2025-06-14T04:18:58.0471827Z           "EN-301-549",
2025-06-14T04:18:58.0472165Z           "EN-9.4.1.2",
2025-06-14T04:18:58.0472495Z           "ACT"
2025-06-14T04:18:58.0472880Z         ],
2025-06-14T04:18:58.0473445Z         "description": "Ensure every ARIA input field has an accessible name",
2025-06-14T04:18:58.0474272Z         "help": "ARIA input fields must have an accessible name",
2025-06-14T04:18:58.0475308Z         "helpUrl": "https://dequeuniversity.com/rules/axe/4.10/aria-input-field-name?application=webdriverjs",
2025-06-14T04:18:58.0476326Z         "nodes": []
2025-06-14T04:18:58.0476647Z       },
2025-06-14T04:18:58.0476944Z       {
2025-06-14T04:18:58.0477309Z         "id": "aria-meter-name",
2025-06-14T04:18:58.0477727Z         "impact": null,
2025-06-14T04:18:58.0478062Z         "tags": [
2025-06-14T04:18:58.0478390Z           "cat.aria",
2025-06-14T04:18:58.0478706Z           "wcag2a",
2025-06-14T04:18:58.0479021Z           "wcag111",
2025-06-14T04:18:58.0479349Z           "EN-301-549",
2025-06-14T04:18:58.0479683Z           "EN-9.1.1.1"
2025-06-14T04:18:58.0479989Z         ],
2025-06-14T04:18:58.0480542Z         "description": "Ensure every ARIA meter node has an accessible name",
2025-06-14T04:18:58.0481570Z         "help": "ARIA meter nodes must have an accessible name",
2025-06-14T04:18:58.0482549Z         "helpUrl": "https://dequeuniversity.com/rules/axe/4.10/aria-meter-name?application=webdriverjs",
2025-06-14T04:18:58.0483326Z         "nodes": []
2025-06-14T04:18:58.0483633Z       },
2025-06-14T04:18:58.0483913Z       {
2025-06-14T04:18:58.0484275Z         "id": "aria-progressbar-name",
2025-06-14T04:18:58.0484716Z         "impact": null,
2025-06-14T04:18:58.0485048Z         "tags": [
2025-06-14T04:18:58.0485566Z           "cat.aria",
2025-06-14T04:18:58.0485897Z           "wcag2a",
2025-06-14T04:18:58.0486232Z           "wcag111",
2025-06-14T04:18:58.0486589Z           "EN-301-549",
2025-06-14T04:18:58.0486944Z           "EN-9.1.1.1"
2025-06-14T04:18:58.0487274Z         ],
2025-06-14T04:18:58.0487881Z         "description": "Ensure every ARIA progressbar node has an accessible name",
2025-06-14T04:18:58.0488753Z         "help": "ARIA progressbar nodes must have an accessible name",
2025-06-14T04:18:58.0489690Z         "helpUrl": "https://dequeuniversity.com/rules/axe/4.10/aria-progressbar-name?application=webdriverjs",
2025-06-14T04:18:58.0490478Z         "nodes": []
2025-06-14T04:18:58.0490813Z       },
2025-06-14T04:18:58.0491075Z       {
2025-06-14T04:18:58.0491631Z         "id": "aria-prohibited-attr",
2025-06-14T04:18:58.0492085Z         "impact": null,
2025-06-14T04:18:58.0492289Z         "tags": [
2025-06-14T04:18:58.0492472Z           "cat.aria",
2025-06-14T04:18:58.0492659Z           "wcag2a",
2025-06-14T04:18:58.0492827Z           "wcag412",
2025-06-14T04:18:58.0493009Z           "EN-301-549",
2025-06-14T04:18:58.0493193Z           "EN-9.4.1.2"
2025-06-14T04:18:58.0493372Z         ],
2025-06-14T04:18:58.0493724Z         "description": "Ensure ARIA attributes are not prohibited for an element's role",
2025-06-14T04:18:58.0494188Z         "help": "Elements must only use permitted ARIA attributes",
2025-06-14T04:18:58.0494747Z         "helpUrl": "https://dequeuniversity.com/rules/axe/4.10/aria-prohibited-attr?application=webdriverjs",
2025-06-14T04:18:58.0495190Z         "nodes": []
2025-06-14T04:18:58.0495591Z       },
2025-06-14T04:18:58.0495758Z       {
2025-06-14T04:18:58.0495967Z         "id": "aria-required-attr",
2025-06-14T04:18:58.0496224Z         "impact": null,
2025-06-14T04:18:58.0496415Z         "tags": [
2025-06-14T04:18:58.0496587Z           "cat.aria",
2025-06-14T04:18:58.0496766Z           "wcag2a",
2025-06-14T04:18:58.0496938Z           "wcag412",
2025-06-14T04:18:58.0497120Z           "EN-301-549",
2025-06-14T04:18:58.0497296Z           "EN-9.4.1.2"
2025-06-14T04:18:58.0497471Z         ],
2025-06-14T04:18:58.0497833Z         "description": "Ensure elements with ARIA roles have all required ARIA attributes",
2025-06-14T04:18:58.0498281Z         "help": "Required ARIA attributes must be provided",
2025-06-14T04:18:58.0498817Z         "helpUrl": "https://dequeuniversity.com/rules/axe/4.10/aria-required-attr?application=webdriverjs",
2025-06-14T04:18:58.0499236Z         "nodes": []
2025-06-14T04:18:58.0499414Z       },
2025-06-14T04:18:58.0499575Z       {
2025-06-14T04:18:58.0499777Z         "id": "aria-required-children",
2025-06-14T04:18:58.0500022Z         "impact": null,
2025-06-14T04:18:58.0500203Z         "tags": [
2025-06-14T04:18:58.0500381Z           "cat.aria",
2025-06-14T04:18:58.0500559Z           "wcag2a",
2025-06-14T04:18:58.0500721Z           "wcag131",
2025-06-14T04:18:58.0500900Z           "EN-301-549",
2025-06-14T04:18:58.0501083Z           "EN-9.1.3.1"
2025-06-14T04:18:58.0501256Z         ],
2025-06-14T04:18:58.0501617Z         "description": "Ensure elements with an ARIA role that require child roles contain them",
2025-06-14T04:18:58.0502107Z         "help": "Certain ARIA roles must contain particular children",
2025-06-14T04:18:58.0502677Z         "helpUrl": "https://dequeuniversity.com/rules/axe/4.10/aria-required-children?application=webdriverjs",
2025-06-14T04:18:58.0503111Z         "nodes": []
2025-06-14T04:18:58.0503277Z       },
2025-06-14T04:18:58.0503422Z       {
2025-06-14T04:18:58.0503771Z         "id": "aria-required-parent",
2025-06-14T04:18:58.0504009Z         "impact": null,
2025-06-14T04:18:58.0504190Z         "tags": [
2025-06-14T04:18:58.0504356Z           "cat.aria",
2025-06-14T04:18:58.0504540Z           "wcag2a",
2025-06-14T04:18:58.0504709Z           "wcag131",
2025-06-14T04:18:58.0504889Z           "EN-301-549",
2025-06-14T04:18:58.0505063Z           "EN-9.1.3.1"
2025-06-14T04:18:58.0505234Z         ],
2025-06-14T04:18:58.0506025Z         "description": "Ensure elements with an ARIA role that require parent roles are contained by them",
2025-06-14T04:18:58.0506582Z         "help": "Certain ARIA roles must be contained by particular parents",
2025-06-14T04:18:58.0507164Z         "helpUrl": "https://dequeuniversity.com/rules/axe/4.10/aria-required-parent?application=webdriverjs",
2025-06-14T04:18:58.0507594Z         "nodes": []
2025-06-14T04:18:58.0507760Z       },
2025-06-14T04:18:58.0507910Z       {
2025-06-14T04:18:58.0508073Z         "id": "aria-roles",
2025-06-14T04:18:58.0508277Z         "impact": null,
2025-06-14T04:18:58.0508458Z         "tags": [
2025-06-14T04:18:58.0508629Z           "cat.aria",
2025-06-14T04:18:58.0508802Z           "wcag2a",
2025-06-14T04:18:58.0508964Z           "wcag412",
2025-06-14T04:18:58.0509280Z           "EN-301-549",
2025-06-14T04:18:58.0509467Z           "EN-9.4.1.2"
2025-06-14T04:18:58.0509637Z         ],
2025-06-14T04:18:58.0509950Z         "description": "Ensure all elements with a role attribute use a valid value",
2025-06-14T04:18:58.0510376Z         "help": "ARIA roles used must conform to valid values",
2025-06-14T04:18:58.0510874Z         "helpUrl": "https://dequeuniversity.com/rules/axe/4.10/aria-roles?application=webdriverjs",
2025-06-14T04:18:58.0511270Z         "nodes": []
2025-06-14T04:18:58.0511429Z       },
2025-06-14T04:18:58.0511578Z       {
2025-06-14T04:18:58.0511739Z         "id": "aria-text",
2025-06-14T04:18:58.0511938Z         "impact": null,
2025-06-14T04:18:58.0512117Z         "tags": [
2025-06-14T04:18:58.0512297Z           "cat.aria",
2025-06-14T04:18:58.0512486Z           "best-practice"
2025-06-14T04:18:58.0512675Z         ],
2025-06-14T04:18:58.0513021Z         "description": "Ensure role=\"text\" is used on elements with no focusable descendants",
2025-06-14T04:18:58.0513482Z         "help": "\"role=text\" should have no focusable descendants",
2025-06-14T04:18:58.0513984Z         "helpUrl": "https://dequeuniversity.com/rules/axe/4.10/aria-text?application=webdriverjs",
2025-06-14T04:18:58.0514374Z         "nodes": []
2025-06-14T04:18:58.0514543Z       },
2025-06-14T04:18:58.0514689Z       {
2025-06-14T04:18:58.0514883Z         "id": "aria-toggle-field-name",
2025-06-14T04:18:58.0515121Z         "impact": null,
2025-06-14T04:18:58.0515315Z         "tags": [
2025-06-14T04:18:58.0515721Z           "cat.aria",
2025-06-14T04:18:58.0515912Z           "wcag2a",
2025-06-14T04:18:58.0516091Z           "wcag412",
2025-06-14T04:18:58.0516267Z           "TTv5",
2025-06-14T04:18:58.0516431Z           "TT5.c",
2025-06-14T04:18:58.0516610Z           "EN-301-549",
2025-06-14T04:18:58.0516795Z           "EN-9.4.1.2",
2025-06-14T04:18:58.0516976Z           "ACT"
2025-06-14T04:18:58.0517135Z         ],
2025-06-14T04:18:58.0517449Z         "description": "Ensure every ARIA toggle field has an accessible name",
2025-06-14T04:18:58.0517876Z         "help": "ARIA toggle fields must have an accessible name",
2025-06-14T04:18:58.0518423Z         "helpUrl": "https://dequeuniversity.com/rules/axe/4.10/aria-toggle-field-name?application=webdriverjs",
2025-06-14T04:18:58.0518872Z         "nodes": []
2025-06-14T04:18:58.0519040Z       },
2025-06-14T04:18:58.0519194Z       {
2025-06-14T04:18:58.0519386Z         "id": "aria-tooltip-name",
2025-06-14T04:18:58.0519610Z         "impact": null,
2025-06-14T04:18:58.0519791Z         "tags": [
2025-06-14T04:18:58.0519964Z           "cat.aria",
2025-06-14T04:18:58.0520144Z           "wcag2a",
2025-06-14T04:18:58.0520315Z           "wcag412",
2025-06-14T04:18:58.0520486Z           "EN-301-549",
2025-06-14T04:18:58.0520801Z           "EN-9.4.1.2"
2025-06-14T04:18:58.0520977Z         ],
2025-06-14T04:18:58.0521282Z         "description": "Ensure every ARIA tooltip node has an accessible name",
2025-06-14T04:18:58.0521707Z         "help": "ARIA tooltip nodes must have an accessible name",
2025-06-14T04:18:58.0522245Z         "helpUrl": "https://dequeuniversity.com/rules/axe/4.10/aria-tooltip-name?application=webdriverjs",
2025-06-14T04:18:58.0522662Z         "nodes": []
2025-06-14T04:18:58.0522828Z       },
2025-06-14T04:18:58.0522978Z       {
2025-06-14T04:18:58.0523164Z         "id": "aria-treeitem-name",
2025-06-14T04:18:58.0523391Z         "impact": null,
2025-06-14T04:18:58.0523577Z         "tags": [
2025-06-14T04:18:58.0523749Z           "cat.aria",
2025-06-14T04:18:58.0523930Z           "best-practice"
2025-06-14T04:18:58.0524120Z         ],
2025-06-14T04:18:58.0524423Z         "description": "Ensure every ARIA treeitem node has an accessible name",
2025-06-14T04:18:58.0524862Z         "help": "ARIA treeitem nodes should have an accessible name",
2025-06-14T04:18:58.0525572Z         "helpUrl": "https://dequeuniversity.com/rules/axe/4.10/aria-treeitem-name?application=webdriverjs",
2025-06-14T04:18:58.0526004Z         "nodes": []
2025-06-14T04:18:58.0526286Z       },
2025-06-14T04:18:58.0526443Z       {
2025-06-14T04:18:58.0526637Z         "id": "aria-valid-attr-value",
2025-06-14T04:18:58.0526866Z         "impact": null,
2025-06-14T04:18:58.0527047Z         "tags": [
2025-06-14T04:18:58.0527220Z           "cat.aria",
2025-06-14T04:18:58.0527395Z           "wcag2a",
2025-06-14T04:18:58.0527560Z           "wcag412",
2025-06-14T04:18:58.0527737Z           "EN-301-549",
2025-06-14T04:18:58.0527916Z           "EN-9.4.1.2"
2025-06-14T04:18:58.0528090Z         ],
2025-06-14T04:18:58.0528359Z         "description": "Ensure all ARIA attributes have valid values",
2025-06-14T04:18:58.0528763Z         "help": "ARIA attributes must conform to valid values",
2025-06-14T04:18:58.0529294Z         "helpUrl": "https://dequeuniversity.com/rules/axe/4.10/aria-valid-attr-value?application=webdriverjs",
2025-06-14T04:18:58.0529738Z         "nodes": []
2025-06-14T04:18:58.0529900Z       },
2025-06-14T04:18:58.0530050Z       {
2025-06-14T04:18:58.0530238Z         "id": "aria-valid-attr",
2025-06-14T04:18:58.0530455Z         "impact": null,
2025-06-14T04:18:58.0530632Z         "tags": [
2025-06-14T04:18:58.0530802Z           "cat.aria",
2025-06-14T04:18:58.0530975Z           "wcag2a",
2025-06-14T04:18:58.0531145Z           "wcag412",
2025-06-14T04:18:58.0531316Z           "EN-301-549",
2025-06-14T04:18:58.0531495Z           "EN-9.4.1.2"
2025-06-14T04:18:58.0531670Z         ],
2025-06-14T04:18:58.0532013Z         "description": "Ensure attributes that begin with aria- are valid ARIA attributes",
2025-06-14T04:18:58.0532466Z         "help": "ARIA attributes must conform to valid names",
2025-06-14T04:18:58.0532983Z         "helpUrl": "https://dequeuniversity.com/rules/axe/4.10/aria-valid-attr?application=webdriverjs",
2025-06-14T04:18:58.0533408Z         "nodes": []
2025-06-14T04:18:58.0533577Z       },
2025-06-14T04:18:58.0533763Z       {
2025-06-14T04:18:58.0533953Z         "id": "autocomplete-valid",
2025-06-14T04:18:58.0534186Z         "impact": null,
2025-06-14T04:18:58.0534373Z         "tags": [
2025-06-14T04:18:58.0534546Z           "cat.forms",
2025-06-14T04:18:58.0534723Z           "wcag21aa",
2025-06-14T04:18:58.0534900Z           "wcag135",
2025-06-14T04:18:58.0535076Z           "EN-301-549",
2025-06-14T04:18:58.0535256Z           "EN-9.1.3.5",
2025-06-14T04:18:58.0535610Z           "ACT"
2025-06-14T04:18:58.0535781Z         ],
2025-06-14T04:18:58.0536165Z         "description": "Ensure the autocomplete attribute is correct and suitable for the form field",
2025-06-14T04:18:58.0536651Z         "help": "autocomplete attribute must be used correctly",
2025-06-14T04:18:58.0537190Z         "helpUrl": "https://dequeuniversity.com/rules/axe/4.10/autocomplete-valid?application=webdriverjs",
2025-06-14T04:18:58.0537736Z         "nodes": []
2025-06-14T04:18:58.0537905Z       },
2025-06-14T04:18:58.0538057Z       {
2025-06-14T04:18:58.0538252Z         "id": "avoid-inline-spacing",
2025-06-14T04:18:58.0538486Z         "impact": null,
2025-06-14T04:18:58.0538675Z         "tags": [
2025-06-14T04:18:58.0538858Z           "cat.structure",
2025-06-14T04:18:58.0539054Z           "wcag21aa",
2025-06-14T04:18:58.0539226Z           "wcag1412",
2025-06-14T04:18:58.0539403Z           "EN-301-549",
2025-06-14T04:18:58.0539585Z           "EN-9.1.4.12",
2025-06-14T04:18:58.0539769Z           "ACT"
2025-06-14T04:18:58.0539929Z         ],
2025-06-14T04:18:58.0540373Z         "description": "Ensure that text spacing set through style attributes can be adjusted with custom stylesheets",
2025-06-14T04:18:58.0540967Z         "help": "Inline text spacing must be adjustable with custom stylesheets",
2025-06-14T04:18:58.0541550Z         "helpUrl": "https://dequeuniversity.com/rules/axe/4.10/avoid-inline-spacing?application=webdriverjs",
2025-06-14T04:18:58.0541983Z         "nodes": []
2025-06-14T04:18:58.0542146Z       },
2025-06-14T04:18:58.0542294Z       {
2025-06-14T04:18:58.0542451Z         "id": "blink",
2025-06-14T04:18:58.0542632Z         "impact": null,
2025-06-14T04:18:58.0542806Z         "tags": [
2025-06-14T04:18:58.0543117Z           "cat.time-and-media",
2025-06-14T04:18:58.0543331Z           "wcag2a",
2025-06-14T04:18:58.0543501Z           "wcag222",
2025-06-14T04:18:58.0543672Z           "section508",
2025-06-14T04:18:58.0543859Z           "section508.22.j",
2025-06-14T04:18:58.0544060Z           "TTv5",
2025-06-14T04:18:58.0544229Z           "TT2.b",
2025-06-14T04:18:58.0544395Z           "EN-301-549",
2025-06-14T04:18:58.0544572Z           "EN-9.2.2.2"
2025-06-14T04:18:58.0544745Z         ],
2025-06-14T04:18:58.0544991Z         "description": "Ensure <blink> elements are not used",
2025-06-14T04:18:58.0545564Z         "help": "<blink> elements are deprecated and must not be used",
2025-06-14T04:18:58.0546100Z         "helpUrl": "https://dequeuniversity.com/rules/axe/4.10/blink?application=webdriverjs",
2025-06-14T04:18:58.0546494Z         "nodes": []
2025-06-14T04:18:58.0546668Z       },
2025-06-14T04:18:58.0546821Z       {
2025-06-14T04:18:58.0546987Z         "id": "button-name",
2025-06-14T04:18:58.0547241Z         "impact": null,
2025-06-14T04:18:58.0547738Z         "tags": [
2025-06-14T04:18:58.0548080Z           "cat.name-role-value",
2025-06-14T04:18:58.0548427Z           "wcag2a",
2025-06-14T04:18:58.0548739Z           "wcag412",
2025-06-14T04:18:58.0549048Z           "section508",
2025-06-14T04:18:58.0549377Z           "section508.22.a",
2025-06-14T04:18:58.0549714Z           "TTv5",
2025-06-14T04:18:58.0550000Z           "TT6.a",
2025-06-14T04:18:58.0550181Z           "EN-301-549",
2025-06-14T04:18:58.0550369Z           "EN-9.4.1.2",
2025-06-14T04:18:58.0550543Z           "ACT"
2025-06-14T04:18:58.0550714Z         ],
2025-06-14T04:18:58.0550974Z         "description": "Ensure buttons have discernible text",
2025-06-14T04:18:58.0551335Z         "help": "Buttons must have discernible text",
2025-06-14T04:18:58.0551822Z         "helpUrl": "https://dequeuniversity.com/rules/axe/4.10/button-name?application=webdriverjs",
2025-06-14T04:18:58.0552227Z         "nodes": []
2025-06-14T04:18:58.0552407Z       },
2025-06-14T04:18:58.0552560Z       {
2025-06-14T04:18:58.0552718Z         "id": "bypass",
2025-06-14T04:18:58.0552910Z         "impact": null,
2025-06-14T04:18:58.0553092Z         "tags": [
2025-06-14T04:18:58.0553274Z           "cat.keyboard",
2025-06-14T04:18:58.0553465Z           "wcag2a",
2025-06-14T04:18:58.0553639Z           "wcag241",
2025-06-14T04:18:58.0553817Z           "section508",
2025-06-14T04:18:58.0554009Z           "section508.22.o",
2025-06-14T04:18:58.0554202Z           "TTv5",
2025-06-14T04:18:58.0554370Z           "TT9.a",
2025-06-14T04:18:58.0554543Z           "EN-301-549",
2025-06-14T04:18:58.0554723Z           "EN-9.2.4.1"
2025-06-14T04:18:58.0554897Z         ],
2025-06-14T04:18:58.0555566Z         "description": "Ensure each page has at least one mechanism for a user to bypass navigation and jump straight to the content",
2025-06-14T04:18:58.0556394Z         "help": "Page must have means to bypass repeated blocks",
2025-06-14T04:18:58.0556901Z         "helpUrl": "https://dequeuniversity.com/rules/axe/4.10/bypass?application=webdriverjs",
2025-06-14T04:18:58.0557295Z         "nodes": []
2025-06-14T04:18:58.0557463Z       },
2025-06-14T04:18:58.0557616Z       {
2025-06-14T04:18:58.0557809Z         "id": "definition-list",
2025-06-14T04:18:58.0558031Z         "impact": null,
2025-06-14T04:18:58.0558211Z         "tags": [
2025-06-14T04:18:58.0558393Z           "cat.structure",
2025-06-14T04:18:58.0558589Z           "wcag2a",
2025-06-14T04:18:58.0558764Z           "wcag131",
2025-06-14T04:18:58.0558940Z           "EN-301-549",
2025-06-14T04:18:58.0559133Z           "EN-9.1.3.1"
2025-06-14T04:18:58.0559310Z         ],
2025-06-14T04:18:58.0559610Z         "description": "Ensure <dl> elements are structured correctly",
2025-06-14T04:18:58.0560255Z         "help": "<dl> elements must only directly contain properly-ordered <dt> and <dd> groups, <script>, <template> or <div> elements",
2025-06-14T04:18:58.0561121Z         "helpUrl": "https://dequeuniversity.com/rules/axe/4.10/definition-list?application=webdriverjs",
2025-06-14T04:18:58.0561541Z         "nodes": []
2025-06-14T04:18:58.0561711Z       },
2025-06-14T04:18:58.0561863Z       {
2025-06-14T04:18:58.0562016Z         "id": "dlitem",
2025-06-14T04:18:58.0562204Z         "impact": null,
2025-06-14T04:18:58.0562386Z         "tags": [
2025-06-14T04:18:58.0562566Z           "cat.structure",
2025-06-14T04:18:58.0562756Z           "wcag2a",
2025-06-14T04:18:58.0562926Z           "wcag131",
2025-06-14T04:18:58.0563108Z           "EN-301-549",
2025-06-14T04:18:58.0563295Z           "EN-9.1.3.1"
2025-06-14T04:18:58.0563467Z         ],
2025-06-14T04:18:58.0563768Z         "description": "Ensure <dt> and <dd> elements are contained by a <dl>",
2025-06-14T04:18:58.0564186Z         "help": "<dt> and <dd> elements must be contained by a <dl>",
2025-06-14T04:18:58.0564678Z         "helpUrl": "https://dequeuniversity.com/rules/axe/4.10/dlitem?application=webdriverjs",
2025-06-14T04:18:58.0565064Z         "nodes": []
2025-06-14T04:18:58.0565239Z       },
2025-06-14T04:18:58.0565581Z       {
2025-06-14T04:18:58.0565781Z         "id": "duplicate-id-aria",
2025-06-14T04:18:58.0566016Z         "impact": null,
2025-06-14T04:18:58.0566199Z         "tags": [
2025-06-14T04:18:58.0566383Z           "cat.parsing",
2025-06-14T04:18:58.0566578Z           "wcag2a",
2025-06-14T04:18:58.0566762Z           "wcag412",
2025-06-14T04:18:58.0566937Z           "EN-301-549",
2025-06-14T04:18:58.0567117Z           "EN-9.4.1.2"
2025-06-14T04:18:58.0567306Z         ],
2025-06-14T04:18:58.0567657Z         "description": "Ensure every id attribute value used in ARIA and in labels is unique",
2025-06-14T04:18:58.0568107Z         "help": "IDs used in ARIA and labels must be unique",
2025-06-14T04:18:58.0568638Z         "helpUrl": "https://dequeuniversity.com/rules/axe/4.10/duplicate-id-aria?application=webdriverjs",
2025-06-14T04:18:58.0569066Z         "nodes": []
2025-06-14T04:18:58.0569233Z       },
2025-06-14T04:18:58.0569385Z       {
2025-06-14T04:18:58.0569570Z         "id": "empty-heading",
2025-06-14T04:18:58.0569787Z         "impact": null,
2025-06-14T04:18:58.0569971Z         "tags": [
2025-06-14T04:18:58.0570177Z           "cat.name-role-value",
2025-06-14T04:18:58.0570398Z           "best-practice"
2025-06-14T04:18:58.0570589Z         ],
2025-06-14T04:18:58.0570844Z         "description": "Ensure headings have discernible text",
2025-06-14T04:18:58.0571181Z         "help": "Headings should not be empty",
2025-06-14T04:18:58.0571659Z         "helpUrl": "https://dequeuniversity.com/rules/axe/4.10/empty-heading?application=webdriverjs",
2025-06-14T04:18:58.0572066Z         "nodes": []
2025-06-14T04:18:58.0572234Z       },
2025-06-14T04:18:58.0572385Z       {
2025-06-14T04:18:58.0572572Z         "id": "empty-table-header",
2025-06-14T04:18:58.0572957Z         "impact": null,
2025-06-14T04:18:58.0573142Z         "tags": [
2025-06-14T04:18:58.0573348Z           "cat.name-role-value",
2025-06-14T04:18:58.0573564Z           "best-practice"
2025-06-14T04:18:58.0573752Z         ],
2025-06-14T04:18:58.0574026Z         "description": "Ensure table headers have discernible text",
2025-06-14T04:18:58.0574397Z         "help": "Table header text should not be empty",
2025-06-14T04:18:58.0574916Z         "helpUrl": "https://dequeuniversity.com/rules/axe/4.10/empty-table-header?application=webdriverjs",
2025-06-14T04:18:58.0575474Z         "nodes": []
2025-06-14T04:18:58.0575677Z       },
2025-06-14T04:18:58.0575834Z       {
2025-06-14T04:18:58.0576042Z         "id": "form-field-multiple-labels",
2025-06-14T04:18:58.0576287Z         "impact": null,
2025-06-14T04:18:58.0576473Z         "tags": [
2025-06-14T04:18:58.0576644Z           "cat.forms",
2025-06-14T04:18:58.0576829Z           "wcag2a",
2025-06-14T04:18:58.0576996Z           "wcag332",
2025-06-14T04:18:58.0577184Z           "TTv5",
2025-06-14T04:18:58.0577353Z           "TT5.c",
2025-06-14T04:18:58.0577528Z           "EN-301-549",
2025-06-14T04:18:58.0577717Z           "EN-9.3.3.2"
2025-06-14T04:18:58.0577920Z         ],
2025-06-14T04:18:58.0578363Z         "description": "Ensure form field does not have multiple label elements",
2025-06-14T04:18:58.0578805Z         "help": "Form field must not have multiple label elements",
2025-06-14T04:18:58.0579378Z         "helpUrl": "https://dequeuniversity.com/rules/axe/4.10/form-field-multiple-labels?application=webdriverjs",
2025-06-14T04:18:58.0579826Z         "nodes": []
2025-06-14T04:18:58.0579996Z       },
2025-06-14T04:18:58.0580147Z       {
2025-06-14T04:18:58.0580346Z         "id": "frame-focusable-content",
2025-06-14T04:18:58.0580584Z         "impact": null,
2025-06-14T04:18:58.0580768Z         "tags": [
2025-06-14T04:18:58.0580947Z           "cat.keyboard",
2025-06-14T04:18:58.0581139Z           "wcag2a",
2025-06-14T04:18:58.0581304Z           "wcag211",
2025-06-14T04:18:58.0581490Z           "TTv5",
2025-06-14T04:18:58.0581658Z           "TT4.a",
2025-06-14T04:18:58.0581835Z           "EN-301-549",
2025-06-14T04:18:58.0582012Z           "EN-9.2.1.1"
2025-06-14T04:18:58.0582185Z         ],
2025-06-14T04:18:58.0582610Z         "description": "Ensure <frame> and <iframe> elements with focusable content do not have tabindex=-1",
2025-06-14T04:18:58.0583135Z         "help": "Frames with focusable content must not have tabindex=-1",
2025-06-14T04:18:58.0583708Z         "helpUrl": "https://dequeuniversity.com/rules/axe/4.10/frame-focusable-content?application=webdriverjs",
2025-06-14T04:18:58.0584138Z         "nodes": []
2025-06-14T04:18:58.0584306Z       },
2025-06-14T04:18:58.0584459Z       {
2025-06-14T04:18:58.0584629Z         "id": "frame-tested",
2025-06-14T04:18:58.0584836Z         "impact": null,
2025-06-14T04:18:58.0585022Z         "tags": [
2025-06-14T04:18:58.0585200Z           "cat.structure",
2025-06-14T04:18:58.0585575Z           "best-practice",
2025-06-14T04:18:58.0585787Z           "review-item"
2025-06-14T04:18:58.0585966Z         ],
2025-06-14T04:18:58.0586300Z         "description": "Ensure <iframe> and <frame> elements contain the axe-core script",
2025-06-14T04:18:58.0586740Z         "help": "Frames should be tested with axe-core",
2025-06-14T04:18:58.0587231Z         "helpUrl": "https://dequeuniversity.com/rules/axe/4.10/frame-tested?application=webdriverjs",
2025-06-14T04:18:58.0587639Z         "nodes": []
2025-06-14T04:18:58.0587813Z       },
2025-06-14T04:18:58.0587965Z       {
2025-06-14T04:18:58.0588155Z         "id": "frame-title-unique",
2025-06-14T04:18:58.0588382Z         "impact": null,
2025-06-14T04:18:58.0600425Z         "tags": [
2025-06-14T04:18:58.0600799Z           "cat.text-alternatives",
2025-06-14T04:18:58.0601068Z           "wcag2a",
2025-06-14T04:18:58.0601261Z           "wcag412",
2025-06-14T04:18:58.0601450Z           "TTv5",
2025-06-14T04:18:58.0601633Z           "TT12.d",
2025-06-14T04:18:58.0601823Z           "EN-301-549",
2025-06-14T04:18:58.0602241Z           "EN-9.4.1.2"
2025-06-14T04:18:58.0602430Z         ],
2025-06-14T04:18:58.0602811Z         "description": "Ensure <iframe> and <frame> elements contain a unique title attribute",
2025-06-14T04:18:58.0603293Z         "help": "Frames must have a unique title attribute",
2025-06-14T04:18:58.0603852Z         "helpUrl": "https://dequeuniversity.com/rules/axe/4.10/frame-title-unique?application=webdriverjs",
2025-06-14T04:18:58.0604293Z         "nodes": []
2025-06-14T04:18:58.0604470Z       },
2025-06-14T04:18:58.0604630Z       {
2025-06-14T04:18:58.0604804Z         "id": "frame-title",
2025-06-14T04:18:58.0605051Z         "impact": null,
2025-06-14T04:18:58.0605235Z         "tags": [
2025-06-14T04:18:58.0605707Z           "cat.text-alternatives",
2025-06-14T04:18:58.0605954Z           "wcag2a",
2025-06-14T04:18:58.0606133Z           "wcag412",
2025-06-14T04:18:58.0606314Z           "section508",
2025-06-14T04:18:58.0606512Z           "section508.22.i",
2025-06-14T04:18:58.0606725Z           "TTv5",
2025-06-14T04:18:58.0606896Z           "TT12.d",
2025-06-14T04:18:58.0607066Z           "EN-301-549",
2025-06-14T04:18:58.0607255Z           "EN-9.4.1.2"
2025-06-14T04:18:58.0607436Z         ],
2025-06-14T04:18:58.0607898Z         "description": "Ensure <iframe> and <frame> elements have an accessible name",
2025-06-14T04:18:58.0608340Z         "help": "Frames must have an accessible name",
2025-06-14T04:18:58.0608873Z         "helpUrl": "https://dequeuniversity.com/rules/axe/4.10/frame-title?application=webdriverjs",
2025-06-14T04:18:58.0609286Z         "nodes": []
2025-06-14T04:18:58.0609461Z       },
2025-06-14T04:18:58.0609622Z       {
2025-06-14T04:18:58.0609807Z         "id": "heading-order",
2025-06-14T04:18:58.0610025Z         "impact": null,
2025-06-14T04:18:58.0610210Z         "tags": [
2025-06-14T04:18:58.0610394Z           "cat.semantics",
2025-06-14T04:18:58.0610595Z           "best-practice"
2025-06-14T04:18:58.0610788Z         ],
2025-06-14T04:18:58.0611099Z         "description": "Ensure the order of headings is semantically correct",
2025-06-14T04:18:58.0611505Z         "help": "Heading levels should only increase by one",
2025-06-14T04:18:58.0612011Z         "helpUrl": "https://dequeuniversity.com/rules/axe/4.10/heading-order?application=webdriverjs",
2025-06-14T04:18:58.0612421Z         "nodes": []
2025-06-14T04:18:58.0612593Z       },
2025-06-14T04:18:58.0612747Z       {
2025-06-14T04:18:58.0612941Z         "id": "html-xml-lang-mismatch",
2025-06-14T04:18:58.0613183Z         "impact": null,
2025-06-14T04:18:58.0613368Z         "tags": [
2025-06-14T04:18:58.0613549Z           "cat.language",
2025-06-14T04:18:58.0613745Z           "wcag2a",
2025-06-14T04:18:58.0613913Z           "wcag311",
2025-06-14T04:18:58.0614094Z           "EN-301-549",
2025-06-14T04:18:58.0614279Z           "EN-9.3.1.1",
2025-06-14T04:18:58.0614457Z           "ACT"
2025-06-14T04:18:58.0614615Z         ],
2025-06-14T04:18:58.0615108Z         "description": "Ensure that HTML elements with both valid lang and xml:lang attributes agree on the base language of the page",
2025-06-14T04:18:58.0615961Z         "help": "HTML elements with lang and xml:lang must have the same base language",
2025-06-14T04:18:58.0616587Z         "helpUrl": "https://dequeuniversity.com/rules/axe/4.10/html-xml-lang-mismatch?application=webdriverjs",
2025-06-14T04:18:58.0617032Z         "nodes": []
2025-06-14T04:18:58.0617202Z       },
2025-06-14T04:18:58.0617358Z       {
2025-06-14T04:18:58.0617526Z         "id": "image-alt",
2025-06-14T04:18:58.0617729Z         "impact": null,
2025-06-14T04:18:58.0617913Z         "tags": [
2025-06-14T04:18:58.0618119Z           "cat.text-alternatives",
2025-06-14T04:18:58.0618340Z           "wcag2a",
2025-06-14T04:18:58.0618508Z           "wcag111",
2025-06-14T04:18:58.0618689Z           "section508",
2025-06-14T04:18:58.0618879Z           "section508.22.a",
2025-06-14T04:18:58.0619085Z           "TTv5",
2025-06-14T04:18:58.0619259Z           "TT7.a",
2025-06-14T04:18:58.0619559Z           "TT7.b",
2025-06-14T04:18:58.0619731Z           "EN-301-549",
2025-06-14T04:18:58.0619915Z           "EN-9.1.1.1",
2025-06-14T04:18:58.0620093Z           "ACT"
2025-06-14T04:18:58.0620255Z         ],
2025-06-14T04:18:58.0620656Z         "description": "Ensure <img> elements have alternative text or a role of none or presentation",
2025-06-14T04:18:58.0621137Z         "help": "Images must have alternative text",
2025-06-14T04:18:58.0621617Z         "helpUrl": "https://dequeuniversity.com/rules/axe/4.10/image-alt?application=webdriverjs",
2025-06-14T04:18:58.0622010Z         "nodes": []
2025-06-14T04:18:58.0622179Z       },
2025-06-14T04:18:58.0622326Z       {
2025-06-14T04:18:58.0622525Z         "id": "image-redundant-alt",
2025-06-14T04:18:58.0622756Z         "impact": null,
2025-06-14T04:18:58.0622942Z         "tags": [
2025-06-14T04:18:58.0623152Z           "cat.text-alternatives",
2025-06-14T04:18:58.0623385Z           "best-practice"
2025-06-14T04:18:58.0623574Z         ],
2025-06-14T04:18:58.0623917Z         "description": "Ensure image alternative is not repeated as text",
2025-06-14T04:18:58.0624361Z         "help": "Alternative text of images should not be repeated as text",
2025-06-14T04:18:58.0625039Z         "helpUrl": "https://dequeuniversity.com/rules/axe/4.10/image-redundant-alt?application=webdriverjs",
2025-06-14T04:18:58.0625667Z         "nodes": []
2025-06-14T04:18:58.0625841Z       },
2025-06-14T04:18:58.0625994Z       {
2025-06-14T04:18:58.0626183Z         "id": "input-button-name",
2025-06-14T04:18:58.0626407Z         "impact": null,
2025-06-14T04:18:58.0626588Z         "tags": [
2025-06-14T04:18:58.0626796Z           "cat.name-role-value",
2025-06-14T04:18:58.0627013Z           "wcag2a",
2025-06-14T04:18:58.0627187Z           "wcag412",
2025-06-14T04:18:58.0627366Z           "section508",
2025-06-14T04:18:58.0627564Z           "section508.22.a",
2025-06-14T04:18:58.0627768Z           "TTv5",
2025-06-14T04:18:58.0627939Z           "TT5.c",
2025-06-14T04:18:58.0628109Z           "EN-301-549",
2025-06-14T04:18:58.0628299Z           "EN-9.4.1.2",
2025-06-14T04:18:58.0628480Z           "ACT"
2025-06-14T04:18:58.0628646Z         ],
2025-06-14T04:18:58.0628919Z         "description": "Ensure input buttons have discernible text",
2025-06-14T04:18:58.0629298Z         "help": "Input buttons must have discernible text",
2025-06-14T04:18:58.0629816Z         "helpUrl": "https://dequeuniversity.com/rules/axe/4.10/input-button-name?application=webdriverjs",
2025-06-14T04:18:58.0630241Z         "nodes": []
2025-06-14T04:18:58.0630405Z       },
2025-06-14T04:18:58.0630549Z       {
2025-06-14T04:18:58.0630733Z         "id": "input-image-alt",
2025-06-14T04:18:58.0630952Z         "impact": null,
2025-06-14T04:18:58.0631134Z         "tags": [
2025-06-14T04:18:58.0631331Z           "cat.text-alternatives",
2025-06-14T04:18:58.0631546Z           "wcag2a",
2025-06-14T04:18:58.0631716Z           "wcag111",
2025-06-14T04:18:58.0631885Z           "wcag412",
2025-06-14T04:18:58.0632054Z           "section508",
2025-06-14T04:18:58.0632248Z           "section508.22.a",
2025-06-14T04:18:58.0632446Z           "TTv5",
2025-06-14T04:18:58.0632610Z           "TT7.a",
2025-06-14T04:18:58.0632777Z           "EN-301-549",
2025-06-14T04:18:58.0632956Z           "EN-9.1.1.1",
2025-06-14T04:18:58.0633139Z           "EN-9.4.1.2",
2025-06-14T04:18:58.0633312Z           "ACT"
2025-06-14T04:18:58.0633472Z         ],
2025-06-14T04:18:58.0633793Z         "description": "Ensure <input type=\"image\"> elements have alternative text",
2025-06-14T04:18:58.0634213Z         "help": "Image buttons must have alternative text",
2025-06-14T04:18:58.0634723Z         "helpUrl": "https://dequeuniversity.com/rules/axe/4.10/input-image-alt?application=webdriverjs",
2025-06-14T04:18:58.0635137Z         "nodes": []
2025-06-14T04:18:58.0635301Z       },
2025-06-14T04:18:58.0635623Z       {
2025-06-14T04:18:58.0635819Z         "id": "label-title-only",
2025-06-14T04:18:58.0636045Z         "impact": null,
2025-06-14T04:18:58.0636222Z         "tags": [
2025-06-14T04:18:58.0636525Z           "cat.forms",
2025-06-14T04:18:58.0636718Z           "best-practice"
2025-06-14T04:18:58.0636916Z         ],
2025-06-14T04:18:58.0637513Z         "description": "Ensure that every form element has a visible label and is not solely labeled using hidden labels, or the title or aria-describedby attributes",
2025-06-14T04:18:58.0638163Z         "help": "Form elements should have a visible label",
2025-06-14T04:18:58.0638687Z         "helpUrl": "https://dequeuniversity.com/rules/axe/4.10/label-title-only?application=webdriverjs",
2025-06-14T04:18:58.0639109Z         "nodes": []
2025-06-14T04:18:58.0639280Z       },
2025-06-14T04:18:58.0639431Z       {
2025-06-14T04:18:58.0639589Z         "id": "label",
2025-06-14T04:18:58.0639778Z         "impact": null,
2025-06-14T04:18:58.0639962Z         "tags": [
2025-06-14T04:18:58.0640134Z           "cat.forms",
2025-06-14T04:18:58.0640315Z           "wcag2a",
2025-06-14T04:18:58.0640484Z           "wcag412",
2025-06-14T04:18:58.0640671Z           "section508",
2025-06-14T04:18:58.0640856Z           "section508.22.n",
2025-06-14T04:18:58.0641057Z           "TTv5",
2025-06-14T04:18:58.0641229Z           "TT5.c",
2025-06-14T04:18:58.0641408Z           "EN-301-549",
2025-06-14T04:18:58.0641695Z           "EN-9.4.1.2",
2025-06-14T04:18:58.0641885Z           "ACT"
2025-06-14T04:18:58.0642053Z         ],
2025-06-14T04:18:58.0642310Z         "description": "Ensure every form element has a label",
2025-06-14T04:18:58.0642649Z         "help": "Form elements must have labels",
2025-06-14T04:18:58.0643100Z         "helpUrl": "https://dequeuniversity.com/rules/axe/4.10/label?application=webdriverjs",
2025-06-14T04:18:58.0643483Z         "nodes": []
2025-06-14T04:18:58.0643653Z       },
2025-06-14T04:18:58.0643803Z       {
2025-06-14T04:18:58.0644025Z         "id": "landmark-banner-is-top-level",
2025-06-14T04:18:58.0644282Z         "impact": null,
2025-06-14T04:18:58.0644472Z         "tags": [
2025-06-14T04:18:58.0644649Z           "cat.semantics",
2025-06-14T04:18:58.0644865Z           "best-practice"
2025-06-14T04:18:58.0645059Z         ],
2025-06-14T04:18:58.0645469Z         "description": "Ensure the banner landmark is at top level",
2025-06-14T04:18:58.0645939Z         "help": "Banner landmark should not be contained in another landmark",
2025-06-14T04:18:58.0646593Z         "helpUrl": "https://dequeuniversity.com/rules/axe/4.10/landmark-banner-is-top-level?application=webdriverjs",
2025-06-14T04:18:58.0647058Z         "nodes": []
2025-06-14T04:18:58.0647234Z       },
2025-06-14T04:18:58.0647390Z       {
2025-06-14T04:18:58.0647618Z         "id": "landmark-complementary-is-top-level",
2025-06-14T04:18:58.0647890Z         "impact": null,
2025-06-14T04:18:58.0648078Z         "tags": [
2025-06-14T04:18:58.0648259Z           "cat.semantics",
2025-06-14T04:18:58.0648461Z           "best-practice"
2025-06-14T04:18:58.0648650Z         ],
2025-06-14T04:18:58.0648976Z         "description": "Ensure the complementary landmark or aside is at top level",
2025-06-14T04:18:58.0649429Z         "help": "Aside should not be contained in another landmark",
2025-06-14T04:18:58.0650048Z         "helpUrl": "https://dequeuniversity.com/rules/axe/4.10/landmark-complementary-is-top-level?application=webdriverjs",
2025-06-14T04:18:58.0650538Z         "nodes": []
2025-06-14T04:18:58.0650713Z       },
2025-06-14T04:18:58.0650865Z       {
2025-06-14T04:18:58.0651086Z         "id": "landmark-contentinfo-is-top-level",
2025-06-14T04:18:58.0651348Z         "impact": null,
2025-06-14T04:18:58.0651533Z         "tags": [
2025-06-14T04:18:58.0651713Z           "cat.semantics",
2025-06-14T04:18:58.0651915Z           "best-practice"
2025-06-14T04:18:58.0652101Z         ],
2025-06-14T04:18:58.0652389Z         "description": "Ensure the contentinfo landmark is at top level",
2025-06-14T04:18:58.0652856Z         "help": "Contentinfo landmark should not be contained in another landmark",
2025-06-14T04:18:58.0653509Z         "helpUrl": "https://dequeuniversity.com/rules/axe/4.10/landmark-contentinfo-is-top-level?application=webdriverjs",
2025-06-14T04:18:58.0654120Z         "nodes": []
2025-06-14T04:18:58.0654286Z       },
2025-06-14T04:18:58.0654438Z       {
2025-06-14T04:18:58.0654644Z         "id": "landmark-main-is-top-level",
2025-06-14T04:18:58.0654896Z         "impact": null,
2025-06-14T04:18:58.0655075Z         "tags": [
2025-06-14T04:18:58.0655255Z           "cat.semantics",
2025-06-14T04:18:58.0655664Z           "best-practice"
2025-06-14T04:18:58.0655856Z         ],
2025-06-14T04:18:58.0656124Z         "description": "Ensure the main landmark is at top level",
2025-06-14T04:18:58.0656540Z         "help": "Main landmark should not be contained in another landmark",
2025-06-14T04:18:58.0657133Z         "helpUrl": "https://dequeuniversity.com/rules/axe/4.10/landmark-main-is-top-level?application=webdriverjs",
2025-06-14T04:18:58.0657584Z         "nodes": []
2025-06-14T04:18:58.0657755Z       },
2025-06-14T04:18:58.0657902Z       {
2025-06-14T04:18:58.0658117Z         "id": "landmark-no-duplicate-banner",
2025-06-14T04:18:58.0658376Z         "impact": null,
2025-06-14T04:18:58.0658561Z         "tags": [
2025-06-14T04:18:58.0658735Z           "cat.semantics",
2025-06-14T04:18:58.0658937Z           "best-practice"
2025-06-14T04:18:58.0659245Z         ],
2025-06-14T04:18:58.0659542Z         "description": "Ensure the document has at most one banner landmark",
2025-06-14T04:18:58.0659983Z         "help": "Document should not have more than one banner landmark",
2025-06-14T04:18:58.0660585Z         "helpUrl": "https://dequeuniversity.com/rules/axe/4.10/landmark-no-duplicate-banner?application=webdriverjs",
2025-06-14T04:18:58.0661050Z         "nodes": []
2025-06-14T04:18:58.0661229Z       },
2025-06-14T04:18:58.0661384Z       {
2025-06-14T04:18:58.0661612Z         "id": "landmark-no-duplicate-contentinfo",
2025-06-14T04:18:58.0661887Z         "impact": null,
2025-06-14T04:18:58.0662077Z         "tags": [
2025-06-14T04:18:58.0662260Z           "cat.semantics",
2025-06-14T04:18:58.0662462Z           "best-practice"
2025-06-14T04:18:58.0662658Z         ],
2025-06-14T04:18:58.0662973Z         "description": "Ensure the document has at most one contentinfo landmark",
2025-06-14T04:18:58.0663451Z         "help": "Document should not have more than one contentinfo landmark",
2025-06-14T04:18:58.0664089Z         "helpUrl": "https://dequeuniversity.com/rules/axe/4.10/landmark-no-duplicate-contentinfo?application=webdriverjs",
2025-06-14T04:18:58.0664572Z         "nodes": []
2025-06-14T04:18:58.0664745Z       },
2025-06-14T04:18:58.0664902Z       {
2025-06-14T04:18:58.0665108Z         "id": "landmark-no-duplicate-main",
2025-06-14T04:18:58.0665533Z         "impact": null,
2025-06-14T04:18:58.0665732Z         "tags": [
2025-06-14T04:18:58.0665916Z           "cat.semantics",
2025-06-14T04:18:58.0666122Z           "best-practice"
2025-06-14T04:18:58.0666309Z         ],
2025-06-14T04:18:58.0666598Z         "description": "Ensure the document has at most one main landmark",
2025-06-14T04:18:58.0667030Z         "help": "Document should not have more than one main landmark",
2025-06-14T04:18:58.0667620Z         "helpUrl": "https://dequeuniversity.com/rules/axe/4.10/landmark-no-duplicate-main?application=webdriverjs",
2025-06-14T04:18:58.0668069Z         "nodes": []
2025-06-14T04:18:58.0668245Z       },
2025-06-14T04:18:58.0668401Z       {
2025-06-14T04:18:58.0668595Z         "id": "landmark-unique",
2025-06-14T04:18:58.0668815Z         "impact": null,
2025-06-14T04:18:58.0669003Z         "tags": [
2025-06-14T04:18:58.0669184Z           "cat.semantics",
2025-06-14T04:18:58.0669388Z           "best-practice"
2025-06-14T04:18:58.0669573Z         ],
2025-06-14T04:18:58.0669801Z         "description": "Ensure landmarks are unique",
2025-06-14T04:18:58.0670298Z         "help": "Landmarks should have a unique role or role/label/title (i.e. accessible name) combination",
2025-06-14T04:18:58.0670944Z         "helpUrl": "https://dequeuniversity.com/rules/axe/4.10/landmark-unique?application=webdriverjs",
2025-06-14T04:18:58.0671361Z         "nodes": []
2025-06-14T04:18:58.0671658Z       },
2025-06-14T04:18:58.0671814Z       {
2025-06-14T04:18:58.0672008Z         "id": "link-in-text-block",
2025-06-14T04:18:58.0672240Z         "impact": null,
2025-06-14T04:18:58.0672420Z         "tags": [
2025-06-14T04:18:58.0672599Z           "cat.color",
2025-06-14T04:18:58.0672781Z           "wcag2a",
2025-06-14T04:18:58.0672954Z           "wcag141",
2025-06-14T04:18:58.0673127Z           "TTv5",
2025-06-14T04:18:58.0673297Z           "TT13.a",
2025-06-14T04:18:58.0673472Z           "EN-301-549",
2025-06-14T04:18:58.0673658Z           "EN-9.1.4.1"
2025-06-14T04:18:58.0673830Z         ],
2025-06-14T04:18:58.0674263Z         "description": "Ensure links are distinguished from surrounding text in a way that does not rely on color",
2025-06-14T04:18:58.0674817Z         "help": "Links must be distinguishable without relying on color",
2025-06-14T04:18:58.0675536Z         "helpUrl": "https://dequeuniversity.com/rules/axe/4.10/link-in-text-block?application=webdriverjs",
2025-06-14T04:18:58.0675999Z         "nodes": []
2025-06-14T04:18:58.0676166Z       },
2025-06-14T04:18:58.0676321Z       {
2025-06-14T04:18:58.0676485Z         "id": "link-name",
2025-06-14T04:18:58.0676689Z         "impact": null,
2025-06-14T04:18:58.0676994Z         "tags": [
2025-06-14T04:18:58.0677206Z           "cat.name-role-value",
2025-06-14T04:18:58.0677426Z           "wcag2a",
2025-06-14T04:18:58.0677602Z           "wcag244",
2025-06-14T04:18:58.0677782Z           "wcag412",
2025-06-14T04:18:58.0677963Z           "section508",
2025-06-14T04:18:58.0678162Z           "section508.22.a",
2025-06-14T04:18:58.0678365Z           "TTv5",
2025-06-14T04:18:58.0678534Z           "TT6.a",
2025-06-14T04:18:58.0678712Z           "EN-301-549",
2025-06-14T04:18:58.0678899Z           "EN-9.2.4.4",
2025-06-14T04:18:58.0679083Z           "EN-9.4.1.2",
2025-06-14T04:18:58.0679259Z           "ACT"
2025-06-14T04:18:58.0679429Z         ],
2025-06-14T04:18:58.0679679Z         "description": "Ensure links have discernible text",
2025-06-14T04:18:58.0680024Z         "help": "Links must have discernible text",
2025-06-14T04:18:58.0680497Z         "helpUrl": "https://dequeuniversity.com/rules/axe/4.10/link-name?application=webdriverjs",
2025-06-14T04:18:58.0680902Z         "nodes": []
2025-06-14T04:18:58.0681074Z       },
2025-06-14T04:18:58.0681285Z       {
2025-06-14T04:18:58.0681446Z         "id": "list",
2025-06-14T04:18:58.0681632Z         "impact": null,
2025-06-14T04:18:58.0681820Z         "tags": [
2025-06-14T04:18:58.0682030Z           "cat.structure",
2025-06-14T04:18:58.0682227Z           "wcag2a",
2025-06-14T04:18:58.0682393Z           "wcag131",
2025-06-14T04:18:58.0682577Z           "EN-301-549",
2025-06-14T04:18:58.0682761Z           "EN-9.1.3.1"
2025-06-14T04:18:58.0682938Z         ],
2025-06-14T04:18:58.0683208Z         "description": "Ensure that lists are structured correctly",
2025-06-14T04:18:58.0683684Z         "help": "<ul> and <ol> must only directly contain <li>, <script> or <template> elements",
2025-06-14T04:18:58.0684243Z         "helpUrl": "https://dequeuniversity.com/rules/axe/4.10/list?application=webdriverjs",
2025-06-14T04:18:58.0684630Z         "nodes": []
2025-06-14T04:18:58.0684795Z       },
2025-06-14T04:18:58.0684953Z       {
2025-06-14T04:18:58.0685124Z         "id": "listitem",
2025-06-14T04:18:58.0685456Z         "impact": null,
2025-06-14T04:18:58.0685667Z         "tags": [
2025-06-14T04:18:58.0685851Z           "cat.structure",
2025-06-14T04:18:58.0686046Z           "wcag2a",
2025-06-14T04:18:58.0686219Z           "wcag131",
2025-06-14T04:18:58.0686396Z           "EN-301-549",
2025-06-14T04:18:58.0686580Z           "EN-9.1.3.1"
2025-06-14T04:18:58.0686756Z         ],
2025-06-14T04:18:58.0687033Z         "description": "Ensure <li> elements are used semantically",
2025-06-14T04:18:58.0687422Z         "help": "<li> elements must be contained in a <ul> or <ol>",
2025-06-14T04:18:58.0687908Z         "helpUrl": "https://dequeuniversity.com/rules/axe/4.10/listitem?application=webdriverjs",
2025-06-14T04:18:58.0688431Z         "nodes": []
2025-06-14T04:18:58.0688602Z       },
2025-06-14T04:18:58.0688755Z       {
2025-06-14T04:18:58.0688916Z         "id": "marquee",
2025-06-14T04:18:58.0689115Z         "impact": null,
2025-06-14T04:18:58.0689303Z         "tags": [
2025-06-14T04:18:58.0689484Z           "cat.parsing",
2025-06-14T04:18:58.0689671Z           "wcag2a",
2025-06-14T04:18:58.0689845Z           "wcag222",
2025-06-14T04:18:58.0690022Z           "TTv5",
2025-06-14T04:18:58.0690193Z           "TT2.b",
2025-06-14T04:18:58.0690364Z           "EN-301-549",
2025-06-14T04:18:58.0690552Z           "EN-9.2.2.2"
2025-06-14T04:18:58.0690731Z         ],
2025-06-14T04:18:58.0690995Z         "description": "Ensure <marquee> elements are not used",
2025-06-14T04:18:58.0691393Z         "help": "<marquee> elements are deprecated and must not be used",
2025-06-14T04:18:58.0691908Z         "helpUrl": "https://dequeuniversity.com/rules/axe/4.10/marquee?application=webdriverjs",
2025-06-14T04:18:58.0692304Z         "nodes": []
2025-06-14T04:18:58.0692473Z       },
2025-06-14T04:18:58.0692626Z       {
2025-06-14T04:18:58.0692789Z         "id": "meta-refresh",
2025-06-14T04:18:58.0693007Z         "impact": null,
2025-06-14T04:18:58.0693193Z         "tags": [
2025-06-14T04:18:58.0693506Z           "cat.time-and-media",
2025-06-14T04:18:58.0693720Z           "wcag2a",
2025-06-14T04:18:58.0693891Z           "wcag221",
2025-06-14T04:18:58.0694066Z           "TTv5",
2025-06-14T04:18:58.0694235Z           "TT8.a",
2025-06-14T04:18:58.0694404Z           "EN-301-549",
2025-06-14T04:18:58.0694585Z           "EN-9.2.2.1"
2025-06-14T04:18:58.0694765Z         ],
2025-06-14T04:18:58.0695112Z         "description": "Ensure <meta http-equiv=\"refresh\"> is not used for delayed refresh",
2025-06-14T04:18:58.0695770Z         "help": "Delayed refresh under 20 hours must not be used",
2025-06-14T04:18:58.0696291Z         "helpUrl": "https://dequeuniversity.com/rules/axe/4.10/meta-refresh?application=webdriverjs",
2025-06-14T04:18:58.0696708Z         "nodes": []
2025-06-14T04:18:58.0696883Z       },
2025-06-14T04:18:58.0697039Z       {
2025-06-14T04:18:58.0697230Z         "id": "nested-interactive",
2025-06-14T04:18:58.0697463Z         "impact": null,
2025-06-14T04:18:58.0697658Z         "tags": [
2025-06-14T04:18:58.0697840Z           "cat.keyboard",
2025-06-14T04:18:58.0698031Z           "wcag2a",
2025-06-14T04:18:58.0698203Z           "wcag412",
2025-06-14T04:18:58.0698378Z           "TTv5",
2025-06-14T04:18:58.0698548Z           "TT6.a",
2025-06-14T04:18:58.0698719Z           "EN-301-549",
2025-06-14T04:18:58.0698900Z           "EN-9.4.1.2"
2025-06-14T04:18:58.0699077Z         ],
2025-06-14T04:18:58.0699705Z         "description": "Ensure interactive controls are not nested as they are not always announced by screen readers or can cause focus problems for assistive technologies",
2025-06-14T04:18:58.0700364Z         "help": "Interactive controls must not be nested",
2025-06-14T04:18:58.0700891Z         "helpUrl": "https://dequeuniversity.com/rules/axe/4.10/nested-interactive?application=webdriverjs",
2025-06-14T04:18:58.0701323Z         "nodes": []
2025-06-14T04:18:58.0701493Z       },
2025-06-14T04:18:58.0701648Z       {
2025-06-14T04:18:58.0701809Z         "id": "object-alt",
2025-06-14T04:18:58.0702020Z         "impact": null,
2025-06-14T04:18:58.0702205Z         "tags": [
2025-06-14T04:18:58.0702414Z           "cat.text-alternatives",
2025-06-14T04:18:58.0702634Z           "wcag2a",
2025-06-14T04:18:58.0702805Z           "wcag111",
2025-06-14T04:18:58.0703000Z           "section508",
2025-06-14T04:18:58.0703205Z           "section508.22.a",
2025-06-14T04:18:58.0703410Z           "EN-301-549",
2025-06-14T04:18:58.0703594Z           "EN-9.1.1.1"
2025-06-14T04:18:58.0703775Z         ],
2025-06-14T04:18:58.0704067Z         "description": "Ensure <object> elements have alternative text",
2025-06-14T04:18:58.0704464Z         "help": "<object> elements must have alternative text",
2025-06-14T04:18:58.0704987Z         "helpUrl": "https://dequeuniversity.com/rules/axe/4.10/object-alt?application=webdriverjs",
2025-06-14T04:18:58.0705812Z         "nodes": []
2025-06-14T04:18:58.0705993Z       },
2025-06-14T04:18:58.0706145Z       {
2025-06-14T04:18:58.0706363Z         "id": "presentation-role-conflict",
2025-06-14T04:18:58.0706616Z         "impact": null,
2025-06-14T04:18:58.0706805Z         "tags": [
2025-06-14T04:18:58.0706980Z           "cat.aria",
2025-06-14T04:18:58.0707178Z           "best-practice",
2025-06-14T04:18:58.0707379Z           "ACT"
2025-06-14T04:18:58.0707548Z         ],
2025-06-14T04:18:58.0708065Z         "description": "Elements marked as presentational should not have global ARIA or tabindex to ensure all screen readers ignore them",
2025-06-14T04:18:58.0708724Z         "help": "Ensure elements marked as presentational are consistently ignored",
2025-06-14T04:18:58.0709363Z         "helpUrl": "https://dequeuniversity.com/rules/axe/4.10/presentation-role-conflict?application=webdriverjs",
2025-06-14T04:18:58.0709841Z         "nodes": []
2025-06-14T04:18:58.0710044Z       },
2025-06-14T04:18:58.0710194Z       {
2025-06-14T04:18:58.0710364Z         "id": "role-img-alt",
2025-06-14T04:18:58.0710580Z         "impact": null,
2025-06-14T04:18:58.0710770Z         "tags": [
2025-06-14T04:18:58.0711099Z           "cat.text-alternatives",
2025-06-14T04:18:58.0711324Z           "wcag2a",
2025-06-14T04:18:58.0711497Z           "wcag111",
2025-06-14T04:18:58.0711680Z           "section508",
2025-06-14T04:18:58.0711870Z           "section508.22.a",
2025-06-14T04:18:58.0712068Z           "TTv5",
2025-06-14T04:18:58.0712237Z           "TT7.a",
2025-06-14T04:18:58.0712415Z           "EN-301-549",
2025-06-14T04:18:58.0712599Z           "EN-9.1.1.1",
2025-06-14T04:18:58.0712772Z           "ACT"
2025-06-14T04:18:58.0712940Z         ],
2025-06-14T04:18:58.0713243Z         "description": "Ensure [role=\"img\"] elements have alternative text",
2025-06-14T04:18:58.0713675Z         "help": "[role=\"img\"] elements must have an alternative text",
2025-06-14T04:18:58.0713998Z         "helpUrl": "https://dequeuniversity.com/rules/axe/4.10/role-img-alt?application=webdriverjs",
2025-06-14T04:18:58.0714076Z         "nodes": []
2025-06-14T04:18:58.0714144Z       },
2025-06-14T04:18:58.0714212Z       {
2025-06-14T04:18:58.0714327Z         "id": "scope-attr-valid",
2025-06-14T04:18:58.0714405Z         "impact": null,
2025-06-14T04:18:58.0714481Z         "tags": [
2025-06-14T04:18:58.0714555Z           "cat.tables",
2025-06-14T04:18:58.0714638Z           "best-practice"
2025-06-14T04:18:58.0714709Z         ],
2025-06-14T04:18:58.0714926Z         "description": "Ensure the scope attribute is used correctly on tables",
2025-06-14T04:18:58.0715079Z         "help": "scope attribute should be used correctly",
2025-06-14T04:18:58.0715525Z         "helpUrl": "https://dequeuniversity.com/rules/axe/4.10/scope-attr-valid?application=webdriverjs",
2025-06-14T04:18:58.0715606Z         "nodes": []
2025-06-14T04:18:58.0715673Z       },
2025-06-14T04:18:58.0715744Z       {
2025-06-14T04:18:58.0715876Z         "id": "scrollable-region-focusable",
2025-06-14T04:18:58.0715953Z         "impact": null,
2025-06-14T04:18:58.0716036Z         "tags": [
2025-06-14T04:18:58.0716117Z           "cat.keyboard",
2025-06-14T04:18:58.0716196Z           "wcag2a",
2025-06-14T04:18:58.0716268Z           "wcag211",
2025-06-14T04:18:58.0716344Z           "wcag213",
2025-06-14T04:18:58.0716414Z           "TTv5",
2025-06-14T04:18:58.0716485Z           "TT4.a",
2025-06-14T04:18:58.0716564Z           "EN-301-549",
2025-06-14T04:18:58.0716635Z           "EN-9.2.1.1",
2025-06-14T04:18:58.0716712Z           "EN-9.2.1.3"
2025-06-14T04:18:58.0716778Z         ],
2025-06-14T04:18:58.0717062Z         "description": "Ensure elements that have scrollable content are accessible by keyboard",
2025-06-14T04:18:58.0717222Z         "help": "Scrollable region must have keyboard access",
2025-06-14T04:18:58.0717591Z         "helpUrl": "https://dequeuniversity.com/rules/axe/4.10/scrollable-region-focusable?application=webdriverjs",
2025-06-14T04:18:58.0717789Z         "nodes": []
2025-06-14T04:18:58.0717856Z       },
2025-06-14T04:18:58.0717930Z       {
2025-06-14T04:18:58.0718011Z         "id": "select-name",
2025-06-14T04:18:58.0718092Z         "impact": null,
2025-06-14T04:18:58.0718168Z         "tags": [
2025-06-14T04:18:58.0718247Z           "cat.forms",
2025-06-14T04:18:58.0718318Z           "wcag2a",
2025-06-14T04:18:58.0718389Z           "wcag412",
2025-06-14T04:18:58.0718468Z           "section508",
2025-06-14T04:18:58.0718545Z           "section508.22.n",
2025-06-14T04:18:58.0718622Z           "TTv5",
2025-06-14T04:18:58.0718692Z           "TT5.c",
2025-06-14T04:18:58.0718766Z           "EN-301-549",
2025-06-14T04:18:58.0718843Z           "EN-9.4.1.2",
2025-06-14T04:18:58.0718913Z           "ACT"
2025-06-14T04:18:58.0718983Z         ],
2025-06-14T04:18:58.0719172Z         "description": "Ensure select element has an accessible name",
2025-06-14T04:18:58.0719330Z         "help": "Select element must have an accessible name",
2025-06-14T04:18:58.0719630Z         "helpUrl": "https://dequeuniversity.com/rules/axe/4.10/select-name?application=webdriverjs",
2025-06-14T04:18:58.0719712Z         "nodes": []
2025-06-14T04:18:58.0719779Z       },
2025-06-14T04:18:58.0719845Z       {
2025-06-14T04:18:58.0720072Z         "id": "server-side-image-map",
2025-06-14T04:18:58.0720155Z         "impact": null,
2025-06-14T04:18:58.0720230Z         "tags": [
2025-06-14T04:18:58.0720336Z           "cat.text-alternatives",
2025-06-14T04:18:58.0720416Z           "wcag2a",
2025-06-14T04:18:58.0720487Z           "wcag211",
2025-06-14T04:18:58.0720561Z           "section508",
2025-06-14T04:18:58.0720648Z           "section508.22.f",
2025-06-14T04:18:58.0720727Z           "TTv5",
2025-06-14T04:18:58.0720811Z           "TT4.a",
2025-06-14T04:18:58.0720883Z           "EN-301-549",
2025-06-14T04:18:58.0720961Z           "EN-9.2.1.1"
2025-06-14T04:18:58.0721027Z         ],
2025-06-14T04:18:58.0721223Z         "description": "Ensure that server-side image maps are not used",
2025-06-14T04:18:58.0721379Z         "help": "Server-side image maps must not be used",
2025-06-14T04:18:58.0721713Z         "helpUrl": "https://dequeuniversity.com/rules/axe/4.10/server-side-image-map?application=webdriverjs",
2025-06-14T04:18:58.0721796Z         "nodes": []
2025-06-14T04:18:58.0721862Z       },
2025-06-14T04:18:58.0721933Z       {
2025-06-14T04:18:58.0722013Z         "id": "skip-link",
2025-06-14T04:18:58.0722089Z         "impact": null,
2025-06-14T04:18:58.0722165Z         "tags": [
2025-06-14T04:18:58.0722242Z           "cat.keyboard",
2025-06-14T04:18:58.0722326Z           "best-practice"
2025-06-14T04:18:58.0722393Z         ],
2025-06-14T04:18:58.0722591Z         "description": "Ensure all skip links have a focusable target",
2025-06-14T04:18:58.0722765Z         "help": "The skip-link target should exist and be focusable",
2025-06-14T04:18:58.0723061Z         "helpUrl": "https://dequeuniversity.com/rules/axe/4.10/skip-link?application=webdriverjs",
2025-06-14T04:18:58.0723138Z         "nodes": []
2025-06-14T04:18:58.0723205Z       },
2025-06-14T04:18:58.0723279Z       {
2025-06-14T04:18:58.0723361Z         "id": "summary-name",
2025-06-14T04:18:58.0723440Z         "impact": null,
2025-06-14T04:18:58.0723515Z         "tags": [
2025-06-14T04:18:58.0723623Z           "cat.name-role-value",
2025-06-14T04:18:58.0723695Z           "wcag2a",
2025-06-14T04:18:58.0723765Z           "wcag412",
2025-06-14T04:18:58.0723844Z           "section508",
2025-06-14T04:18:58.0723994Z           "section508.22.a",
2025-06-14T04:18:58.0724124Z           "TTv5",
2025-06-14T04:18:58.0724255Z           "TT6.a",
2025-06-14T04:18:58.0724358Z           "EN-301-549",
2025-06-14T04:18:58.0724433Z           "EN-9.4.1.2"
2025-06-14T04:18:58.0724500Z         ],
2025-06-14T04:18:58.0724712Z         "description": "Ensure summary elements have discernible text",
2025-06-14T04:18:58.0724999Z         "help": "Summary elements must have discernible text",
2025-06-14T04:18:58.0725646Z         "helpUrl": "https://dequeuniversity.com/rules/axe/4.10/summary-name?application=webdriverjs",
2025-06-14T04:18:58.0725891Z         "nodes": []
2025-06-14T04:18:58.0725967Z       },
2025-06-14T04:18:58.0726070Z       {
2025-06-14T04:18:58.0726221Z         "id": "svg-img-alt",
2025-06-14T04:18:58.0726356Z         "impact": null,
2025-06-14T04:18:58.0726431Z         "tags": [
2025-06-14T04:18:58.0726548Z           "cat.text-alternatives",
2025-06-14T04:18:58.0726620Z           "wcag2a",
2025-06-14T04:18:58.0726698Z           "wcag111",
2025-06-14T04:18:58.0726773Z           "section508",
2025-06-14T04:18:58.0726852Z           "section508.22.a",
2025-06-14T04:18:58.0726927Z           "TTv5",
2025-06-14T04:18:58.0726998Z           "TT7.a",
2025-06-14T04:18:58.0727077Z           "EN-301-549",
2025-06-14T04:18:58.0727148Z           "EN-9.1.1.1",
2025-06-14T04:18:58.0727223Z           "ACT"
2025-06-14T04:18:58.0727289Z         ],
2025-06-14T04:18:58.0727671Z         "description": "Ensure <svg> elements with an img, graphics-document or graphics-symbol role have an accessible text",
2025-06-14T04:18:58.0727887Z         "help": "<svg> elements with an img role must have an alternative text",
2025-06-14T04:18:58.0728308Z         "helpUrl": "https://dequeuniversity.com/rules/axe/4.10/svg-img-alt?application=webdriverjs",
2025-06-14T04:18:58.0728391Z         "nodes": []
2025-06-14T04:18:58.0728459Z       },
2025-06-14T04:18:58.0728530Z       {
2025-06-14T04:18:58.0728609Z         "id": "tabindex",
2025-06-14T04:18:58.0728760Z         "impact": null,
2025-06-14T04:18:58.0728885Z         "tags": [
2025-06-14T04:18:58.0728967Z           "cat.keyboard",
2025-06-14T04:18:58.0729056Z           "best-practice"
2025-06-14T04:18:58.0729123Z         ],
2025-06-14T04:18:58.0729352Z         "description": "Ensure tabindex attribute values are not greater than 0",
2025-06-14T04:18:58.0729600Z         "help": "Elements should not have tabindex greater than zero",
2025-06-14T04:18:58.0729956Z         "helpUrl": "https://dequeuniversity.com/rules/axe/4.10/tabindex?application=webdriverjs",
2025-06-14T04:18:58.0730035Z         "nodes": []
2025-06-14T04:18:58.0730106Z       },
2025-06-14T04:18:58.0730177Z       {
2025-06-14T04:18:58.0730289Z         "id": "table-duplicate-name",
2025-06-14T04:18:58.0730438Z         "impact": null,
2025-06-14T04:18:58.0730568Z         "tags": [
2025-06-14T04:18:58.0730653Z           "cat.tables",
2025-06-14T04:18:58.0730733Z           "best-practice"
2025-06-14T04:18:58.0730805Z         ],
2025-06-14T04:18:58.0731121Z         "description": "Ensure the <caption> element does not contain the same text as the summary attribute",
2025-06-14T04:18:58.0731300Z         "help": "Tables should not have the same summary and caption",
2025-06-14T04:18:58.0731639Z         "helpUrl": "https://dequeuniversity.com/rules/axe/4.10/table-duplicate-name?application=webdriverjs",
2025-06-14T04:18:58.0731712Z         "nodes": []
2025-06-14T04:18:58.0731784Z       },
2025-06-14T04:18:58.0731851Z       {
2025-06-14T04:18:58.0731960Z         "id": "td-headers-attr",
2025-06-14T04:18:58.0732041Z         "impact": null,
2025-06-14T04:18:58.0732116Z         "tags": [
2025-06-14T04:18:58.0732191Z           "cat.tables",
2025-06-14T04:18:58.0732263Z           "wcag2a",
2025-06-14T04:18:58.0732343Z           "wcag131",
2025-06-14T04:18:58.0732416Z           "section508",
2025-06-14T04:18:58.0732497Z           "section508.22.g",
2025-06-14T04:18:58.0732568Z           "TTv5",
2025-06-14T04:18:58.0732638Z           "TT14.b",
2025-06-14T04:18:58.0732714Z           "EN-301-549",
2025-06-14T04:18:58.0732786Z           "EN-9.1.3.1"
2025-06-14T04:18:58.0732857Z         ],
2025-06-14T04:18:58.0733238Z         "description": "Ensure that each cell in a table that uses the headers attribute refers only to other cells in that table",
2025-06-14T04:18:58.0733530Z         "help": "Table cells that use the headers attribute must only refer to cells in the same table",
2025-06-14T04:18:58.0733839Z         "helpUrl": "https://dequeuniversity.com/rules/axe/4.10/td-headers-attr?application=webdriverjs",
2025-06-14T04:18:58.0734017Z         "nodes": []
2025-06-14T04:18:58.0734084Z       },
2025-06-14T04:18:58.0734151Z       {
2025-06-14T04:18:58.0734264Z         "id": "th-has-data-cells",
2025-06-14T04:18:58.0734341Z         "impact": null,
2025-06-14T04:18:58.0734422Z         "tags": [
2025-06-14T04:18:58.0734497Z           "cat.tables",
2025-06-14T04:18:58.0734572Z           "wcag2a",
2025-06-14T04:18:58.0734643Z           "wcag131",
2025-06-14T04:18:58.0734716Z           "section508",
2025-06-14T04:18:58.0734799Z           "section508.22.g",
2025-06-14T04:18:58.0734869Z           "TTv5",
2025-06-14T04:18:58.0734943Z           "TT14.b",
2025-06-14T04:18:58.0735015Z           "EN-301-549",
2025-06-14T04:18:58.0735091Z           "EN-9.1.3.1"
2025-06-14T04:18:58.0735157Z         ],
2025-06-14T04:18:58.0735677Z         "description": "Ensure that <th> elements and elements with role=columnheader/rowheader have data cells they describe",
2025-06-14T04:18:58.0735875Z         "help": "Table headers in a data table must refer to data cells",
2025-06-14T04:18:58.0736198Z         "helpUrl": "https://dequeuniversity.com/rules/axe/4.10/th-has-data-cells?application=webdriverjs",
2025-06-14T04:18:58.0736277Z         "nodes": []
2025-06-14T04:18:58.0736469Z       },
2025-06-14T04:18:58.0736544Z       {
2025-06-14T04:18:58.0736625Z         "id": "valid-lang",
2025-06-14T04:18:58.0736705Z         "impact": null,
2025-06-14T04:18:58.0736776Z         "tags": [
2025-06-14T04:18:58.0736857Z           "cat.language",
2025-06-14T04:18:58.0736935Z           "wcag2aa",
2025-06-14T04:18:58.0737007Z           "wcag312",
2025-06-14T04:18:58.0737087Z           "TTv5",
2025-06-14T04:18:58.0737158Z           "TT11.b",
2025-06-14T04:18:58.0737235Z           "EN-301-549",
2025-06-14T04:18:58.0737308Z           "EN-9.3.1.2",
2025-06-14T04:18:58.0737379Z           "ACT"
2025-06-14T04:18:58.0737451Z         ],
2025-06-14T04:18:58.0737629Z         "description": "Ensure lang attributes have valid values",
2025-06-14T04:18:58.0737785Z         "help": "lang attribute must have a valid value",
2025-06-14T04:18:58.0738078Z         "helpUrl": "https://dequeuniversity.com/rules/axe/4.10/valid-lang?application=webdriverjs",
2025-06-14T04:18:58.0738158Z         "nodes": []
2025-06-14T04:18:58.0738231Z       },
2025-06-14T04:18:58.0738298Z       {
2025-06-14T04:18:58.0738405Z         "id": "video-caption",
2025-06-14T04:18:58.0738480Z         "impact": null,
2025-06-14T04:18:58.0738556Z         "tags": [
2025-06-14T04:18:58.0738662Z           "cat.text-alternatives",
2025-06-14T04:18:58.0738738Z           "wcag2a",
2025-06-14T04:18:58.0738809Z           "wcag122",
2025-06-14T04:18:58.0738881Z           "section508",
2025-06-14T04:18:58.0738965Z           "section508.22.a",
2025-06-14T04:18:58.0739035Z           "TTv5",
2025-06-14T04:18:58.0739111Z           "TT17.a",
2025-06-14T04:18:58.0739183Z           "EN-301-549",
2025-06-14T04:18:58.0739261Z           "EN-9.1.2.2"
2025-06-14T04:18:58.0739328Z         ],
2025-06-14T04:18:58.0739501Z         "description": "Ensure <video> elements have captions",
2025-06-14T04:18:58.0739641Z         "help": "<video> elements must have captions",
2025-06-14T04:18:58.0739951Z         "helpUrl": "https://dequeuniversity.com/rules/axe/4.10/video-caption?application=webdriverjs",
2025-06-14T04:18:58.0740029Z         "nodes": []
2025-06-14T04:18:58.0740095Z       },
2025-06-14T04:18:58.0740170Z       {
2025-06-14T04:18:58.0740278Z         "id": "no-autoplay-audio",
2025-06-14T04:18:58.0740361Z         "impact": null,
2025-06-14T04:18:58.0740430Z         "tags": [
2025-06-14T04:18:58.0740533Z           "cat.time-and-media",
2025-06-14T04:18:58.0740610Z           "wcag2a",
2025-06-14T04:18:58.0740681Z           "wcag142",
2025-06-14T04:18:58.0740754Z           "TTv5",
2025-06-14T04:18:58.0740825Z           "TT2.a",
2025-06-14T04:18:58.0740905Z           "EN-301-549",
2025-06-14T04:18:58.0740978Z           "EN-9.1.4.2",
2025-06-14T04:18:58.0741051Z           "ACT"
2025-06-14T04:18:58.0741121Z         ],
2025-06-14T04:18:58.0741714Z         "description": "Ensure <video> or <audio> elements do not autoplay audio for more than 3 seconds without a control mechanism to stop or mute the audio",
2025-06-14T04:18:58.0741915Z         "help": "<video> or <audio> elements must not play automatically",
2025-06-14T04:18:58.0742239Z         "helpUrl": "https://dequeuniversity.com/rules/axe/4.10/no-autoplay-audio?application=webdriverjs",
2025-06-14T04:18:58.0742316Z         "nodes": []
2025-06-14T04:18:58.0742384Z       }
2025-06-14T04:18:58.0742455Z     ],
2025-06-14T04:18:58.0742530Z     "passes": [
2025-06-14T04:18:58.0742596Z       {
2025-06-14T04:18:58.0742705Z         "id": "aria-hidden-body",
2025-06-14T04:18:58.0742781Z         "impact": null,
2025-06-14T04:18:58.0742855Z         "tags": [
2025-06-14T04:18:58.0742929Z           "cat.aria",
2025-06-14T04:18:58.0742999Z           "wcag2a",
2025-06-14T04:18:58.0743075Z           "wcag131",
2025-06-14T04:18:58.0743145Z           "wcag412",
2025-06-14T04:18:58.0743223Z           "EN-301-549",
2025-06-14T04:18:58.0743301Z           "EN-9.1.3.1",
2025-06-14T04:18:58.0743378Z           "EN-9.4.1.2"
2025-06-14T04:18:58.0743445Z         ],
2025-06-14T04:18:58.0743779Z         "description": "Ensure aria-hidden=\"true\" is not present on the document body.",
2025-06-14T04:18:58.0743989Z         "help": "aria-hidden=\"true\" must not be present on the document body",
2025-06-14T04:18:58.0744306Z         "helpUrl": "https://dequeuniversity.com/rules/axe/4.10/aria-hidden-body?application=webdriverjs",
2025-06-14T04:18:58.0744384Z         "nodes": [
2025-06-14T04:18:58.0744452Z           {
2025-06-14T04:18:58.0744529Z             "any": [
2025-06-14T04:18:58.0744602Z               {
2025-06-14T04:18:58.0744725Z                 "id": "aria-hidden-body",
2025-06-14T04:18:58.0744806Z                 "data": null,
2025-06-14T04:18:58.0744912Z                 "relatedNodes": [],
2025-06-14T04:18:58.0745025Z                 "impact": "critical",
2025-06-14T04:18:58.0745225Z                 "message": "No aria-hidden attribute is present on document body"
2025-06-14T04:18:58.0745309Z               }
2025-06-14T04:18:58.0745477Z             ],
2025-06-14T04:18:58.0745561Z             "all": [],
2025-06-14T04:18:58.0745635Z             "none": [],
2025-06-14T04:18:58.0745718Z             "impact": null,
2025-06-14T04:18:58.0746256Z             "html": "<body>\n    <div id=\"root\"><div class=\"loading-container\"><div class=\"spinner\"></div><p>Loading NCAA D1 College Softball data...</p></div></div>\n  \n\n</body>",
2025-06-14T04:18:58.0746332Z             "target": [
2025-06-14T04:18:58.0746409Z               "body"
2025-06-14T04:18:58.0746477Z             ]
2025-06-14T04:18:58.0746550Z           }
2025-06-14T04:18:58.0746618Z         ]
2025-06-14T04:18:58.0746690Z       },
2025-06-14T04:18:58.0746759Z       {
2025-06-14T04:18:58.0746862Z         "id": "document-title",
2025-06-14T04:18:58.0746944Z         "impact": null,
2025-06-14T04:18:58.0747015Z         "tags": [
2025-06-14T04:18:58.0747127Z           "cat.text-alternatives",
2025-06-14T04:18:58.0747202Z           "wcag2a",
2025-06-14T04:18:58.0747278Z           "wcag242",
2025-06-14T04:18:58.0747349Z           "TTv5",
2025-06-14T04:18:58.0747418Z           "TT12.a",
2025-06-14T04:18:58.0747501Z           "EN-301-549",
2025-06-14T04:18:58.0747574Z           "EN-9.2.4.2",
2025-06-14T04:18:58.0747647Z           "ACT"
2025-06-14T04:18:58.0747714Z         ],
2025-06-14T04:18:58.0747967Z         "description": "Ensure each HTML document contains a non-empty <title> element",
2025-06-14T04:18:58.0748166Z         "help": "Documents must have <title> element to aid in navigation",
2025-06-14T04:18:58.0748480Z         "helpUrl": "https://dequeuniversity.com/rules/axe/4.10/document-title?application=webdriverjs",
2025-06-14T04:18:58.0748558Z         "nodes": [
2025-06-14T04:18:58.0748625Z           {
2025-06-14T04:18:58.0748706Z             "any": [
2025-06-14T04:18:58.0748775Z               {
2025-06-14T04:18:58.0748887Z                 "id": "doc-has-title",
2025-06-14T04:18:58.0749084Z                 "data": null,
2025-06-14T04:18:58.0749187Z                 "relatedNodes": [],
2025-06-14T04:18:58.0749293Z                 "impact": "serious",
2025-06-14T04:18:58.0749460Z                 "message": "Document has a non-empty <title> element"
2025-06-14T04:18:58.0749535Z               }
2025-06-14T04:18:58.0749603Z             ],
2025-06-14T04:18:58.0749680Z             "all": [],
2025-06-14T04:18:58.0749752Z             "none": [],
2025-06-14T04:18:58.0749836Z             "impact": null,
2025-06-14T04:18:58.0749945Z             "html": "<html lang=\"en\">",
2025-06-14T04:18:58.0750019Z             "target": [
2025-06-14T04:18:58.0750095Z               "html"
2025-06-14T04:18:58.0750163Z             ]
2025-06-14T04:18:58.0750234Z           }
2025-06-14T04:18:58.0750301Z         ]
2025-06-14T04:18:58.0750369Z       },
2025-06-14T04:18:58.0750441Z       {
2025-06-14T04:18:58.0750540Z         "id": "html-has-lang",
2025-06-14T04:18:58.0750622Z         "impact": null,
2025-06-14T04:18:58.0750698Z         "tags": [
2025-06-14T04:18:58.0750781Z           "cat.language",
2025-06-14T04:18:58.0750852Z           "wcag2a",
2025-06-14T04:18:58.0750924Z           "wcag311",
2025-06-14T04:18:58.0750998Z           "TTv5",
2025-06-14T04:18:58.0751176Z           "TT11.a",
2025-06-14T04:18:58.0751258Z           "EN-301-549",
2025-06-14T04:18:58.0751330Z           "EN-9.3.1.1",
2025-06-14T04:18:58.0751404Z           "ACT"
2025-06-14T04:18:58.0751471Z         ],
2025-06-14T04:18:58.0751669Z         "description": "Ensure every HTML document has a lang attribute",
2025-06-14T04:18:58.0751823Z         "help": "<html> element must have a lang attribute",
2025-06-14T04:18:58.0752129Z         "helpUrl": "https://dequeuniversity.com/rules/axe/4.10/html-has-lang?application=webdriverjs",
2025-06-14T04:18:58.0752207Z         "nodes": [
2025-06-14T04:18:58.0752274Z           {
2025-06-14T04:18:58.0752349Z             "any": [
2025-06-14T04:18:58.0752418Z               {
2025-06-14T04:18:58.0752523Z                 "id": "has-lang",
2025-06-14T04:18:58.0752605Z                 "data": null,
2025-06-14T04:18:58.0752707Z                 "relatedNodes": [],
2025-06-14T04:18:58.0752813Z                 "impact": "serious",
2025-06-14T04:18:58.0752977Z                 "message": "The <html> element has a lang attribute"
2025-06-14T04:18:58.0753051Z               }
2025-06-14T04:18:58.0753120Z             ],
2025-06-14T04:18:58.0753198Z             "all": [],
2025-06-14T04:18:58.0753271Z             "none": [],
2025-06-14T04:18:58.0753350Z             "impact": null,
2025-06-14T04:18:58.0753464Z             "html": "<html lang=\"en\">",
2025-06-14T04:18:58.0753538Z             "target": [
2025-06-14T04:18:58.0753614Z               "html"
2025-06-14T04:18:58.0753681Z             ]
2025-06-14T04:18:58.0753752Z           }
2025-06-14T04:18:58.0753818Z         ]
2025-06-14T04:18:58.0753885Z       },
2025-06-14T04:18:58.0753957Z       {
2025-06-14T04:18:58.0754059Z         "id": "html-lang-valid",
2025-06-14T04:18:58.0754145Z         "impact": null,
2025-06-14T04:18:58.0754215Z         "tags": [
2025-06-14T04:18:58.0754292Z           "cat.language",
2025-06-14T04:18:58.0754368Z           "wcag2a",
2025-06-14T04:18:58.0754439Z           "wcag311",
2025-06-14T04:18:58.0754519Z           "TTv5",
2025-06-14T04:18:58.0754589Z           "TT11.a",
2025-06-14T04:18:58.0754666Z           "EN-301-549",
2025-06-14T04:18:58.0754738Z           "EN-9.3.1.1",
2025-06-14T04:18:58.0754807Z           "ACT"
2025-06-14T04:18:58.0754880Z         ],
2025-06-14T04:18:58.0755131Z         "description": "Ensure the lang attribute of the <html> element has a valid value",
2025-06-14T04:18:58.0755434Z         "help": "<html> element must have a valid value for the lang attribute",
2025-06-14T04:18:58.0755750Z         "helpUrl": "https://dequeuniversity.com/rules/axe/4.10/html-lang-valid?application=webdriverjs",
2025-06-14T04:18:58.0755830Z         "nodes": [
2025-06-14T04:18:58.0755898Z           {
2025-06-14T04:18:58.0755976Z             "any": [],
2025-06-14T04:18:58.0756166Z             "all": [],
2025-06-14T04:18:58.0756238Z             "none": [
2025-06-14T04:18:58.0756313Z               {
2025-06-14T04:18:58.0756415Z                 "id": "valid-lang",
2025-06-14T04:18:58.0756501Z                 "data": null,
2025-06-14T04:18:58.0756601Z                 "relatedNodes": [],
2025-06-14T04:18:58.0756709Z                 "impact": "serious",
2025-06-14T04:18:58.0756947Z                 "message": "Value of lang attribute is included in the list of valid languages"
2025-06-14T04:18:58.0757016Z               }
2025-06-14T04:18:58.0757089Z             ],
2025-06-14T04:18:58.0757168Z             "impact": null,
2025-06-14T04:18:58.0757279Z             "html": "<html lang=\"en\">",
2025-06-14T04:18:58.0757352Z             "target": [
2025-06-14T04:18:58.0757429Z               "html"
2025-06-14T04:18:58.0757497Z             ]
2025-06-14T04:18:58.0757563Z           }
2025-06-14T04:18:58.0757635Z         ]
2025-06-14T04:18:58.0757702Z       },
2025-06-14T04:18:58.0757778Z       {
2025-06-14T04:18:58.0757885Z         "id": "meta-viewport-large",
2025-06-14T04:18:58.0757966Z         "impact": null,
2025-06-14T04:18:58.0758038Z         "tags": [
2025-06-14T04:18:58.0758260Z           "cat.sensory-and-visual-cues",
2025-06-14T04:18:58.0758348Z           "best-practice"
2025-06-14T04:18:58.0758414Z         ],
2025-06-14T04:18:58.0758657Z         "description": "Ensure <meta name=\"viewport\"> can scale a significant amount",
2025-06-14T04:18:58.0758857Z         "help": "Users should be able to zoom and scale the text up to 500%",
2025-06-14T04:18:58.0759194Z         "helpUrl": "https://dequeuniversity.com/rules/axe/4.10/meta-viewport-large?application=webdriverjs",
2025-06-14T04:18:58.0759268Z         "nodes": [
2025-06-14T04:18:58.0759339Z           {
2025-06-14T04:18:58.0759409Z             "any": [
2025-06-14T04:18:58.0759477Z               {
2025-06-14T04:18:58.0759601Z                 "id": "meta-viewport-large",
2025-06-14T04:18:58.0759678Z                 "data": null,
2025-06-14T04:18:58.0759788Z                 "relatedNodes": [],
2025-06-14T04:18:58.0759890Z                 "impact": "minor",
2025-06-14T04:18:58.0760131Z                 "message": "<meta> tag does not prevent significant zooming on mobile devices"
2025-06-14T04:18:58.0760200Z               }
2025-06-14T04:18:58.0760269Z             ],
2025-06-14T04:18:58.0760365Z             "all": [],
2025-06-14T04:18:58.0760438Z             "none": [],
2025-06-14T04:18:58.0760521Z             "impact": null,
2025-06-14T04:18:58.0760766Z             "html": "<meta name=\"viewport\" content=\"width=device-width, initial-scale=1.0\">",
2025-06-14T04:18:58.0760845Z             "target": [
2025-06-14T04:18:58.0760955Z               "meta[name=\"viewport\"]"
2025-06-14T04:18:58.0761024Z             ]
2025-06-14T04:18:58.0761096Z           }
2025-06-14T04:18:58.0761162Z         ]
2025-06-14T04:18:58.0761234Z       },
2025-06-14T04:18:58.0761300Z       {
2025-06-14T04:18:58.0761406Z         "id": "meta-viewport",
2025-06-14T04:18:58.0761485Z         "impact": null,
2025-06-14T04:18:58.0761556Z         "tags": [
2025-06-14T04:18:58.0761681Z           "cat.sensory-and-visual-cues",
2025-06-14T04:18:58.0761754Z           "wcag2aa",
2025-06-14T04:18:58.0761835Z           "wcag144",
2025-06-14T04:18:58.0761909Z           "EN-301-549",
2025-06-14T04:18:58.0761986Z           "EN-9.1.4.4",
2025-06-14T04:18:58.0762056Z           "ACT"
2025-06-14T04:18:58.0762123Z         ],
2025-06-14T04:18:58.0762397Z         "description": "Ensure <meta name=\"viewport\"> does not disable text scaling and zooming",
2025-06-14T04:18:58.0762548Z         "help": "Zooming and scaling must not be disabled",
2025-06-14T04:18:58.0762858Z         "helpUrl": "https://dequeuniversity.com/rules/axe/4.10/meta-viewport?application=webdriverjs",
2025-06-14T04:18:58.0762931Z         "nodes": [
2025-06-14T04:18:58.0763003Z           {
2025-06-14T04:18:58.0763074Z             "any": [
2025-06-14T04:18:58.0763150Z               {
2025-06-14T04:18:58.0763345Z                 "id": "meta-viewport",
2025-06-14T04:18:58.0763425Z                 "data": null,
2025-06-14T04:18:58.0763532Z                 "relatedNodes": [],
2025-06-14T04:18:58.0763636Z                 "impact": "critical",
2025-06-14T04:18:58.0763846Z                 "message": "<meta> tag does not disable zooming on mobile devices"
2025-06-14T04:18:58.0763915Z               }
2025-06-14T04:18:58.0763990Z             ],
2025-06-14T04:18:58.0764062Z             "all": [],
2025-06-14T04:18:58.0764135Z             "none": [],
2025-06-14T04:18:58.0764219Z             "impact": null,
2025-06-14T04:18:58.0764465Z             "html": "<meta name=\"viewport\" content=\"width=device-width, initial-scale=1.0\">",
2025-06-14T04:18:58.0764544Z             "target": [
2025-06-14T04:18:58.0764652Z               "meta[name=\"viewport\"]"
2025-06-14T04:18:58.0764726Z             ]
2025-06-14T04:18:58.0764792Z           }
2025-06-14T04:18:58.0764858Z         ]
2025-06-14T04:18:58.0764930Z       },
2025-06-14T04:18:58.0765001Z       {
2025-06-14T04:18:58.0765081Z         "id": "region",
2025-06-14T04:18:58.0765166Z         "impact": "moderate",
2025-06-14T04:18:58.0765241Z         "tags": [
2025-06-14T04:18:58.0765319Z           "cat.keyboard",
2025-06-14T04:18:58.0765607Z           "best-practice"
2025-06-14T04:18:58.0765684Z         ],
2025-06-14T04:18:58.0765891Z         "description": "Ensure all page content is contained by landmarks",
2025-06-14T04:18:58.0766067Z         "help": "All page content should be contained by landmarks",
2025-06-14T04:18:58.0766341Z         "helpUrl": "https://dequeuniversity.com/rules/axe/4.10/region?application=webdriverjs",
2025-06-14T04:18:58.0766419Z         "nodes": [
2025-06-14T04:18:58.0766488Z           {
2025-06-14T04:18:58.0766564Z             "any": [
2025-06-14T04:18:58.0766633Z               {
2025-06-14T04:18:58.0766727Z                 "id": "region",
2025-06-14T04:18:58.0766806Z                 "data": {
2025-06-14T04:18:58.0766906Z                   "isIframe": false
2025-06-14T04:18:58.0766988Z                 },
2025-06-14T04:18:58.0767086Z                 "relatedNodes": [],
2025-06-14T04:18:58.0767195Z                 "impact": "moderate",
2025-06-14T04:18:58.0767369Z                 "message": "All page content is contained by landmarks"
2025-06-14T04:18:58.0767440Z               }
2025-06-14T04:18:58.0767515Z             ],
2025-06-14T04:18:58.0767591Z             "all": [],
2025-06-14T04:18:58.0767669Z             "none": [],
2025-06-14T04:18:58.0767748Z             "impact": null,
2025-06-14T04:18:58.0768130Z             "html": "<div class=\"loading-container\"><div class=\"spinner\"></div><p>Loading NCAA D1 College Softball data...</p></div>",
2025-06-14T04:18:58.0768208Z             "target": [
2025-06-14T04:18:58.0768312Z               ".loading-container"
2025-06-14T04:18:58.0768385Z             ]
2025-06-14T04:18:58.0768455Z           },
2025-06-14T04:18:58.0768527Z           {
2025-06-14T04:18:58.0768603Z             "any": [
2025-06-14T04:18:58.0768678Z               {
2025-06-14T04:18:58.0768775Z                 "id": "region",
2025-06-14T04:18:58.0768849Z                 "data": {
2025-06-14T04:18:58.0768954Z                   "isIframe": false
2025-06-14T04:18:58.0769025Z                 },
2025-06-14T04:18:58.0769134Z                 "relatedNodes": [],
2025-06-14T04:18:58.0769235Z                 "impact": "moderate",
2025-06-14T04:18:58.0769411Z                 "message": "All page content is contained by landmarks"
2025-06-14T04:18:58.0769480Z               }
2025-06-14T04:18:58.0769550Z             ],
2025-06-14T04:18:58.0769629Z             "all": [],
2025-06-14T04:18:58.0769703Z             "none": [],
2025-06-14T04:18:58.0769784Z             "impact": null,
2025-06-14T04:18:58.0769913Z             "html": "<div class=\"spinner\"></div>",
2025-06-14T04:18:58.0769992Z             "target": [
2025-06-14T04:18:58.0770068Z               ".spinner"
2025-06-14T04:18:58.0770135Z             ]
2025-06-14T04:18:58.0770209Z           },
2025-06-14T04:18:58.0770426Z           {
2025-06-14T04:18:58.0770504Z             "any": [
2025-06-14T04:18:58.0770573Z               {
2025-06-14T04:18:58.0770667Z                 "id": "region",
2025-06-14T04:18:58.0770740Z                 "data": {
2025-06-14T04:18:58.0770841Z                   "isIframe": false
2025-06-14T04:18:58.0770918Z                 },
2025-06-14T04:18:58.0771017Z                 "relatedNodes": [],
2025-06-14T04:18:58.0771123Z                 "impact": "moderate",
2025-06-14T04:18:58.0771287Z                 "message": "All page content is contained by landmarks"
2025-06-14T04:18:58.0771360Z               }
2025-06-14T04:18:58.0771428Z             ],
2025-06-14T04:18:58.0771504Z             "all": [],
2025-06-14T04:18:58.0771583Z             "none": [],
2025-06-14T04:18:58.0771661Z             "impact": null,
2025-06-14T04:18:58.0771836Z             "html": "<p>Loading NCAA D1 College Softball data...</p>",
2025-06-14T04:18:58.0771909Z             "target": [
2025-06-14T04:18:58.0771989Z               "p"
2025-06-14T04:18:58.0772062Z             ]
2025-06-14T04:18:58.0772130Z           }
2025-06-14T04:18:58.0772201Z         ]
2025-06-14T04:18:58.0772269Z       }
2025-06-14T04:18:58.0772340Z     ],
2025-06-14T04:18:58.0772418Z     "incomplete": [
2025-06-14T04:18:58.0772570Z       {
2025-06-14T04:18:58.0772673Z         "id": "color-contrast",
2025-06-14T04:18:58.0772757Z         "impact": "serious",
2025-06-14T04:18:58.0772834Z         "tags": [
2025-06-14T04:18:58.0772909Z           "cat.color",
2025-06-14T04:18:58.0772987Z           "wcag2aa",
2025-06-14T04:18:58.0773058Z           "wcag143",
2025-06-14T04:18:58.0773132Z           "TTv5",
2025-06-14T04:18:58.0773205Z           "TT13.c",
2025-06-14T04:18:58.0773278Z           "EN-301-549",
2025-06-14T04:18:58.0773357Z           "EN-9.1.4.3",
2025-06-14T04:18:58.0773426Z           "ACT"
2025-06-14T04:18:58.0773498Z         ],
2025-06-14T04:18:58.0773922Z         "description": "Ensure the contrast between foreground and background colors meets WCAG 2 AA minimum contrast ratio thresholds",
2025-06-14T04:18:58.0774134Z         "help": "Elements must meet minimum color contrast ratio thresholds",
2025-06-14T04:18:58.0774460Z         "helpUrl": "https://dequeuniversity.com/rules/axe/4.10/color-contrast?application=webdriverjs",
2025-06-14T04:18:58.0774537Z         "nodes": [
2025-06-14T04:18:58.0774605Z           {
2025-06-14T04:18:58.0774676Z             "any": [
2025-06-14T04:18:58.0774750Z               {
2025-06-14T04:18:58.0774858Z                 "id": "color-contrast",
2025-06-14T04:18:58.0774938Z                 "data": {
2025-06-14T04:18:58.0775044Z                   "contrastRatio": 0,
2025-06-14T04:18:58.0775168Z                   "fontSize": "14.4pt (19.2px)",
2025-06-14T04:18:58.0775279Z                   "fontWeight": "normal",
2025-06-14T04:18:58.0775495Z                   "messageKey": "bgGradient",
2025-06-14T04:18:58.0775631Z                   "expectedContrastRatio": "4.5:1"
2025-06-14T04:18:58.0775703Z                 },
2025-06-14T04:18:58.0775814Z                 "relatedNodes": [
2025-06-14T04:18:58.0775888Z                   {
2025-06-14T04:18:58.0776402Z                     "html": "<body>\n    <div id=\"root\"><div class=\"loading-container\"><div class=\"spinner\"></div><p>Loading NCAA D1 College Softball data...</p></div></div>\n  \n\n</body>",
2025-06-14T04:18:58.0776498Z                     "target": [
2025-06-14T04:18:58.0776580Z                       "body"
2025-06-14T04:18:58.0776652Z                     ]
2025-06-14T04:18:58.0776722Z                   }
2025-06-14T04:18:58.0776797Z                 ],
2025-06-14T04:18:58.0776899Z                 "impact": "serious",
2025-06-14T04:18:58.0777196Z                 "message": "Element's background color could not be determined due to a background gradient"
2025-06-14T04:18:58.0777269Z               }
2025-06-14T04:18:58.0777345Z             ],
2025-06-14T04:18:58.0777419Z             "all": [],
2025-06-14T04:18:58.0777492Z             "none": [],
2025-06-14T04:18:58.0777599Z             "impact": "serious",
2025-06-14T04:18:58.0777899Z             "html": "<p>Loading NCAA D1 College Softball data...</p>",
2025-06-14T04:18:58.0777982Z             "target": [
2025-06-14T04:18:58.0778056Z               "p"
2025-06-14T04:18:58.0778133Z             ],
2025-06-14T04:18:58.0778539Z             "failureSummary": "Fix any of the following:\n  Element's background color could not be determined due to a background gradient"
2025-06-14T04:18:58.0778613Z           }
2025-06-14T04:18:58.0778680Z         ]
2025-06-14T04:18:58.0778747Z       }
2025-06-14T04:18:58.0778818Z     ],
2025-06-14T04:18:58.0778895Z     "violations": [
2025-06-14T04:18:58.0778965Z       {
2025-06-14T04:18:58.0779072Z         "id": "landmark-one-main",
2025-06-14T04:18:58.0779154Z         "impact": "moderate",
2025-06-14T04:18:58.0779229Z         "tags": [
2025-06-14T04:18:58.0779309Z           "cat.semantics",
2025-06-14T04:18:58.0779394Z           "best-practice"
2025-06-14T04:18:58.0779461Z         ],
2025-06-14T04:18:58.0787864Z         "description": "Ensure the document has a main landmark",
2025-06-14T04:18:58.0788096Z         "help": "Document should have one main landmark",
2025-06-14T04:18:58.0788631Z         "helpUrl": "https://dequeuniversity.com/rules/axe/4.10/landmark-one-main?application=webdriverjs",
2025-06-14T04:18:58.0788723Z         "nodes": [
2025-06-14T04:18:58.0788795Z           {
2025-06-14T04:18:58.0788880Z             "any": [],
2025-06-14T04:18:58.0788953Z             "all": [
2025-06-14T04:18:58.0789029Z               {
2025-06-14T04:18:58.0789150Z                 "id": "page-has-main",
2025-06-14T04:18:58.0789238Z                 "data": null,
2025-06-14T04:18:58.0789347Z                 "relatedNodes": [],
2025-06-14T04:18:58.0789455Z                 "impact": "moderate",
2025-06-14T04:18:58.0789629Z                 "message": "Document does not have a main landmark"
2025-06-14T04:18:58.0789701Z               }
2025-06-14T04:18:58.0789776Z             ],
2025-06-14T04:18:58.0789852Z             "none": [],
2025-06-14T04:18:58.0789966Z             "impact": "moderate",
2025-06-14T04:18:58.0790077Z             "html": "<html lang=\"en\">",
2025-06-14T04:18:58.0790151Z             "target": [
2025-06-14T04:18:58.0790230Z               "html"
2025-06-14T04:18:58.0790307Z             ],
2025-06-14T04:18:58.0790581Z             "failureSummary": "Fix all of the following:\n  Document does not have a main landmark"
2025-06-14T04:18:58.0790651Z           }
2025-06-14T04:18:58.0790724Z         ]
2025-06-14T04:18:58.0790792Z       },
2025-06-14T04:18:58.0790859Z       {
2025-06-14T04:18:58.0790984Z         "id": "page-has-heading-one",
2025-06-14T04:18:58.0791069Z         "impact": "moderate",
2025-06-14T04:18:58.0791148Z         "tags": [
2025-06-14T04:18:58.0791229Z           "cat.semantics",
2025-06-14T04:18:58.0791316Z           "best-practice"
2025-06-14T04:18:58.0791385Z         ],
2025-06-14T04:18:58.0791727Z         "description": "Ensure that the page, or at least one of its frames contains a level-one heading",
2025-06-14T04:18:58.0791898Z         "help": "Page should contain a level-one heading",
2025-06-14T04:18:58.0792260Z         "helpUrl": "https://dequeuniversity.com/rules/axe/4.10/page-has-heading-one?application=webdriverjs",
2025-06-14T04:18:58.0792344Z         "nodes": [
2025-06-14T04:18:58.0792414Z           {
2025-06-14T04:18:58.0792496Z             "any": [],
2025-06-14T04:18:58.0792569Z             "all": [
2025-06-14T04:18:58.0792643Z               {
2025-06-14T04:18:58.0792774Z                 "id": "page-has-heading-one",
2025-06-14T04:18:58.0792854Z                 "data": null,
2025-06-14T04:18:58.0792966Z                 "relatedNodes": [],
2025-06-14T04:18:58.0793074Z                 "impact": "moderate",
2025-06-14T04:18:58.0793242Z                 "message": "Page must have a level-one heading"
2025-06-14T04:18:58.0793312Z               }
2025-06-14T04:18:58.0793388Z             ],
2025-06-14T04:18:58.0793463Z             "none": [],
2025-06-14T04:18:58.0793565Z             "impact": "moderate",
2025-06-14T04:18:58.0793806Z             "html": "<html lang=\"en\">",
2025-06-14T04:18:58.0793881Z             "target": [
2025-06-14T04:18:58.0793960Z               "html"
2025-06-14T04:18:58.0794029Z             ],
2025-06-14T04:18:58.0794302Z             "failureSummary": "Fix all of the following:\n  Page must have a level-one heading"
2025-06-14T04:18:58.0794372Z           }
2025-06-14T04:18:58.0794445Z         ]
2025-06-14T04:18:58.0794513Z       },
2025-06-14T04:18:58.0794582Z       {
2025-06-14T04:18:58.0794665Z         "id": "region",
2025-06-14T04:18:58.0794748Z         "impact": "moderate",
2025-06-14T04:18:58.0794824Z         "tags": [
2025-06-14T04:18:58.0794905Z           "cat.keyboard",
2025-06-14T04:18:58.0794985Z           "best-practice"
2025-06-14T04:18:58.0795058Z         ],
2025-06-14T04:18:58.0795270Z         "description": "Ensure all page content is contained by landmarks",
2025-06-14T04:18:58.0795563Z         "help": "All page content should be contained by landmarks",
2025-06-14T04:18:58.0795856Z         "helpUrl": "https://dequeuniversity.com/rules/axe/4.10/region?application=webdriverjs",
2025-06-14T04:18:58.0795936Z         "nodes": [
2025-06-14T04:18:58.0796003Z           {
2025-06-14T04:18:58.0796079Z             "any": [
2025-06-14T04:18:58.0796259Z               {
2025-06-14T04:18:58.0796362Z                 "id": "region",
2025-06-14T04:18:58.0796441Z                 "data": {
2025-06-14T04:18:58.0796544Z                   "isIframe": false
2025-06-14T04:18:58.0796619Z                 },
2025-06-14T04:18:58.0796717Z                 "relatedNodes": [],
2025-06-14T04:18:58.0796823Z                 "impact": "moderate",
2025-06-14T04:18:58.0797007Z                 "message": "Some page content is not contained by landmarks"
2025-06-14T04:18:58.0797076Z               }
2025-06-14T04:18:58.0797150Z             ],
2025-06-14T04:18:58.0797223Z             "all": [],
2025-06-14T04:18:58.0797304Z             "none": [],
2025-06-14T04:18:58.0797402Z             "impact": "moderate",
2025-06-14T04:18:58.0797853Z             "html": "<div id=\"root\"><div class=\"loading-container\"><div class=\"spinner\"></div><p>Loading NCAA D1 College Softball data...</p></div></div>",
2025-06-14T04:18:58.0797927Z             "target": [
2025-06-14T04:18:58.0798009Z               "#root"
2025-06-14T04:18:58.0798078Z             ],
2025-06-14T04:18:58.0798370Z             "failureSummary": "Fix any of the following:\n  Some page content is not contained by landmarks"
2025-06-14T04:18:58.0798443Z           }
2025-06-14T04:18:58.0798512Z         ]
2025-06-14T04:18:58.0798584Z       }
2025-06-14T04:18:58.0798650Z     ]
2025-06-14T04:18:58.0798722Z   }
2025-06-14T04:18:58.0798814Z ]
2025-06-14T04:18:58.0822740Z ##[group]Run echo "Running Pa11y scan..."
2025-06-14T04:18:58.0822884Z [36;1mecho "Running Pa11y scan..."[0m
2025-06-14T04:18:58.0823040Z [36;1mTARGET_URL="https://ncaa-d1-softball.netlify.app/"[0m
2025-06-14T04:18:58.0823110Z [36;1m[0m
2025-06-14T04:18:58.0823209Z [36;1m# Run pa11y with multiple reporters[0m
2025-06-14T04:18:58.0823473Z [36;1mpa11y --config pa11y.json --reporter json --reporter html --reporter csv "$TARGET_URL" \[0m
2025-06-14T04:18:58.0823600Z [36;1m  > accessibility-reports/pa11y-report.json \[0m
2025-06-14T04:18:58.0823845Z [36;1m  2> accessibility-reports/pa11y-report.html || echo "Pa11y scan completed with issues"[0m
2025-06-14T04:18:58.0823912Z [36;1m[0m
2025-06-14T04:18:58.0824009Z [36;1m# Ensure valid JSON even if pa11y fails[0m
2025-06-14T04:18:58.0824316Z [36;1mif [ ! -f "accessibility-reports/pa11y-report.json" ] || [ ! -s "accessibility-reports/pa11y-report.json" ]; then[0m
2025-06-14T04:18:58.0824484Z [36;1m  echo "[]" > accessibility-reports/pa11y-report.json[0m
2025-06-14T04:18:58.0824549Z [36;1mfi[0m
2025-06-14T04:18:58.0874553Z shell: /usr/bin/bash -e {0}
2025-06-14T04:18:58.0874622Z env:
2025-06-14T04:18:58.0874798Z   ACCESSIBILITY_CONFIG_PATH: .github/accessibility-config.yml
2025-06-14T04:18:58.0874959Z   DEFAULT_TARGET_URL: https://ncaa-d1-softball.netlify.app/
2025-06-14T04:18:58.0875192Z   NODE_VERSION: 20
2025-06-14T04:18:58.0875287Z   REPORT_DIR: accessibility-reports
2025-06-14T04:18:58.0875470Z ##[endgroup]
2025-06-14T04:18:58.0942974Z Running Pa11y scan...
2025-06-14T04:19:02.7861218Z ##[group]Run echo "Running Lighthouse accessibility audit..."
2025-06-14T04:19:02.7861664Z [36;1mecho "Running Lighthouse accessibility audit..."[0m
2025-06-14T04:19:02.7862031Z [36;1mTARGET_URL="https://ncaa-d1-softball.netlify.app/"[0m
2025-06-14T04:19:02.7862330Z [36;1m[0m
2025-06-14T04:19:02.7862592Z [36;1m# Run lighthouse for desktop with proper emulation settings[0m
2025-06-14T04:19:02.7862919Z [36;1mlighthouse "$TARGET_URL" \[0m
2025-06-14T04:19:02.7863181Z [36;1m  --only-categories=accessibility \[0m
2025-06-14T04:19:02.7863441Z [36;1m  --output=json \[0m
2025-06-14T04:19:02.7863812Z [36;1m  --output-path=accessibility-reports/lighthouse-accessibility-desktop.json \[0m
2025-06-14T04:19:02.7864304Z [36;1m  --chrome-flags="--headless --no-sandbox --disable-dev-shm-usage" \[0m
2025-06-14T04:19:02.7864676Z [36;1m  --form-factor=desktop \[0m
2025-06-14T04:19:02.7864937Z [36;1m  --screenEmulation.disabled=true \[0m
2025-06-14T04:19:02.7865804Z [36;1m  --screenEmulation.mobile=false || echo "Lighthouse desktop scan completed with issues"[0m
2025-06-14T04:19:02.7866239Z [36;1m[0m
2025-06-14T04:19:02.7866485Z [36;1m# Run lighthouse for mobile with explicit mobile emulation[0m
2025-06-14T04:19:02.7866804Z [36;1mlighthouse "$TARGET_URL" \[0m
2025-06-14T04:19:02.7867057Z [36;1m  --only-categories=accessibility \[0m
2025-06-14T04:19:02.7867309Z [36;1m  --output=json \[0m
2025-06-14T04:19:02.7867669Z [36;1m  --output-path=accessibility-reports/lighthouse-accessibility-mobile.json \[0m
2025-06-14T04:19:02.7868164Z [36;1m  --chrome-flags="--headless --no-sandbox --disable-dev-shm-usage" \[0m
2025-06-14T04:19:02.7868513Z [36;1m  --form-factor=mobile \[0m
2025-06-14T04:19:02.7868895Z [36;1m  --screenEmulation.mobile=true || echo "Lighthouse mobile scan completed with issues"[0m
2025-06-14T04:19:02.7919636Z shell: /usr/bin/bash -e {0}
2025-06-14T04:19:02.7919855Z env:
2025-06-14T04:19:02.7920111Z   ACCESSIBILITY_CONFIG_PATH: .github/accessibility-config.yml
2025-06-14T04:19:02.7920502Z   DEFAULT_TARGET_URL: https://ncaa-d1-softball.netlify.app/
2025-06-14T04:19:02.7920793Z   NODE_VERSION: 20
2025-06-14T04:19:02.7920991Z   REPORT_DIR: accessibility-reports
2025-06-14T04:19:02.7921216Z ##[endgroup]
2025-06-14T04:19:02.7991833Z Running Lighthouse accessibility audit...
2025-06-14T04:19:03.5788422Z Sat, 14 Jun 2025 04:19:03 GMT LH:ChromeLauncher Waiting for browser.
2025-06-14T04:19:03.5790457Z Sat, 14 Jun 2025 04:19:03 GMT LH:ChromeLauncher Waiting for browser...
2025-06-14T04:19:04.0836571Z Sat, 14 Jun 2025 04:19:04 GMT LH:ChromeLauncher Waiting for browser.....
2025-06-14T04:19:04.0851277Z Sat, 14 Jun 2025 04:19:04 GMT LH:ChromeLauncher Waiting for browser.....[32mâœ“[0m
2025-06-14T04:19:04.6595201Z Sat, 14 Jun 2025 04:19:04 GMT LH:status Connecting to browser
2025-06-14T04:19:04.6668455Z Sat, 14 Jun 2025 04:19:04 GMT LH:status Navigating to about:blank
2025-06-14T04:19:04.6749794Z Sat, 14 Jun 2025 04:19:04 GMT LH:status Benchmarking machine
2025-06-14T04:19:05.6815873Z Sat, 14 Jun 2025 04:19:05 GMT LH:status Preparing target for navigation mode
2025-06-14T04:19:05.7483496Z Sat, 14 Jun 2025 04:19:05 GMT LH:status Cleaning origin data
2025-06-14T04:19:05.7657046Z Sat, 14 Jun 2025 04:19:05 GMT LH:status Cleaning browser cache
2025-06-14T04:19:05.8009809Z Sat, 14 Jun 2025 04:19:05 GMT LH:status Preparing network conditions
2025-06-14T04:19:05.8245298Z Sat, 14 Jun 2025 04:19:05 GMT LH:status Navigating to https://ncaa-d1-softball.netlify.app/
2025-06-14T04:19:09.3769011Z Sat, 14 Jun 2025 04:19:09 GMT LH:status Getting artifact: DevtoolsLog
2025-06-14T04:19:09.3769558Z Sat, 14 Jun 2025 04:19:09 GMT LH:status Getting artifact: Accessibility
2025-06-14T04:19:09.6436644Z Sat, 14 Jun 2025 04:19:09 GMT LH:status Getting artifact: NetworkUserAgent
2025-06-14T04:19:09.6438067Z Sat, 14 Jun 2025 04:19:09 GMT LH:status Getting artifact: Stacks
2025-06-14T04:19:09.6438738Z Sat, 14 Jun 2025 04:19:09 GMT LH:status Collect stacks
2025-06-14T04:19:09.6945539Z Sat, 14 Jun 2025 04:19:09 GMT LH:status Getting artifact: FullPageScreenshot
2025-06-14T04:19:10.9281498Z Sat, 14 Jun 2025 04:19:10 GMT LH:status Analyzing and running audits...
2025-06-14T04:19:10.9293780Z Sat, 14 Jun 2025 04:19:10 GMT LH:status Auditing: `[accesskey]` values are unique
2025-06-14T04:19:10.9319818Z Sat, 14 Jun 2025 04:19:10 GMT LH:status Auditing: `[aria-*]` attributes match their roles
2025-06-14T04:19:10.9340894Z Sat, 14 Jun 2025 04:19:10 GMT LH:status Auditing: Uses ARIA roles only on compatible elements
2025-06-14T04:19:10.9364722Z Sat, 14 Jun 2025 04:19:10 GMT LH:status Auditing: `button`, `link`, and `menuitem` elements have accessible names
2025-06-14T04:19:10.9391731Z Sat, 14 Jun 2025 04:19:10 GMT LH:status Auditing: ARIA attributes are used as specified for the element's role
2025-06-14T04:19:10.9399508Z Sat, 14 Jun 2025 04:19:10 GMT LH:status Auditing: Deprecated ARIA roles were not used
2025-06-14T04:19:10.9419596Z Sat, 14 Jun 2025 04:19:10 GMT LH:status Auditing: Elements with `role="dialog"` or `role="alertdialog"` have accessible names.
2025-06-14T04:19:10.9443986Z Sat, 14 Jun 2025 04:19:10 GMT LH:status Auditing: `[aria-hidden="true"]` is not present on the document `<body>`
2025-06-14T04:19:10.9497147Z Sat, 14 Jun 2025 04:19:10 GMT LH:status Auditing: `[aria-hidden="true"]` elements do not contain focusable descendents
2025-06-14T04:19:10.9509248Z Sat, 14 Jun 2025 04:19:10 GMT LH:status Auditing: ARIA input fields have accessible names
2025-06-14T04:19:10.9523228Z Sat, 14 Jun 2025 04:19:10 GMT LH:status Auditing: ARIA `meter` elements have accessible names
2025-06-14T04:19:10.9538811Z Sat, 14 Jun 2025 04:19:10 GMT LH:status Auditing: ARIA `progressbar` elements have accessible names
2025-06-14T04:19:10.9553883Z Sat, 14 Jun 2025 04:19:10 GMT LH:status Auditing: Elements use only permitted ARIA attributes
2025-06-14T04:19:10.9569121Z Sat, 14 Jun 2025 04:19:10 GMT LH:status Auditing: `[role]`s have all required `[aria-*]` attributes
2025-06-14T04:19:10.9591529Z Sat, 14 Jun 2025 04:19:10 GMT LH:status Auditing: Elements with an ARIA `[role]` that require children to contain a specific `[role]` have all required children.
2025-06-14T04:19:10.9611112Z Sat, 14 Jun 2025 04:19:10 GMT LH:status Auditing: `[role]`s are contained by their required parent element
2025-06-14T04:19:10.9672457Z Sat, 14 Jun 2025 04:19:10 GMT LH:status Auditing: `[role]` values are valid
2025-06-14T04:19:10.9689885Z Sat, 14 Jun 2025 04:19:10 GMT LH:status Auditing: Elements with the `role=text` attribute do not have focusable descendents.
2025-06-14T04:19:10.9709654Z Sat, 14 Jun 2025 04:19:10 GMT LH:status Auditing: ARIA toggle fields have accessible names
2025-06-14T04:19:10.9728436Z Sat, 14 Jun 2025 04:19:10 GMT LH:status Auditing: ARIA `tooltip` elements have accessible names
2025-06-14T04:19:10.9748151Z Sat, 14 Jun 2025 04:19:10 GMT LH:status Auditing: ARIA `treeitem` elements have accessible names
2025-06-14T04:19:10.9773883Z Sat, 14 Jun 2025 04:19:10 GMT LH:status Auditing: `[aria-*]` attributes have valid values
2025-06-14T04:19:10.9798393Z Sat, 14 Jun 2025 04:19:10 GMT LH:status Auditing: `[aria-*]` attributes are valid and not misspelled
2025-06-14T04:19:10.9832931Z Sat, 14 Jun 2025 04:19:10 GMT LH:status Auditing: Buttons have an accessible name
2025-06-14T04:19:10.9879208Z Sat, 14 Jun 2025 04:19:10 GMT LH:status Auditing: The page contains a heading, skip link, or landmark region
2025-06-14T04:19:10.9898520Z Sat, 14 Jun 2025 04:19:10 GMT LH:status Auditing: Background and foreground colors have a sufficient contrast ratio
2025-06-14T04:19:10.9935883Z Sat, 14 Jun 2025 04:19:10 GMT LH:status Auditing: `<dl>`'s contain only properly-ordered `<dt>` and `<dd>` groups, `<script>`, `<template>` or `<div>` elements.
2025-06-14T04:19:11.0014682Z Sat, 14 Jun 2025 04:19:11 GMT LH:status Auditing: Definition list items are wrapped in `<dl>` elements
2025-06-14T04:19:11.0035143Z Sat, 14 Jun 2025 04:19:11 GMT LH:status Auditing: Document has a `<title>` element
2025-06-14T04:19:11.0067228Z Sat, 14 Jun 2025 04:19:11 GMT LH:status Auditing: ARIA IDs are unique
2025-06-14T04:19:11.0088180Z Sat, 14 Jun 2025 04:19:11 GMT LH:status Auditing: All heading elements contain content.
2025-06-14T04:19:11.0123905Z Sat, 14 Jun 2025 04:19:11 GMT LH:status Auditing: No form fields have multiple labels
2025-06-14T04:19:11.0145277Z Sat, 14 Jun 2025 04:19:11 GMT LH:status Auditing: `<frame>` or `<iframe>` elements have a title
2025-06-14T04:19:11.0166904Z Sat, 14 Jun 2025 04:19:11 GMT LH:status Auditing: Heading elements appear in a sequentially-descending order
2025-06-14T04:19:11.0202356Z Sat, 14 Jun 2025 04:19:11 GMT LH:status Auditing: `<html>` element has a `[lang]` attribute
2025-06-14T04:19:11.0315301Z Sat, 14 Jun 2025 04:19:11 GMT LH:status Auditing: `<html>` element has a valid value for its `[lang]` attribute
2025-06-14T04:19:11.0346444Z Sat, 14 Jun 2025 04:19:11 GMT LH:status Auditing: `<html>` element has an `[xml:lang]` attribute with the same base language as the `[lang]` attribute.
2025-06-14T04:19:11.0368776Z Sat, 14 Jun 2025 04:19:11 GMT LH:status Auditing: Identical links have the same purpose.
2025-06-14T04:19:11.0391011Z Sat, 14 Jun 2025 04:19:11 GMT LH:status Auditing: Image elements have `[alt]` attributes
2025-06-14T04:19:11.0414695Z Sat, 14 Jun 2025 04:19:11 GMT LH:status Auditing: Image elements do not have `[alt]` attributes that are redundant text.
2025-06-14T04:19:11.0441556Z Sat, 14 Jun 2025 04:19:11 GMT LH:status Auditing: Input buttons have discernible text.
2025-06-14T04:19:11.0464741Z Sat, 14 Jun 2025 04:19:11 GMT LH:status Auditing: `<input type="image">` elements have `[alt]` text
2025-06-14T04:19:11.0489556Z Sat, 14 Jun 2025 04:19:11 GMT LH:status Auditing: Elements with visible text labels have matching accessible names.
2025-06-14T04:19:11.0574815Z Sat, 14 Jun 2025 04:19:11 GMT LH:status Auditing: Form elements have associated labels
2025-06-14T04:19:11.0603303Z Sat, 14 Jun 2025 04:19:11 GMT LH:status Auditing: Document has a main landmark.
2025-06-14T04:19:11.0634212Z Sat, 14 Jun 2025 04:19:11 GMT LH:status Auditing: Links have a discernible name
2025-06-14T04:19:11.0660971Z Sat, 14 Jun 2025 04:19:11 GMT LH:status Auditing: Links are distinguishable without relying on color.
2025-06-14T04:19:11.0687514Z Sat, 14 Jun 2025 04:19:11 GMT LH:status Auditing: Lists contain only `<li>` elements and script supporting elements (`<script>` and `<template>`).
2025-06-14T04:19:11.0717677Z Sat, 14 Jun 2025 04:19:11 GMT LH:status Auditing: List items (`<li>`) are contained within `<ul>`, `<ol>` or `<menu>` parent elements
2025-06-14T04:19:11.0747533Z Sat, 14 Jun 2025 04:19:11 GMT LH:status Auditing: The document does not use `<meta http-equiv="refresh">`
2025-06-14T04:19:11.0841817Z Sat, 14 Jun 2025 04:19:11 GMT LH:status Auditing: `[user-scalable="no"]` is not used in the `<meta name="viewport">` element and the `[maximum-scale]` attribute is not less than 5.
2025-06-14T04:19:11.0871919Z Sat, 14 Jun 2025 04:19:11 GMT LH:status Auditing: `<object>` elements have alternate text
2025-06-14T04:19:11.0897087Z Sat, 14 Jun 2025 04:19:11 GMT LH:status Auditing: Select elements have associated label elements.
2025-06-14T04:19:11.0922569Z Sat, 14 Jun 2025 04:19:11 GMT LH:status Auditing: Skip links are focusable.
2025-06-14T04:19:11.0950484Z Sat, 14 Jun 2025 04:19:11 GMT LH:status Auditing: No element has a `[tabindex]` value greater than 0
2025-06-14T04:19:11.0977259Z Sat, 14 Jun 2025 04:19:11 GMT LH:status Auditing: Tables have different content in the summary attribute and `<caption>`.
2025-06-14T04:19:11.1007065Z Sat, 14 Jun 2025 04:19:11 GMT LH:status Auditing: Tables use `<caption>` instead of cells with the `[colspan]` attribute to indicate a caption.
2025-06-14T04:19:11.1102214Z Sat, 14 Jun 2025 04:19:11 GMT LH:status Auditing: Touch targets have sufficient size and spacing.
2025-06-14T04:19:11.1132838Z Sat, 14 Jun 2025 04:19:11 GMT LH:status Auditing: `<td>` elements in a large `<table>` have one or more table headers.
2025-06-14T04:19:11.1164709Z Sat, 14 Jun 2025 04:19:11 GMT LH:status Auditing: Cells in a `<table>` element that use the `[headers]` attribute refer to table cells within the same table.
2025-06-14T04:19:11.1197622Z Sat, 14 Jun 2025 04:19:11 GMT LH:status Auditing: `<th>` elements and elements with `[role="columnheader"/"rowheader"]` have data cells they describe.
2025-06-14T04:19:11.1229320Z Sat, 14 Jun 2025 04:19:11 GMT LH:status Auditing: `[lang]` attributes have a valid value
2025-06-14T04:19:11.1330921Z Sat, 14 Jun 2025 04:19:11 GMT LH:status Auditing: `<video>` elements contain a `<track>` element with `[kind="captions"]`
2025-06-14T04:19:11.1357943Z Sat, 14 Jun 2025 04:19:11 GMT LH:status Auditing: Custom controls have associated labels
2025-06-14T04:19:11.1359615Z Sat, 14 Jun 2025 04:19:11 GMT LH:status Auditing: Custom controls have ARIA roles
2025-06-14T04:19:11.1360718Z Sat, 14 Jun 2025 04:19:11 GMT LH:status Auditing: User focus is not accidentally trapped in a region
2025-06-14T04:19:11.1361910Z Sat, 14 Jun 2025 04:19:11 GMT LH:status Auditing: Interactive controls are keyboard focusable
2025-06-14T04:19:11.1363117Z Sat, 14 Jun 2025 04:19:11 GMT LH:status Auditing: Interactive elements indicate their purpose and state
2025-06-14T04:19:11.1364200Z Sat, 14 Jun 2025 04:19:11 GMT LH:status Auditing: The page has a logical tab order
2025-06-14T04:19:11.1365320Z Sat, 14 Jun 2025 04:19:11 GMT LH:status Auditing: The user's focus is directed to new content added to the page
2025-06-14T04:19:11.1366838Z Sat, 14 Jun 2025 04:19:11 GMT LH:status Auditing: Offscreen content is hidden from assistive technology
2025-06-14T04:19:11.1367972Z Sat, 14 Jun 2025 04:19:11 GMT LH:status Auditing: HTML5 landmark elements are used to improve navigation
2025-06-14T04:19:11.1369056Z Sat, 14 Jun 2025 04:19:11 GMT LH:status Auditing: Visual order on the page follows DOM order
2025-06-14T04:19:11.1369944Z Sat, 14 Jun 2025 04:19:11 GMT LH:status Generating results...
2025-06-14T04:19:11.1486274Z Sat, 14 Jun 2025 04:19:11 GMT LH:Printer json output written to accessibility-reports/lighthouse-accessibility-desktop.json
2025-06-14T04:19:11.1487573Z Sat, 14 Jun 2025 04:19:11 GMT LH:ChromeLauncher Killing Chrome instance 3927
2025-06-14T04:19:15.5163715Z Sat, 14 Jun 2025 04:19:15 GMT LH:ChromeLauncher Waiting for browser.
2025-06-14T04:19:15.5164674Z Sat, 14 Jun 2025 04:19:15 GMT LH:ChromeLauncher Waiting for browser...
2025-06-14T04:19:16.0265612Z Sat, 14 Jun 2025 04:19:16 GMT LH:ChromeLauncher Waiting for browser.....
2025-06-14T04:19:16.0277176Z Sat, 14 Jun 2025 04:19:16 GMT LH:ChromeLauncher Waiting for browser.....[32mâœ“[0m
2025-06-14T04:19:16.5678044Z Sat, 14 Jun 2025 04:19:16 GMT LH:status Connecting to browser
2025-06-14T04:19:16.5741395Z Sat, 14 Jun 2025 04:19:16 GMT LH:status Navigating to about:blank
2025-06-14T04:19:16.5835932Z Sat, 14 Jun 2025 04:19:16 GMT LH:status Benchmarking machine
2025-06-14T04:19:17.5894996Z Sat, 14 Jun 2025 04:19:17 GMT LH:status Preparing target for navigation mode
2025-06-14T04:19:17.6040077Z Sat, 14 Jun 2025 04:19:17 GMT LH:status Cleaning origin data
2025-06-14T04:19:17.6089374Z Sat, 14 Jun 2025 04:19:17 GMT LH:status Cleaning browser cache
2025-06-14T04:19:17.6192480Z Sat, 14 Jun 2025 04:19:17 GMT LH:status Preparing network conditions
2025-06-14T04:19:17.6305126Z Sat, 14 Jun 2025 04:19:17 GMT LH:status Navigating to https://ncaa-d1-softball.netlify.app/
2025-06-14T04:19:21.1470916Z Sat, 14 Jun 2025 04:19:21 GMT LH:status Getting artifact: DevtoolsLog
2025-06-14T04:19:21.1471517Z Sat, 14 Jun 2025 04:19:21 GMT LH:status Getting artifact: Accessibility
2025-06-14T04:19:21.3824096Z Sat, 14 Jun 2025 04:19:21 GMT LH:status Getting artifact: NetworkUserAgent
2025-06-14T04:19:21.3825015Z Sat, 14 Jun 2025 04:19:21 GMT LH:status Getting artifact: Stacks
2025-06-14T04:19:21.3825979Z Sat, 14 Jun 2025 04:19:21 GMT LH:status Collect stacks
2025-06-14T04:19:21.3921323Z Sat, 14 Jun 2025 04:19:21 GMT LH:status Getting artifact: FullPageScreenshot
2025-06-14T04:19:22.5290174Z Sat, 14 Jun 2025 04:19:22 GMT LH:status Analyzing and running audits...
2025-06-14T04:19:22.5303212Z Sat, 14 Jun 2025 04:19:22 GMT LH:status Auditing: `[accesskey]` values are unique
2025-06-14T04:19:22.5346409Z Sat, 14 Jun 2025 04:19:22 GMT LH:status Auditing: `[aria-*]` attributes match their roles
2025-06-14T04:19:22.5352791Z Sat, 14 Jun 2025 04:19:22 GMT LH:status Auditing: Uses ARIA roles only on compatible elements
2025-06-14T04:19:22.5382279Z Sat, 14 Jun 2025 04:19:22 GMT LH:status Auditing: `button`, `link`, and `menuitem` elements have accessible names
2025-06-14T04:19:22.5407434Z Sat, 14 Jun 2025 04:19:22 GMT LH:status Auditing: ARIA attributes are used as specified for the element's role
2025-06-14T04:19:22.5427935Z Sat, 14 Jun 2025 04:19:22 GMT LH:status Auditing: Deprecated ARIA roles were not used
2025-06-14T04:19:22.5445011Z Sat, 14 Jun 2025 04:19:22 GMT LH:status Auditing: Elements with `role="dialog"` or `role="alertdialog"` have accessible names.
2025-06-14T04:19:22.5459710Z Sat, 14 Jun 2025 04:19:22 GMT LH:status Auditing: `[aria-hidden="true"]` is not present on the document `<body>`
2025-06-14T04:19:22.5496312Z Sat, 14 Jun 2025 04:19:22 GMT LH:status Auditing: `[aria-hidden="true"]` elements do not contain focusable descendents
2025-06-14T04:19:22.5510281Z Sat, 14 Jun 2025 04:19:22 GMT LH:status Auditing: ARIA input fields have accessible names
2025-06-14T04:19:22.5524805Z Sat, 14 Jun 2025 04:19:22 GMT LH:status Auditing: ARIA `meter` elements have accessible names
2025-06-14T04:19:22.5541259Z Sat, 14 Jun 2025 04:19:22 GMT LH:status Auditing: ARIA `progressbar` elements have accessible names
2025-06-14T04:19:22.5607674Z Sat, 14 Jun 2025 04:19:22 GMT LH:status Auditing: Elements use only permitted ARIA attributes
2025-06-14T04:19:22.5622391Z Sat, 14 Jun 2025 04:19:22 GMT LH:status Auditing: `[role]`s have all required `[aria-*]` attributes
2025-06-14T04:19:22.5638184Z Sat, 14 Jun 2025 04:19:22 GMT LH:status Auditing: Elements with an ARIA `[role]` that require children to contain a specific `[role]` have all required children.
2025-06-14T04:19:22.5654082Z Sat, 14 Jun 2025 04:19:22 GMT LH:status Auditing: `[role]`s are contained by their required parent element
2025-06-14T04:19:22.5670233Z Sat, 14 Jun 2025 04:19:22 GMT LH:status Auditing: `[role]` values are valid
2025-06-14T04:19:22.5686850Z Sat, 14 Jun 2025 04:19:22 GMT LH:status Auditing: Elements with the `role=text` attribute do not have focusable descendents.
2025-06-14T04:19:22.5706050Z Sat, 14 Jun 2025 04:19:22 GMT LH:status Auditing: ARIA toggle fields have accessible names
2025-06-14T04:19:22.5724255Z Sat, 14 Jun 2025 04:19:22 GMT LH:status Auditing: ARIA `tooltip` elements have accessible names
2025-06-14T04:19:22.5743039Z Sat, 14 Jun 2025 04:19:22 GMT LH:status Auditing: ARIA `treeitem` elements have accessible names
2025-06-14T04:19:22.5762939Z Sat, 14 Jun 2025 04:19:22 GMT LH:status Auditing: `[aria-*]` attributes have valid values
2025-06-14T04:19:22.5782098Z Sat, 14 Jun 2025 04:19:22 GMT LH:status Auditing: `[aria-*]` attributes are valid and not misspelled
2025-06-14T04:19:22.5802194Z Sat, 14 Jun 2025 04:19:22 GMT LH:status Auditing: Buttons have an accessible name
2025-06-14T04:19:22.5837380Z Sat, 14 Jun 2025 04:19:22 GMT LH:status Auditing: The page contains a heading, skip link, or landmark region
2025-06-14T04:19:22.5912291Z Sat, 14 Jun 2025 04:19:22 GMT LH:status Auditing: Background and foreground colors have a sufficient contrast ratio
2025-06-14T04:19:22.5944548Z Sat, 14 Jun 2025 04:19:22 GMT LH:status Auditing: `<dl>`'s contain only properly-ordered `<dt>` and `<dd>` groups, `<script>`, `<template>` or `<div>` elements.
2025-06-14T04:19:22.5965450Z Sat, 14 Jun 2025 04:19:22 GMT LH:status Auditing: Definition list items are wrapped in `<dl>` elements
2025-06-14T04:19:22.5985516Z Sat, 14 Jun 2025 04:19:22 GMT LH:status Auditing: Document has a `<title>` element
2025-06-14T04:19:22.6016673Z Sat, 14 Jun 2025 04:19:22 GMT LH:status Auditing: ARIA IDs are unique
2025-06-14T04:19:22.6036100Z Sat, 14 Jun 2025 04:19:22 GMT LH:status Auditing: All heading elements contain content.
2025-06-14T04:19:22.6068688Z Sat, 14 Jun 2025 04:19:22 GMT LH:status Auditing: No form fields have multiple labels
2025-06-14T04:19:22.6089806Z Sat, 14 Jun 2025 04:19:22 GMT LH:status Auditing: `<frame>` or `<iframe>` elements have a title
2025-06-14T04:19:22.6177968Z Sat, 14 Jun 2025 04:19:22 GMT LH:status Auditing: Heading elements appear in a sequentially-descending order
2025-06-14T04:19:22.6210121Z Sat, 14 Jun 2025 04:19:22 GMT LH:status Auditing: `<html>` element has a `[lang]` attribute
2025-06-14T04:19:22.6243752Z Sat, 14 Jun 2025 04:19:22 GMT LH:status Auditing: `<html>` element has a valid value for its `[lang]` attribute
2025-06-14T04:19:22.6275719Z Sat, 14 Jun 2025 04:19:22 GMT LH:status Auditing: `<html>` element has an `[xml:lang]` attribute with the same base language as the `[lang]` attribute.
2025-06-14T04:19:22.6297306Z Sat, 14 Jun 2025 04:19:22 GMT LH:status Auditing: Identical links have the same purpose.
2025-06-14T04:19:22.6319304Z Sat, 14 Jun 2025 04:19:22 GMT LH:status Auditing: Image elements have `[alt]` attributes
2025-06-14T04:19:22.6341126Z Sat, 14 Jun 2025 04:19:22 GMT LH:status Auditing: Image elements do not have `[alt]` attributes that are redundant text.
2025-06-14T04:19:22.6424994Z Sat, 14 Jun 2025 04:19:22 GMT LH:status Auditing: Input buttons have discernible text.
2025-06-14T04:19:22.6448932Z Sat, 14 Jun 2025 04:19:22 GMT LH:status Auditing: `<input type="image">` elements have `[alt]` text
2025-06-14T04:19:22.6472304Z Sat, 14 Jun 2025 04:19:22 GMT LH:status Auditing: Elements with visible text labels have matching accessible names.
2025-06-14T04:19:22.6495775Z Sat, 14 Jun 2025 04:19:22 GMT LH:status Auditing: Form elements have associated labels
2025-06-14T04:19:22.6521662Z Sat, 14 Jun 2025 04:19:22 GMT LH:status Auditing: Document has a main landmark.
2025-06-14T04:19:22.6550568Z Sat, 14 Jun 2025 04:19:22 GMT LH:status Auditing: Links have a discernible name
2025-06-14T04:19:22.6576094Z Sat, 14 Jun 2025 04:19:22 GMT LH:status Auditing: Links are distinguishable without relying on color.
2025-06-14T04:19:22.6602651Z Sat, 14 Jun 2025 04:19:22 GMT LH:status Auditing: Lists contain only `<li>` elements and script supporting elements (`<script>` and `<template>`).
2025-06-14T04:19:22.6694321Z Sat, 14 Jun 2025 04:19:22 GMT LH:status Auditing: List items (`<li>`) are contained within `<ul>`, `<ol>` or `<menu>` parent elements
2025-06-14T04:19:22.6723961Z Sat, 14 Jun 2025 04:19:22 GMT LH:status Auditing: The document does not use `<meta http-equiv="refresh">`
2025-06-14T04:19:22.6750287Z Sat, 14 Jun 2025 04:19:22 GMT LH:status Auditing: `[user-scalable="no"]` is not used in the `<meta name="viewport">` element and the `[maximum-scale]` attribute is not less than 5.
2025-06-14T04:19:22.6782009Z Sat, 14 Jun 2025 04:19:22 GMT LH:status Auditing: `<object>` elements have alternate text
2025-06-14T04:19:22.6807001Z Sat, 14 Jun 2025 04:19:22 GMT LH:status Auditing: Select elements have associated label elements.
2025-06-14T04:19:22.6831388Z Sat, 14 Jun 2025 04:19:22 GMT LH:status Auditing: Skip links are focusable.
2025-06-14T04:19:22.6856090Z Sat, 14 Jun 2025 04:19:22 GMT LH:status Auditing: No element has a `[tabindex]` value greater than 0
2025-06-14T04:19:22.7046934Z Sat, 14 Jun 2025 04:19:22 GMT LH:status Auditing: Tables have different content in the summary attribute and `<caption>`.
2025-06-14T04:19:22.7076820Z Sat, 14 Jun 2025 04:19:22 GMT LH:status Auditing: Tables use `<caption>` instead of cells with the `[colspan]` attribute to indicate a caption.
2025-06-14T04:19:22.7201910Z Sat, 14 Jun 2025 04:19:22 GMT LH:status Auditing: Touch targets have sufficient size and spacing.
2025-06-14T04:19:22.7252243Z Sat, 14 Jun 2025 04:19:22 GMT LH:status Auditing: `<td>` elements in a large `<table>` have one or more table headers.
2025-06-14T04:19:22.7295253Z Sat, 14 Jun 2025 04:19:22 GMT LH:status Auditing: Cells in a `<table>` element that use the `[headers]` attribute refer to table cells within the same table.
2025-06-14T04:19:22.7325616Z Sat, 14 Jun 2025 04:19:22 GMT LH:status Auditing: `<th>` elements and elements with `[role="columnheader"/"rowheader"]` have data cells they describe.
2025-06-14T04:19:22.7357703Z Sat, 14 Jun 2025 04:19:22 GMT LH:status Auditing: `[lang]` attributes have a valid value
2025-06-14T04:19:22.7383816Z Sat, 14 Jun 2025 04:19:22 GMT LH:status Auditing: `<video>` elements contain a `<track>` element with `[kind="captions"]`
2025-06-14T04:19:22.7411371Z Sat, 14 Jun 2025 04:19:22 GMT LH:status Auditing: Custom controls have associated labels
2025-06-14T04:19:22.7413372Z Sat, 14 Jun 2025 04:19:22 GMT LH:status Auditing: Custom controls have ARIA roles
2025-06-14T04:19:22.7414280Z Sat, 14 Jun 2025 04:19:22 GMT LH:status Auditing: User focus is not accidentally trapped in a region
2025-06-14T04:19:22.7418674Z Sat, 14 Jun 2025 04:19:22 GMT LH:status Auditing: Interactive controls are keyboard focusable
2025-06-14T04:19:22.7420810Z Sat, 14 Jun 2025 04:19:22 GMT LH:status Auditing: Interactive elements indicate their purpose and state
2025-06-14T04:19:22.7421828Z Sat, 14 Jun 2025 04:19:22 GMT LH:status Auditing: The page has a logical tab order
2025-06-14T04:19:22.7422674Z Sat, 14 Jun 2025 04:19:22 GMT LH:status Auditing: The user's focus is directed to new content added to the page
2025-06-14T04:19:22.7423583Z Sat, 14 Jun 2025 04:19:22 GMT LH:status Auditing: Offscreen content is hidden from assistive technology
2025-06-14T04:19:22.7424767Z Sat, 14 Jun 2025 04:19:22 GMT LH:status Auditing: HTML5 landmark elements are used to improve navigation
2025-06-14T04:19:22.7425759Z Sat, 14 Jun 2025 04:19:22 GMT LH:status Auditing: Visual order on the page follows DOM order
2025-06-14T04:19:22.7426362Z Sat, 14 Jun 2025 04:19:22 GMT LH:status Generating results...
2025-06-14T04:19:22.7577020Z Sat, 14 Jun 2025 04:19:22 GMT LH:Printer json output written to accessibility-reports/lighthouse-accessibility-mobile.json
2025-06-14T04:19:22.7578788Z Sat, 14 Jun 2025 04:19:22 GMT LH:ChromeLauncher Killing Chrome instance 4051
2025-06-14T04:19:26.4239999Z ##[group]Run echo "Running Playwright accessibility tests..."
2025-06-14T04:19:26.4240782Z [36;1mecho "Running Playwright accessibility tests..."[0m
2025-06-14T04:19:26.4241366Z [36;1m[0m
2025-06-14T04:19:26.4241933Z [36;1m# Create Playwright output directories for artifacts (traces, screenshots, etc.)[0m
2025-06-14T04:19:26.4242809Z [36;1mmkdir -p accessibility-reports/playwright-results[0m
2025-06-14T04:19:26.4243434Z [36;1m[0m
2025-06-14T04:19:26.4243717Z [36;1m# Run Playwright tests.[0m
2025-06-14T04:19:26.4244407Z [36;1m# --reporter=json on CLI typically outputs to 'playwright-report/results.json' by default.[0m
2025-06-14T04:19:26.4245915Z [36;1m# Removing --reporter=json from CLI to ensure playwright.config.js reporter settings are used.[0m
2025-06-14T04:19:26.4247197Z [36;1mTARGET_URL="https://ncaa-d1-softball.netlify.app/" npx playwright test tests/accessibility/accessibility.spec.js \\[0m
2025-06-14T04:19:26.4248144Z [36;1m  --project=chromium \\[0m
2025-06-14T04:19:26.4248998Z [36;1m  --output-dir=accessibility-reports/playwright-results || echo "Playwright tests completed with issues"[0m
2025-06-14T04:19:26.4249823Z [36;1m[0m
2025-06-14T04:19:26.4250172Z [36;1m# Define source and target for the report[0m
2025-06-14T04:19:26.4251054Z [36;1m# The playwright.config.js specifies 'playwright-report/results.json' as the output for the JSON reporter.[0m
2025-06-14T04:19:26.4252086Z [36;1mPLAYWRIGHT_JSON_REPORT_SOURCE="playwright-report/results.json"[0m
2025-06-14T04:19:26.4252963Z [36;1mPLAYWRIGHT_JSON_REPORT_TARGET="accessibility-reports/playwright-report.json"[0m
2025-06-14T04:19:26.4253662Z [36;1m[0m
2025-06-14T04:19:26.4254303Z [36;1m# Ensure the target directory for the report exists (it should, as REPORT_DIR is created earlier)[0m
2025-06-14T04:19:26.4255205Z [36;1mmkdir -p "$(dirname "$PLAYWRIGHT_JSON_REPORT_TARGET")"[0m
2025-06-14T04:19:26.4256467Z [36;1m[0m
2025-06-14T04:19:26.4257055Z [36;1m# Move the JSON report from the default location to the consolidated report directory[0m
2025-06-14T04:19:26.4258118Z [36;1mif [ -f "$PLAYWRIGHT_JSON_REPORT_SOURCE" ]; then[0m
2025-06-14T04:19:26.4258775Z [36;1m  mv "$PLAYWRIGHT_JSON_REPORT_SOURCE" "$PLAYWRIGHT_JSON_REPORT_TARGET"[0m
2025-06-14T04:19:26.4259716Z [36;1m  echo "Moved Playwright report from $PLAYWRIGHT_JSON_REPORT_SOURCE to $PLAYWRIGHT_JSON_REPORT_TARGET"[0m
2025-06-14T04:19:26.4260626Z [36;1m# Fallback to the old locations, just in case, with a warning.[0m
2025-06-14T04:19:26.4261239Z [36;1melif [ -f "test-results/results.json" ]; then[0m
2025-06-14T04:19:26.4262155Z [36;1m  echo "Warning: Playwright report found at 'test-results/results.json' (expected '$PLAYWRIGHT_JSON_REPORT_SOURCE'). Moving it."[0m
2025-06-14T04:19:26.4263201Z [36;1m  mv "test-results/results.json" "$PLAYWRIGHT_JSON_REPORT_TARGET"[0m
2025-06-14T04:19:26.4263787Z [36;1melif [ -f "results.json" ]; then[0m
2025-06-14T04:19:26.4264622Z [36;1m  echo "Warning: Playwright report found at 'results.json' (expected '$PLAYWRIGHT_JSON_REPORT_SOURCE'). Moving it."[0m
2025-06-14T04:19:26.4265751Z [36;1m  mv "results.json" "$PLAYWRIGHT_JSON_REPORT_TARGET"[0m
2025-06-14T04:19:26.4266233Z [36;1melse[0m
2025-06-14T04:19:26.4267164Z [36;1m  echo "Playwright JSON report not found at '$PLAYWRIGHT_JSON_REPORT_SOURCE' or common fallbacks. Creating an empty report at '$PLAYWRIGHT_JSON_REPORT_TARGET'."[0m
2025-06-14T04:19:26.4268281Z [36;1m  echo "[]" > "$PLAYWRIGHT_JSON_REPORT_TARGET"[0m
2025-06-14T04:19:26.4268720Z [36;1mfi[0m
2025-06-14T04:19:26.4342267Z shell: /usr/bin/bash -e {0}
2025-06-14T04:19:26.4342652Z env:
2025-06-14T04:19:26.4343100Z   ACCESSIBILITY_CONFIG_PATH: .github/accessibility-config.yml
2025-06-14T04:19:26.4343832Z   DEFAULT_TARGET_URL: https://ncaa-d1-softball.netlify.app/
2025-06-14T04:19:26.4344397Z   NODE_VERSION: 20
2025-06-14T04:19:26.4344769Z   REPORT_DIR: accessibility-reports
2025-06-14T04:19:26.4345185Z ##[endgroup]
2025-06-14T04:19:26.4413844Z Running Playwright accessibility tests...
2025-06-14T04:19:27.5236096Z 
2025-06-14T04:19:27.5236847Z SyntaxError: Invalid regular expression: /\/gi: \ at end of pattern
2025-06-14T04:19:27.5246322Z 
2025-06-14T04:19:27.5252387Z 
2025-06-14T04:19:27.5582416Z ##[error]Process completed with exit code 1.
2025-06-14T04:19:27.5661505Z ##[group]Run actions/upload-artifact@v4
2025-06-14T04:19:27.5661772Z with:
2025-06-14T04:19:27.5661969Z   name: unified-accessibility-evaluation
2025-06-14T04:19:27.5662229Z   path: accessibility-reports/
2025-06-14T04:19:27.5662455Z   retention-days: 90
2025-06-14T04:19:27.5662650Z   if-no-files-found: warn
2025-06-14T04:19:27.5662851Z   compression-level: 6
2025-06-14T04:19:27.5663045Z   overwrite: false
2025-06-14T04:19:27.5663234Z   include-hidden-files: false
2025-06-14T04:19:27.5663435Z env:
2025-06-14T04:19:27.5663672Z   ACCESSIBILITY_CONFIG_PATH: .github/accessibility-config.yml
2025-06-14T04:19:27.5664061Z   DEFAULT_TARGET_URL: https://ncaa-d1-softball.netlify.app/
2025-06-14T04:19:27.5664350Z   NODE_VERSION: 20
2025-06-14T04:19:27.5664566Z   REPORT_DIR: accessibility-reports
2025-06-14T04:19:27.5664791Z ##[endgroup]
2025-06-14T04:19:27.7908471Z With the provided path, there will be 4 files uploaded
2025-06-14T04:19:27.7909309Z Artifact name is valid!
2025-06-14T04:19:27.7909841Z Root directory input is valid!
2025-06-14T04:19:27.9031269Z Beginning upload of artifact content to blob storage
2025-06-14T04:19:27.9598839Z Uploaded bytes 91981
2025-06-14T04:19:27.9747881Z Finished uploading artifact content to blob storage!
2025-06-14T04:19:27.9751626Z SHA256 digest of uploaded artifact zip is b9c42eb219dd79beee21914085df94947c7ebd1c6842bbf1eaa2509985eca9c6
2025-06-14T04:19:27.9753358Z Finalizing artifact upload
2025-06-14T04:19:28.0495006Z Artifact unified-accessibility-evaluation.zip successfully finalized. Artifact ID 3327318082
2025-06-14T04:19:28.0496688Z Artifact unified-accessibility-evaluation has been successfully uploaded! Final size is 91981 bytes. Artifact ID is 3327318082
2025-06-14T04:19:28.0506845Z Artifact download URL: https://github.com/seanmac5291/NCAA-D1-Softball-WebApp/actions/runs/15648328391/artifacts/3327318082
2025-06-14T04:19:28.0631196Z ##[group]Run echo "# ðŸ” Unified Accessibility Scan Results" >> $GITHUB_STEP_SUMMARY
2025-06-14T04:19:28.0631826Z [36;1mecho "# ðŸ” Unified Accessibility Scan Results" >> $GITHUB_STEP_SUMMARY[0m
2025-06-14T04:19:28.0632199Z [36;1mecho "" >> $GITHUB_STEP_SUMMARY[0m
2025-06-14T04:19:28.0632601Z [36;1mecho "**Target URL:** https://ncaa-d1-softball.netlify.app/" >> $GITHUB_STEP_SUMMARY[0m
2025-06-14T04:19:28.0633060Z [36;1mecho "**Standards:** WCAG2AA" >> $GITHUB_STEP_SUMMARY[0m
2025-06-14T04:19:28.0633445Z [36;1mecho "**Environment:** production" >> $GITHUB_STEP_SUMMARY[0m
2025-06-14T04:19:28.0633805Z [36;1mecho "**Scan Date:** $(date)" >> $GITHUB_STEP_SUMMARY[0m
2025-06-14T04:19:28.0634143Z [36;1mecho "**Workflow Run:** 12" >> $GITHUB_STEP_SUMMARY[0m
2025-06-14T04:19:28.0634439Z [36;1mecho "" >> $GITHUB_STEP_SUMMARY[0m
2025-06-14T04:19:28.0634691Z [36;1m[0m
2025-06-14T04:19:28.0634900Z [36;1m# Use outputs from the quality-gates step[0m
2025-06-14T04:19:28.0635196Z [36;1mTOTAL_ISSUES=""[0m
2025-06-14T04:19:28.0635652Z [36;1mTOTAL_CRITICAL_ISSUES=""[0m
2025-06-14T04:19:28.0635896Z [36;1mAXCORE_TOTAL_ISSUES=""[0m
2025-06-14T04:19:28.0636128Z [36;1mAXCORE_CRITICAL_ISSUES=""[0m
2025-06-14T04:19:28.0636362Z [36;1mPA11Y_TOTAL_ISSUES=""[0m
2025-06-14T04:19:28.0636590Z [36;1mKEYBOARD_TOTAL_ISSUES=""[0m
2025-06-14T04:19:28.0636824Z [36;1mKEYBOARD_CRITICAL_ISSUES=""[0m
2025-06-14T04:19:28.0637071Z [36;1mSCREENREADER_TOTAL_ISSUES=""[0m
2025-06-14T04:19:28.0637319Z [36;1mSCREENREADER_CRITICAL_ISSUES=""[0m
2025-06-14T04:19:28.0637574Z [36;1mLIGHTHOUSE_SCORE=""[0m
2025-06-14T04:19:28.0637798Z [36;1mQUALITY_GATE_PASSED=""[0m
2025-06-14T04:19:28.0638016Z [36;1m[0m
2025-06-14T04:19:28.0638252Z [36;1mecho "## ðŸ“Š Overall Scan Summary" >> $GITHUB_STEP_SUMMARY[0m
2025-06-14T04:19:28.0638566Z [36;1mecho "" >> $GITHUB_STEP_SUMMARY[0m
2025-06-14T04:19:28.0638922Z [36;1mecho "| Metric                        | Count | Status                                                              |"[0m
2025-06-14T04:19:28.0639377Z [36;1mecho "|-------------------------------|-------|---------------------------------------------------------------------|"[0m
2025-06-14T04:19:28.0639985Z [36;1mecho "| **Total Accessibility Issues**  | **$TOTAL_ISSUES** | $([ "$TOTAL_ISSUES" -eq "0" ] && echo "âœ… No issues" || echo "âš ï¸ Issues found")   |"[0m
2025-06-14T04:19:28.0640789Z [36;1mecho "| **Total Critical Issues**     | **$TOTAL_CRITICAL_ISSUES** | $([ "$TOTAL_CRITICAL_ISSUES" -eq "0" ] && echo "âœ… No critical issues" || echo "ðŸš¨ CRITICAL ACTION NEEDED") |[0m
2025-06-14T04:19:28.0641938Z [36;1mecho "| Lighthouse Accessibility Score| $LIGHTHOUSE_SCORE%  | $([ "$(echo "$LIGHTHOUSE_SCORE >= 90" | bc -l 2>/dev/null || echo 0)" -eq "1" ] && echo "âœ… Good (90+)" || ([ "$(echo "$LIGHTHOUSE_SCORE >= 50" | bc -l 2>/dev/null || echo 0)" -eq "1" ] && echo "ðŸŸ  Needs Improvement (50-89)" || echo "ðŸ”´ Poor (<50)")) |[0m
2025-06-14T04:19:28.0642778Z [36;1mecho "" >> $GITHUB_STEP_SUMMARY[0m
2025-06-14T04:19:28.0643018Z [36;1m[0m
2025-06-14T04:19:28.0643259Z [36;1mecho "## ðŸ” Detailed Results by Tool" >> $GITHUB_STEP_SUMMARY[0m
2025-06-14T04:19:28.0643581Z [36;1mecho "" >> $GITHUB_STEP_SUMMARY[0m
2025-06-14T04:19:28.0643978Z [36;1mecho "| Tool                     | Total Issues | Critical Issues | Notes                                              |"[0m
2025-06-14T04:19:28.0644494Z [36;1mecho "|--------------------------|--------------|-----------------|----------------------------------------------------|"[0m
2025-06-14T04:19:28.0645104Z [36;1mecho "| Axe-core (WCAG)          | $AXCORE_TOTAL_ISSUES      | $AXCORE_CRITICAL_ISSUES      | Automated WCAG compliance checks.                  |"[0m
2025-06-14T04:19:28.0645973Z [36;1mecho "| Pa11y                    | $PA11Y_TOTAL_ISSUES      | N/A             | Additional automated checks (often HTML CodeSniffer). |[0m
2025-06-14T04:19:28.0647037Z [36;1mecho "| Keyboard Navigation Test | $KEYBOARD_TOTAL_ISSUES      | $KEYBOARD_CRITICAL_ISSUES      | Custom script for keyboard interaction.            |"[0m
2025-06-14T04:19:28.0647899Z [36;1mecho "| Screen Reader Test       | $SCREENREADER_TOTAL_ISSUES  | $SCREENREADER_CRITICAL_ISSUES  | Custom script for screen reader compatibility.     |"[0m
2025-06-14T04:19:28.0648457Z [36;1mecho "" >> $GITHUB_STEP_SUMMARY[0m
2025-06-14T04:19:28.0648682Z [36;1m[0m
2025-06-14T04:19:28.0648914Z [36;1mecho "## ðŸš¦ Quality Gate Status" >> $GITHUB_STEP_SUMMARY[0m
2025-06-14T04:19:28.0649223Z [36;1mecho "" >> $GITHUB_STEP_SUMMARY[0m
2025-06-14T04:19:28.0649497Z [36;1mif [ "$QUALITY_GATE_PASSED" = "true" ]; then[0m
2025-06-14T04:19:28.0649815Z [36;1m  echo "**Status: âœ… PASSED**" >> $GITHUB_STEP_SUMMARY[0m
2025-06-14T04:19:28.0650232Z [36;1m  echo "The scan met all configured quality gate thresholds." >> $GITHUB_STEP_SUMMARY[0m
2025-06-14T04:19:28.0650594Z [36;1melse[0m
2025-06-14T04:19:28.0650831Z [36;1m  echo "**Status: âŒ FAILED**" >> $GITHUB_STEP_SUMMARY[0m
2025-06-14T04:19:28.0651291Z [36;1m  echo "The scan did not meet one or more configured quality gate thresholds." >> $GITHUB_STEP_SUMMARY[0m
2025-06-14T04:19:28.0651710Z [36;1m  if [ "false" = "true" ]; then[0m
2025-06-14T04:19:28.0652110Z [36;1m    echo "The workflow is configured to fail on quality gate violations." >> $GITHUB_STEP_SUMMARY[0m
2025-06-14T04:19:28.0652498Z [36;1m  else[0m
2025-06-14T04:19:28.0652944Z [36;1m    echo "The workflow is NOT configured to fail on quality gate violations, so it will proceed." >> $GITHUB_STEP_SUMMARY[0m
2025-06-14T04:19:28.0653394Z [36;1m  fi[0m
2025-06-14T04:19:28.0653553Z [36;1mfi[0m
2025-06-14T04:19:28.0653733Z [36;1mecho "" >> $GITHUB_STEP_SUMMARY[0m
2025-06-14T04:19:28.0653958Z [36;1m[0m
2025-06-14T04:19:28.0654205Z [36;1mecho "## ðŸ› ï¸ How to Fix Issues & Next Steps" >> $GITHUB_STEP_SUMMARY[0m
2025-06-14T04:19:28.0654533Z [36;1mecho "" >> $GITHUB_STEP_SUMMARY[0m
2025-06-14T04:19:28.0655483Z [36;1mecho "1.  **Download Artifacts:** Retrieve the \`unified-accessibility-evaluation.zip\` file from this workflow run. This artifact contains detailed JSON and HTML reports from all scanning tools." >> $GITHUB_STEP_SUMMARY[0m
2025-06-14T04:19:28.0656687Z [36;1mecho "2.  **Review Reports:**" >> $GITHUB_STEP_SUMMARY[0m
2025-06-14T04:19:28.0657205Z [36;1mecho "    *   Open \`accessibility-dashboard.html\` for a high-level overview and visual report (if generated)."[0m
2025-06-14T04:19:28.0657860Z [36;1mecho "    *   Examine \`axe-report.json\` for specific WCAG violations, including code snippets and selectors."[0m
2025-06-14T04:19:28.0658512Z [36;1mecho "    *   Check \`pa11y-report.html\` (if generated) or \`pa11y-report.json\` for additional automated findings."[0m
2025-06-14T04:19:28.0659286Z [36;1mecho "    *   Inspect \`keyboard-navigation.json\` for issues related to keyboard-only access (e.g., focus order, visible focus indicators, skip links)."[0m
2025-06-14T04:19:28.0660184Z [36;1mecho "    *   Analyze \`screen-reader.json\` for problems affecting screen reader users (e.g., missing landmarks (main, h1), image alt text, form labels)."[0m
2025-06-14T04:19:28.0660811Z [36;1mecho "3.  **Prioritize Fixes:**" >> $GITHUB_STEP_SUMMARY[0m
2025-06-14T04:19:28.0661257Z [36;1mecho "    *   Address **Critical** issues first. These are often major barriers for users."[0m
2025-06-14T04:19:28.0661808Z [36;1mecho "    *   Focus on issues identified by Axe-core, as these directly relate to WCAG compliance."[0m
2025-06-14T04:19:28.0662526Z [36;1mecho "    *   Ensure all interactive elements are keyboard accessible and that screen readers can correctly interpret page structure and content."[0m
2025-06-14T04:19:28.0663575Z [36;1mecho "4.  **Implement Solutions:** Modify your application code (e.g., in your React components - `src/App.jsx`, `src/components/*`) to resolve the identified issues. Common fixes include:" >> $GITHUB_STEP_SUMMARY[0m
2025-06-14T04:19:28.0664769Z [36;1mecho "    *   Adding a \`<main>\` element to wrap the primary content (often in `App.jsx` or a main layout component)."[0m
2025-06-14T04:19:28.0665504Z [36;1mecho "    *   Ensuring a single, descriptive \`<h1>\` heading exists on each page."[0m
2025-06-14T04:19:28.0665957Z [36;1mecho "    *   Providing \`alt\` text for all meaningful images."[0m
2025-06-14T04:19:28.0666335Z [36;1mecho "    *   Correctly associating labels with form inputs."[0m
2025-06-14T04:19:28.0666753Z [36;1mecho "    *   Ensuring visible focus indicators for all interactive elements."[0m
2025-06-14T04:19:28.0667570Z [36;1mecho "5.  **Re-scan:** After applying fixes, commit your changes and re-run this workflow (e.g., by pushing to your branch or manually triggering it) to verify the issues are resolved." >> $GITHUB_STEP_SUMMARY[0m
2025-06-14T04:19:28.0668271Z [36;1mecho "" >> $GITHUB_STEP_SUMMARY[0m
2025-06-14T04:19:28.0668596Z [36;1mecho "--- " >> $GITHUB_STEP_SUMMARY # Horizontal rule for separation[0m
2025-06-14T04:19:28.0669247Z [36;1mecho "**Note:** This summary provides an overview. For complete details, always refer to the downloaded artifact reports." >> $GITHUB_STEP_SUMMARY[0m
2025-06-14T04:19:28.0719684Z shell: /usr/bin/bash -e {0}
2025-06-14T04:19:28.0719905Z env:
2025-06-14T04:19:28.0720157Z   ACCESSIBILITY_CONFIG_PATH: .github/accessibility-config.yml
2025-06-14T04:19:28.0720565Z   DEFAULT_TARGET_URL: https://ncaa-d1-softball.netlify.app/
2025-06-14T04:19:28.0720879Z   NODE_VERSION: 20
2025-06-14T04:19:28.0721087Z   REPORT_DIR: accessibility-reports
2025-06-14T04:19:28.0721323Z ##[endgroup]
2025-06-14T04:19:28.0802651Z | Metric                        | Count | Status                                                              |
2025-06-14T04:19:28.0803404Z |-------------------------------|-------|---------------------------------------------------------------------|
2025-06-14T04:19:28.0805972Z /home/runner/work/_temp/3e2e44b3-4c16-4f8e-9043-e85dc3865091.sh: line 27: [: : integer expression expected
2025-06-14T04:19:28.0808103Z | **Total Accessibility Issues**  | **** | âš ï¸ Issues found   |
2025-06-14T04:19:28.0815578Z /home/runner/work/_temp/3e2e44b3-4c16-4f8e-9043-e85dc3865091.sh: line 29: Lighthouse: command not found
2025-06-14T04:19:28.0817352Z /home/runner/work/_temp/3e2e44b3-4c16-4f8e-9043-e85dc3865091.sh: line 29: [: : integer expression expected
2025-06-14T04:19:28.0819880Z /home/runner/work/_temp/3e2e44b3-4c16-4f8e-9043-e85dc3865091.sh: line 29: %: command not found
2025-06-14T04:19:28.0821133Z /home/runner/work/_temp/3e2e44b3-4c16-4f8e-9043-e85dc3865091.sh: line 29: echo: write error: Broken pipe
2025-06-14T04:19:28.1243282Z /home/runner/work/_temp/3e2e44b3-4c16-4f8e-9043-e85dc3865091.sh: line 29: [: : integer expression expected
2025-06-14T04:19:28.1262086Z /home/runner/work/_temp/3e2e44b3-4c16-4f8e-9043-e85dc3865091.sh: line 29: [: : integer expression expected
2025-06-14T04:19:28.1267594Z /home/runner/work/_temp/3e2e44b3-4c16-4f8e-9043-e85dc3865091.sh: line 29: ðŸ”´: command not found
2025-06-14T04:19:28.1270791Z | Tool                     | Total Issues | Critical Issues | Notes                                              |
2025-06-14T04:19:28.1271820Z |--------------------------|--------------|-----------------|----------------------------------------------------|
2025-06-14T04:19:28.1272735Z /home/runner/work/_temp/3e2e44b3-4c16-4f8e-9043-e85dc3865091.sh: line 62: syntax error near unexpected token `('
2025-06-14T04:19:28.1273892Z | Axe-core (WCAG)          |       |       | Automated WCAG compliance checks.                  |
2025-06-14T04:19:28.1276102Z ##[error]Process completed with exit code 2.
2025-06-14T04:19:28.1341135Z Post job cleanup.
2025-06-14T04:19:28.2267718Z [command]/usr/bin/git version
2025-06-14T04:19:28.2303874Z git version 2.49.0
2025-06-14T04:19:28.2345813Z Temporarily overriding HOME='/home/runner/work/_temp/bc157d77-3fac-47d5-a37f-5047588bdb05' before making global git config changes
2025-06-14T04:19:28.2346734Z Adding repository directory to the temporary git global config as a safe directory
2025-06-14T04:19:28.2358129Z [command]/usr/bin/git config --global --add safe.directory /home/runner/work/NCAA-D1-Softball-WebApp/NCAA-D1-Softball-WebApp
2025-06-14T04:19:28.2390386Z [command]/usr/bin/git config --local --name-only --get-regexp core\.sshCommand
2025-06-14T04:19:28.2422277Z [command]/usr/bin/git submodule foreach --recursive sh -c "git config --local --name-only --get-regexp 'core\.sshCommand' && git config --local --unset-all 'core.sshCommand' || :"
2025-06-14T04:19:28.2649202Z [command]/usr/bin/git config --local --name-only --get-regexp http\.https\:\/\/github\.com\/\.extraheader
2025-06-14T04:19:28.2671136Z http.https://github.com/.extraheader
2025-06-14T04:19:28.2688461Z [command]/usr/bin/git config --local --unset-all http.https://github.com/.extraheader
2025-06-14T04:19:28.2722572Z [command]/usr/bin/git submodule foreach --recursive sh -c "git config --local --name-only --get-regexp 'http\.https\:\/\/github\.com\/\.extraheader' && git config --local --unset-all 'http.https://github.com/.extraheader' || :"
2025-06-14T04:19:28.3078687Z Cleaning up orphan processes